--------- beginning of main
01-01 18:00:25.974   465   465 I SELinux : SELinux: Loaded service_contexts from:
01-01 18:00:25.992   465   465 I SELinux :     /vendor/etc/selinux/vndservice_contexts
01-01 18:00:25.992   463   463 I SELinux : SELinux: Loaded service_contexts from:
01-01 18:00:25.994   463   463 I SELinux :     /system/etc/selinux/plat_service_contexts
01-01 18:00:16.528   462   462 W auditd  : type=2000 audit(0.0:1): initialized
01-01 18:00:21.659   462   462 I auditd  : type=1403 audit(0.0:2): policy loaded auid=4294967295 ses=4294967295
01-01 18:00:21.679   462   462 W auditd  : type=1404 audit(0.0:3): enforcing=1 old_enforcing=0 auid=4294967295 ses=4294967295
01-01 18:00:25.709     1     1 W init    : type=1400 audit(0.0:4): avc: denied { associate } for name="light" dev="mmcblk0p27" ino=74 scontext=u:object_r:light_calibration:s0 tcontext=u:object_r:labeledfs:s0 tclass=filesystem permissive=0
01-01 18:00:26.069     1     1 W init    : type=1400 audit(0.0:5): avc: granted { open } for path="/dev/ipa" dev="tmpfs" ino=14527 scontext=u:r:init:s0 tcontext=u:object_r:ipa_dev:s0 tclass=chr_file
01-01 18:00:26.071   464   464 E hwservicemanager: BINDER_SET_INHERIT_FIFO_PRIO failed with error -1
01-01 18:00:26.106   471   471 D QSEECOMD: : qseecom listener services process entry PPID = 1
01-01 18:00:26.107   471   471 E QSEECOMD: : Listener: index = 0, hierarchy = 0
01-01 18:00:26.109   471   471 D QSEECOMD: : Init dlopen(librpmb.so, RTLD_NOW) succeeds
01-01 18:00:26.109   471   471 D QSEECOMD: : Init::Init dlsym(g_FSHandle rpmb_init_service) succeeds
01-01 18:00:26.110   471   471 I rpmb_emmc: RPMB Mult (512-bytes sector) = 8192, Rel_sec_cnt = 32
01-01 18:00:26.110   471   471 E DrmLibRpmb: rpmb_init succeeded! with ret = 0
01-01 18:00:26.110   471   471 D QSEECOMD: : Init rpmb_init_service ret = 0
01-01 18:00:26.110   471   471 D QSEECOMD: : RPMB system services: init (Listener ID = 8192)
01-01 18:00:26.110   471   471 E QSEECOMD: : Listener: index = 1, hierarchy = 0
01-01 18:00:26.111   471   471 D QSEECOMD: : Init dlopen(libssd.so, RTLD_NOW) succeeds
01-01 18:00:26.111   471   471 D QSEECOMD: : Init::Init dlsym(g_FSHandle ssd_init_service) succeeds
01-01 18:00:26.112   471   471 E SSD     : ssd_init_service succeeded!
01-01 18:00:26.112   471   471 D QSEECOMD: : Init ssd_init_service ret = 0
01-01 18:00:26.112   471   471 D QSEECOMD: : SSD system services: init (Listener ID = 12288)
01-01 18:00:26.112   471   471 E QSEECOMD: : Listener: index = 2, hierarchy = 0
01-01 18:00:26.149   471   471 D QSEECOMD: : Init dlopen(libsecureui.so, RTLD_NOW) succeeds
01-01 18:00:26.149   471   471 D QSEECOMD: : Init::Init dlsym(g_FSHandle secure_ui_init) succeeds
01-01 18:00:26.149   471   471 D QSEECOMD: : Init secure_ui_init ret = 0
01-01 18:00:26.149   471   471 D QSEECOMD: : secure UI services: init (Listener ID = 16384)
01-01 18:00:26.204   474   474 D vndksupport: Loading /vendor/lib64/hw/android.hardware.gatekeeper@1.0-impl-qti.so from current namespace instead of sphal namespace.
01-01 18:00:26.206   475   475 D vndksupport: Loading /vendor/lib64/hw/android.hardware.keymaster@3.0-impl-qti.so from current namespace instead of sphal namespace.
01-01 18:00:26.222   471   471 D QSEECOMD: : Parent qseecom daemon process paused!! 
01-01 18:00:26.222   477   477 D QSEECOMD: : qseecom listener service threads starting!!! 
01-01 18:00:26.222   477   477 D QSEECOMD: : Total listener services to start = 9
01-01 18:00:26.222   477   477 E QSEECOMD: : Listener: index = 0, hierarchy = 1
01-01 18:00:26.223   477   477 D QSEECOMD: : Init dlopen(librpmb.so, RTLD_NOW) succeeds
01-01 18:00:26.223   477   477 D QSEECOMD: : Init::Init dlsym(g_FSHandle rpmb_start) succeeds
01-01 18:00:26.223   477   477 D QSEECOMAPI: QSEECom_register_listener 8192 sb_length = 0x6400
01-01 18:00:26.248   477   477 D QSEECOMD: : Init rpmb_start ret = 0
01-01 18:00:26.248   477   477 D QSEECOMD: : RPMB system services: Started (Listener ID = 8192)
01-01 18:00:26.248   477   477 E QSEECOMD: : Listener: index = 1, hierarchy = 1
01-01 18:00:26.248   477   477 D QSEECOMD: : Init dlopen(libssd.so, RTLD_NOW) succeeds
01-01 18:00:26.248   477   477 D QSEECOMD: : Init::Init dlsym(g_FSHandle ssd_start) succeeds
01-01 18:00:26.248   477   477 D QSEECOMAPI: QSEECom_register_listener 12288 sb_length = 0x5000
--------- beginning of system
01-01 18:00:26.255   476   476 I vold    : Vold 3.0 (the awakening) firing up
01-01 18:00:26.256   476   476 V vold    : Detected support for: exfat ext4 ntfs vfat
01-01 18:00:26.257   477   477 D QSEECOMD: : Init ssd_start ret = 0
01-01 18:00:26.257   477   477 D QSEECOMD: : SSD system services: Started (Listener ID = 12288)
01-01 18:00:26.257   477   477 E QSEECOMD: : Listener: index = 2, hierarchy = 1
01-01 18:00:26.257   477   477 D QSEECOMD: : Init dlopen(libsecureui.so, RTLD_NOW) succeeds
01-01 18:00:26.257   477   477 D QSEECOMD: : Init::Init dlsym(g_FSHandle secure_ui_start) succeeds
01-01 18:00:26.258   477   477 D QSEECOMAPI: QSEECom_register_listener 16384 sb_length = 0x10a8
01-01 18:00:26.266   477   477 D QSEECOMD: : Init secure_ui_start ret = 0
01-01 18:00:26.266   477   477 D QSEECOMD: : secure UI services: Started (Listener ID = 16384)
01-01 18:00:26.266   477   477 E QSEECOMD: : Listener: index = 3, hierarchy = 1
01-01 18:00:26.268   476   483 D vold    : e4crypt_init_user0
01-01 18:00:26.268   476   483 D vold    : e4crypt_prepare_user_storage for volume null, user 0, serial 0, flags 1
01-01 18:00:26.269   476   483 D vold    : Preparing: /data/system/users/0
01-01 18:00:26.269   476   483 D vold    : Preparing: /data/misc/profiles/cur/0
01-01 18:00:26.269   476   483 D vold    : Preparing: /data/system_de/0
01-01 18:00:26.270   476   483 D vold    : Preparing: /data/misc_de/0
01-01 18:00:26.270   476   483 D vold    : Preparing: /data/user_de/0
01-01 18:00:26.270   477   477 D QSEECOMD: : Init dlopen(libdrmtime.so, RTLD_NOW) succeeds
01-01 18:00:26.270   476   483 D vold    : e4crypt_unlock_user_key 0 serial=0 token_present=0
01-01 18:00:26.270   477   477 D QSEECOMD: : Init::Init dlsym(g_FSHandle atime_start) succeeds
01-01 18:00:26.270   477   477 D DrmLibTime: QSEE Time Listener: atime_start
01-01 18:00:26.270   476   483 E vold    : Failed to chmod /data/system_ce/0: No such file or directory
01-01 18:00:26.270   477   477 D QSEECOMAPI: QSEECom_register_listener 11 sb_length = 0x5000
01-01 18:00:26.270   476   483 E vold    : Failed to chmod /data/misc_ce/0: No such file or directory
01-01 18:00:26.270   476   483 E vold    : Failed to chmod /data/media/0: No such file or directory
01-01 18:00:26.273   477   477 D DrmLibTime: registering fs service to QSEECom is done!
01-01 18:00:26.273   477   477 D DrmLibTime: begin to create a thread!
01-01 18:00:26.273   477   477 D DrmLibTime: Creating a pthread in atime_start is done! return 0
01-01 18:00:26.273   477   477 D QSEECOMD: : Init atime_start ret = 0
01-01 18:00:26.273   477   477 D QSEECOMD: : time services: Started (Listener ID = 11)
01-01 18:00:26.273   477   485 D DrmLibTime: QSEE Time Listener: dispatch
01-01 18:00:26.273   477   477 E QSEECOMD: : Listener: index = 4, hierarchy = 1
01-01 18:00:26.273   477   485 D DrmLibTime: before calling ioctl to read the next time_cmd
01-01 18:00:26.273   477   477 D QSEECOMD: : Init dlopen(libdrmfs.so, RTLD_NOW) succeeds
01-01 18:00:26.273   477   477 D QSEECOMD: : Init::Init dlsym(g_FSHandle fs_start) succeeds
01-01 18:00:26.273   477   477 D QSEECOMAPI: QSEECom_register_listener 10 sb_length = 0x5000
01-01 18:00:26.275   477   477 D QSEECOMD: : Init fs_start ret = 0
01-01 18:00:26.275   477   477 D QSEECOMD: : file system services: Started (Listener ID = 10)
01-01 18:00:26.275   477   477 E QSEECOMD: : Listener: index = 5, hierarchy = 1
01-01 18:00:26.275   477   477 D QSEECOMD: : Init dlopen(libdrmfs.so, RTLD_NOW) succeeds
01-01 18:00:26.275   477   477 D QSEECOMD: : Init::Init dlsym(g_FSHandle gpfs_start) succeeds
01-01 18:00:26.275   477   477 D QSEECOMAPI: QSEECom_register_listener 28672 sb_length = 0x7e000
01-01 18:00:26.279   477   477 D QSEECOMD: : Init gpfs_start ret = 0
01-01 18:00:26.279   477   477 D QSEECOMD: : gpfile system services: Started (Listener ID = 28672)
01-01 18:00:26.279   477   477 E QSEECOMD: : Listener: index = 6, hierarchy = 1
01-01 18:00:26.285   477   477 D QSEECOMD: : Init dlopen(libqisl.so, RTLD_NOW) succeeds
01-01 18:00:26.285   477   477 D QSEECOMD: : Init::Init dlsym(g_FSHandle qisl_start) succeeds
01-01 18:00:26.285   477   488 I QISL    : QSEE Interrupt Service Listener Thread is started
01-01 18:00:26.286   477   488 D QSEECOMAPI: QSEECom_register_listener 36864 sb_length = 0x1f4
01-01 18:00:26.289   477   488 I QISL    : QSEE Interrupt Service Listener was activated successfully
01-01 18:00:26.289   477   477 D QSEECOMD: : Init qisl_start ret = 0
01-01 18:00:26.289   477   477 D QSEECOMD: : interrupt services: Started (Listener ID = 36864)
01-01 18:00:26.289   477   477 E QSEECOMD: : Listener: index = 7, hierarchy = 1
01-01 18:00:26.290   477   477 E QSEECOMD: : Init dlopen(libspl.so, RLTD_NOW) is failed.... dlopen failed: library "libspl.so" not found
01-01 18:00:26.290   477   477 E QSEECOMD: : Listener: index = 8, hierarchy = 1
01-01 18:00:26.294   477   477 D QSEECOMD: : Init dlopen(libGPreqcancel.so, RTLD_NOW) succeeds
01-01 18:00:26.294   477   477 D QSEECOMD: : Init::Init dlsym(g_FSHandle gp_reqcancel_start) succeeds
01-01 18:00:26.294   477   477 D QSEECOMAPI: QSEECom_register_listener 4352 sb_length = 0x5000
01-01 18:00:26.296   477   477 D QSEECOMD: : Init gp_reqcancel_start ret = 0
01-01 18:00:26.296   477   477 D QSEECOMD: : gp request cancellation services: Started (Listener ID = 4352)
01-01 18:00:26.350   477   477 D QSEECOMD: : QSEECOM DAEMON RUNNING 
01-01 18:00:26.390   490   490 I /system/bin/tzdatacheck: timezone distro dir /data/misc/zoneinfo/current does not exist. No action required.
01-01 18:00:26.416   475   475 D QSEECOMAPI: QSEECom_get_handle sb_length = 0xa000
01-01 18:00:26.417   475   475 D QSEECOMAPI: App is not loaded in QSEE
01-01 18:00:26.425   474   474 D QSEECOMAPI: QSEECom_get_handle sb_length = 0xa000
01-01 18:00:26.425   475   475 E QSEECOMAPI: Error::Cannot open the file /firmware/image/keymaster.mdt errno = 2
01-01 18:00:26.425   475   475 E QSEECOMAPI: Error::Loading image failed with ret = -1
01-01 18:00:26.425   474   474 D QSEECOMAPI: App is not loaded in QSEE
01-01 18:00:26.425   475   475 D QSEECOMAPI: QSEECom_get_handle sb_length = 0xa000
01-01 18:00:26.425   474   474 E QSEECOMAPI: Error::Cannot open the file /firmware/image/keymaster.mdt errno = 2
01-01 18:00:26.425   474   474 E QSEECOMAPI: Error::Loading image failed with ret = -1
01-01 18:00:26.425   475   475 D QSEECOMAPI: App is already loaded QSEE and app id = 65537
01-01 18:00:26.425   474   474 D QSEECOMAPI: QSEECom_get_handle sb_length = 0xa000
01-01 18:00:26.425   474   474 D QSEECOMAPI: App is already loaded QSEE and app id = 65537
01-01 18:00:26.433   477   479 E rpmb_emmc: ----------------------------rpmb_emmc_read-----------------------------
01-01 18:00:26.437   475   475 E KeymasterUtils: TA API Major Verion: 3
01-01 18:00:26.437   475   475 E KeymasterUtils: TA API Minor Verion: 0
01-01 18:00:26.437   475   475 E KeymasterUtils: TA Major Verion: 3
01-01 18:00:26.437   475   475 E KeymasterUtils: TA Minor Verion: 120
01-01 18:00:26.438   477   479 E rpmb_emmc: ----------------------------rpmb_emmc_read-----------------------------
01-01 18:00:26.442   474   474 E KeymasterUtils: TA API Major Verion: 3
01-01 18:00:26.442   474   474 E KeymasterUtils: TA API Minor Verion: 0
01-01 18:00:26.442   474   474 E KeymasterUtils: TA Major Verion: 3
01-01 18:00:26.442   474   474 E KeymasterUtils: TA Minor Verion: 120
01-01 18:00:26.443   477   479 E rpmb_emmc: ----------------------------rpmb_emmc_read-----------------------------
01-01 18:00:26.447   477   479 E rpmb_emmc: ----------------------------rpmb_emmc_read-----------------------------
01-01 18:00:26.452   474   474 I ServiceManagement: Removing namespace from process name android.hardware.gatekeeper@1.0-service-qti to gatekeeper@1.0-.
01-01 18:00:26.453   475   475 I ServiceManagement: Removing namespace from process name android.hardware.keymaster@3.0-service-qti to keymaster@3.0-s.
01-01 18:00:26.454   474   474 I android.hardware.gatekeeper@1.0-service: Registration complete for android.hardware.gatekeeper@1.0::IGatekeeper/default.
01-01 18:00:26.455   475   475 I android.hardware.keymaster@3.0-service: Registration complete for android.hardware.keymaster@3.0::IKeymasterDevice/default.
01-01 18:00:26.825   499   499 I BOOT    : MSM target '', SoC 'MTP', HwID '338', SoC ver '65536'
01-01 18:00:26.851   500   500 W DRM_BOOT: file: '/sys/module/drm/parameters/vblankoffdelay' or perms doesn't exist
01-01 18:00:27.138   528   528 W libc    : Unable to set property "ro.sf.lcd_density" to "480": error code: 0xb
01-01 18:00:28.069   577   577 I ServiceManagement: Removing namespace from process name android.hidl.allocator@1.0-service to allocator@1.0-s.
01-01 18:00:28.152   587   587 D vndksupport: Loading /vendor/lib64/hw/android.hardware.health@1.0-impl.so from current namespace instead of sphal namespace.
01-01 18:00:28.157   588   588 D vndksupport: Loading /vendor/lib64/hw/android.hardware.light@2.0-impl.so from current namespace instead of sphal namespace.
01-01 18:00:28.161   579   579 I android.hardware.bluetooth@1.0-service: registering BT & FM services
01-01 18:00:28.165   579   579 D vndksupport: Loading /vendor/lib64/hw/android.hardware.bluetooth@1.0-impl-qti.so from current namespace instead of sphal namespace.
01-01 18:00:28.178   607   607 I irsc_util: Starting irsc tool
01-01 18:00:28.192   607   607 I irsc_util: Num of entries:292
01-01 18:00:28.198   607   607 I irsc_util: Ending irsc tool
01-01 18:00:28.252   592   592 D vndksupport: Loading /vendor/lib64/hw/android.hardware.thermal@1.0-impl.so from current namespace instead of sphal namespace.
01-01 18:00:28.252   599   599 D vndksupport: Loading /vendor/lib64/hw/vendor.qti.hardware.alarm@1.0-impl.so from current namespace instead of sphal namespace.
01-01 18:00:28.256   593   593 D vndksupport: Loading /vendor/lib64/hw/android.hardware.vibrator@1.0-impl.so from current namespace instead of sphal namespace.
01-01 18:00:28.257   591   591 D vndksupport: Loading /vendor/lib64/hw/android.hardware.sensors@1.0-impl.so from current namespace instead of sphal namespace.
01-01 18:00:28.263   589   589 D vndksupport: Loading /vendor/lib64/hw/android.hardware.memtrack@1.0-impl.so from current namespace instead of sphal namespace.
01-01 18:00:28.269   604   604 D         : tui_comm: svc service starting :)
01-01 18:00:28.270   604   604 I ServiceManagement: Removing namespace from process name vendor.qti.hardware.tui_comm@1.0-service-qti to tui_comm@1.0-se.
01-01 18:00:28.273   604   604 E         : Registered ITuiComm HAL service success!
01-01 18:00:28.300   587   587 I ServiceManagement: Removing namespace from process name android.hardware.health@1.0-service to health@1.0-serv.
01-01 18:00:28.302   587   587 I android.hardware.health@1.0-service: Registration complete for android.hardware.health@1.0::IHealth/default.
01-01 18:00:28.305   605   605 E /system/bin/healthd: Could not unregister service notification for android.hardware.health@1.0::IHealth/default.
01-01 18:00:28.308   588   588 D vndksupport: Loading /vendor/lib64/hw/lights.msm8953.so from current namespace instead of sphal namespace.
01-01 18:00:28.325   464   464 W /system/bin/hwservicemanager: getTransport: Cannot find entry vendor.qti.hardware.factory@1.0::IFactory/default in either framework or device manifest.
01-01 18:00:28.329   597   597 D vendor.qti.esepowermanager@1.0-service: loading eseservice
01-01 18:00:28.329   597   597 D QSEECOMAPI: QSEECom_get_handle sb_length = 0x400
01-01 18:00:28.330   597   597 D QSEECOMAPI: App is not loaded in QSEE
01-01 18:00:28.330   597   597 E QSEECOMAPI: Error::Cannot open the file /firmware/image/eseservice.mdt errno = 2
01-01 18:00:28.330   597   597 E QSEECOMAPI: Error::Loading image failed with ret = -1
01-01 18:00:28.330   597   597 D vendor.qti.esepowermanager@1.0-service: loading eseservice failed
01-01 18:00:28.330   597   597 D vendor.qti.esepowermanager@1.0-service: eSEPowerManager is starting
01-01 18:00:28.332   600   600 D vndksupport: Loading /vendor/lib64/hw/vendor.qti.hardware.factory@1.0-impl.so from current namespace instead of sphal namespace.
01-01 18:00:28.335   603   603 D vndksupport: Loading /vendor/lib64/hw/vendor.qti.hardware.qteeconnector@1.0-impl.so from current namespace instead of sphal namespace.
01-01 18:00:28.342   597   597 D vndksupport: Loading /vendor/lib64/hw/vendor.qti.esepowermanager@1.0-impl.so from current namespace instead of sphal namespace.
01-01 18:00:28.353   589   589 D vndksupport: Loading /vendor/lib64/hw/memtrack.msm8953.so from current namespace instead of sphal namespace.
01-01 18:00:28.358   583   583 D android.hardware.drm@1.0-service: android.hardware.drm@1.0-service starting...
01-01 18:00:28.361   592   592 D vndksupport: Loading /vendor/lib64/hw/thermal.msm8953.so from current namespace instead of sphal namespace.
01-01 18:00:28.362   589   589 I ServiceManagement: Removing namespace from process name android.hardware.memtrack@1.0-service to memtrack@1.0-se.
01-01 18:00:28.364   593   593 D vndksupport: Loading /vendor/lib64/hw/vibrator.default.so from current namespace instead of sphal namespace.
01-01 18:00:28.366   600   600 I vendor.qti.hardware.factory@1.0-impl: start to HIDL_FETCH_IFactory
01-01 18:00:28.366   600   600 E vendor.qti.hardware.factory@1.0-impl: Start mmid time:10
01-01 18:00:28.366   593   593 D         : Vibrator using timed_output
01-01 18:00:28.366   589   589 I android.hardware.memtrack@1.0-service: Registration complete for android.hardware.memtrack@1.0::IMemtrack/default.
01-01 18:00:28.367   599   599 I ServiceManagement: Removing namespace from process name vendor.qti.hardware.alarm@1.0-service to alarm@1.0-servi.
01-01 18:00:28.368   593   593 I ServiceManagement: Removing namespace from process name android.hardware.vibrator@1.0-service to vibrator@1.0-se.
01-01 18:00:28.368   580   580 I android.hardware.camera.provider@2.4-service: Camera provider Service is starting.
01-01 18:00:28.369   622   622 W mkdir   : type=1400 audit(0.0:6): avc: denied { write } for name="sensors" dev="mmcblk0p27" ino=18 scontext=u:r:qti_init_shell:s0 tcontext=u:object_r:sensors_persist_file:s0 tclass=dir permissive=0
01-01 18:00:28.379   623   623 I getprop : type=1400 audit(0.0:7): avc: denied { read } for name="u:object_r:coresight_prop:s0" dev="tmpfs" ino=13739 scontext=u:r:vendor-qti-testscripts:s0 tcontext=u:object_r:coresight_prop:s0 tclass=file permissive=1
01-01 18:00:28.379   623   623 I getprop : type=1400 audit(0.0:8): avc: denied { open } for path="/dev/__properties__/u:object_r:coresight_prop:s0" dev="tmpfs" ino=13739 scontext=u:r:vendor-qti-testscripts:s0 tcontext=u:object_r:coresight_prop:s0 tclass=file permissive=1
01-01 18:00:28.379   623   623 I getprop : type=1400 audit(0.0:9): avc: denied { getattr } for path="/dev/__properties__/u:object_r:coresight_prop:s0" dev="tmpfs" ino=13739 scontext=u:r:vendor-qti-testscripts:s0 tcontext=u:object_r:coresight_prop:s0 tclass=file permissive=1
01-01 18:00:28.380   613   613 I lowmemorykiller: Using in-kernel low memory killer interface
01-01 18:00:28.382   581   581 D android.hardware.cas@1.0-service: android.hardware.cas@1.0-service starting...
01-01 18:00:28.383   581   581 I ServiceManagement: Removing namespace from process name android.hardware.cas@1.0-service to cas@1.0-service.
01-01 18:00:28.384   582   582 W /vendor/bin/hw/android.hardware.configstore@1.0-service: libminijail[582]: allowing syscall: connect
01-01 18:00:28.384   582   582 W /vendor/bin/hw/android.hardware.configstore@1.0-service: libminijail[582]: allowing syscall: fcntl
01-01 18:00:28.385   582   582 W /vendor/bin/hw/android.hardware.configstore@1.0-service: libminijail[582]: allowing syscall: sendto
01-01 18:00:28.385   582   582 W /vendor/bin/hw/android.hardware.configstore@1.0-service: libminijail[582]: allowing syscall: socket
01-01 18:00:28.385   582   582 W /vendor/bin/hw/android.hardware.configstore@1.0-service: libminijail[582]: allowing syscall: writev
01-01 18:00:28.389   582   582 W /vendor/bin/hw/android.hardware.configstore@1.0-service: libminijail[582]: logging seccomp filter failures
01-01 18:00:28.391   582   582 I ServiceManagement: Removing namespace from process name android.hardware.configstore@1.0-service to configstore@1.0.
01-01 18:00:28.392   584   584 D android.hardware.drm@1.0-service.widevine: android.hardware.drm@1.0-service.widevine starting...
01-01 18:00:28.393   584   584 I ServiceManagement: Removing namespace from process name android.hardware.drm@1.0-service.widevine to drm@1.0-service.
01-01 18:00:28.406   599   599 I         : Registration complete for vendor.qti.hardware.alarm@1.0::IAlarm/default.
01-01 18:00:28.408   593   593 I android.hardware.vibrator@1.0-service: Registration complete for android.hardware.vibrator@1.0::IVibrator/default.
01-01 18:00:28.408   609   609 I tftp_server: Starting...
01-01 18:00:28.409   597   597 I ServiceManagement: Removing namespace from process name vendor.qti.esepowermanager@1.0-service to esepowermanager.
01-01 18:00:28.411   592   592 I ServiceManagement: Removing namespace from process name android.hardware.thermal@1.0-service to thermal@1.0-ser.
01-01 18:00:28.431   608   608 I rmt_storage: Shared memory initialised successfully.
01-01 18:00:28.432   586   586 D vndksupport: Loading /vendor/lib64/hw/android.hardware.graphics.composer@2.1-impl.so from current namespace instead of sphal namespace.
01-01 18:00:28.434   608   608 I rmt_storage: Registering modemst1: 0x4a /boot/modem_fs1
01-01 18:00:28.434   608   608 I rmt_storage: Registering modemst2: 0x4b /boot/modem_fs2
01-01 18:00:28.434   608   608 I rmt_storage: Registering fsc: 0xff /boot/modem_fsc
01-01 18:00:28.435   608   608 I rmt_storage: Registering fsg: 0x58 /boot/modem_fsg
01-01 18:00:28.435   608   608 I rmt_storage: 4 GPT partitions found
01-01 18:00:28.435   608   608 I rmt_storage: Capset success!
01-01 18:00:28.435   579   579 E vendor.qti.bluetooth@1.0-bluetooth_address: CMD result: 1
01-01 18:00:28.436   609   609 I tftp_server: pid=609 tid=609 tftp-server : INF :[tftp_os_la.c, 121] mkdir failed: [2] [/data/vendor/tombstones/rfs/modem] [No such file or directory]
01-01 18:00:28.436   609   609 I tftp_server: pid=609 tid=609 tftp-server : INF :[tftp_os_la.c, 141] chown failed: [2] [/data/vendor/tombstones/rfs/modem] [No such file or directory]
01-01 18:00:28.436   609   609 I tftp_server: pid=609 tid=609 tftp-server : INF :[tftp_os_la.c, 149] chown gid failed: [2] [/data/vendor/tombstones/rfs/modem] [No such file or directory]
01-01 18:00:28.436   609   609 I tftp_server: pid=609 tid=609 tftp-server : INF :[tftp_os_la.c, 121] mkdir failed: [17] [/data/vendor/tombstones/rfs/modem/] [File exists]
01-01 18:00:28.436   609   609 I tftp_server: pid=609 tid=609 tftp-server : INF :[tftp_os_la.c, 121] mkdir failed: [17] [/data/vendor/tombstones/rfs/lpass/] [File exists]
01-01 18:00:28.437   609   609 I tftp_server: pid=609 tid=609 tftp-server : INF :[tftp_os_la.c, 121] mkdir failed: [17] [/data/vendor/tombstones/rfs/tn/] [File exists]
01-01 18:00:28.437   580   580 D vndksupport: Loading /vendor/lib/hw/android.hardware.camera.provider@2.4-impl.so from current namespace instead of sphal namespace.
01-01 18:00:28.437   609   609 I tftp_server: pid=609 tid=609 tftp-server : INF :[tftp_os_la.c, 121] mkdir failed: [17] [/data/vendor/tombstones/rfs/slpi/] [File exists]
01-01 18:00:28.437   609   609 I tftp_server: pid=609 tid=609 tftp-server : INF :[tftp_os_la.c, 121] mkdir failed: [17] [/persist/rfs/shared] [File exists]
01-01 18:00:28.437   609   609 I tftp_server: pid=609 tid=609 tftp-server : INF :[tftp_os_la.c, 121] mkdir failed: [17] [/persist/rfs/shared/] [File exists]
01-01 18:00:28.437   609   609 I tftp_server: pid=609 tid=609 tftp-server : INF :[tftp_os_la.c, 121] mkdir failed: [17] [/persist/rfs/msm/mpss] [File exists]
01-01 18:00:28.437   609   609 I tftp_server: pid=609 tid=609 tftp-server : INF :[tftp_os_la.c, 121] mkdir failed: [17] [/persist/rfs/msm/mpss/] [File exists]
01-01 18:00:28.437   609   609 I tftp_server: pid=609 tid=609 tftp-server : INF :[tftp_os_la.c, 121] mkdir failed: [17] [/persist/rfs/msm/adsp] [File exists]
01-01 18:00:28.437   609   609 I tftp_server: pid=609 tid=609 tftp-server : INF :[tftp_os_la.c, 121] mkdir failed: [17] [/persist/rfs/msm/adsp/] [File exists]
01-01 18:00:28.437   609   609 I tftp_server: pid=609 tid=609 tftp-server : INF :[tftp_os_la.c, 121] mkdir failed: [17] [/persist/rfs/msm/slpi] [File exists]
01-01 18:00:28.437   609   609 I tftp_server: pid=609 tid=609 tftp-server : INF :[tftp_os_la.c, 121] mkdir failed: [17] [/persist/rfs/msm/slpi/] [File exists]
01-01 18:00:28.437   609   609 I tftp_server: pid=609 tid=609 tftp-server : INF :[tftp_os_la.c, 121] mkdir failed: [17] [/persist/rfs/mdm/mpss] [File exists]
01-01 18:00:28.437   609   609 I tftp_server: pid=609 tid=609 tftp-server : INF :[tftp_os_la.c, 121] mkdir failed: [17] [/persist/rfs/mdm/mpss/] [File exists]
01-01 18:00:28.437   609   609 I tftp_server: pid=609 tid=609 tftp-server : INF :[tftp_os_la.c, 121] mkdir failed: [17] [/persist/rfs/mdm/adsp] [File exists]
01-01 18:00:28.437   609   609 I tftp_server: pid=609 tid=609 tftp-server : INF :[tftp_os_la.c, 121] mkdir failed: [17] [/persist/rfs/mdm/adsp/] [File exists]
01-01 18:00:28.437   609   609 I tftp_server: pid=609 tid=609 tftp-server : INF :[tftp_os_la.c, 121] mkdir failed: [17] [/persist/rfs/mdm/slpi] [File exists]
01-01 18:00:28.437   609   609 I tftp_server: pid=609 tid=609 tftp-server : INF :[tftp_os_la.c, 121] mkdir failed: [17] [/persist/rfs/mdm/slpi/] [File exists]
01-01 18:00:28.437   609   609 I tftp_server: pid=609 tid=609 tftp-server : INF :[tftp_os_la.c, 121] mkdir failed: [17] [/persist/rfs/mdm/tn] [File exists]
01-01 18:00:28.437   609   609 I tftp_server: pid=609 tid=609 tftp-server : INF :[tftp_os_la.c, 121] mkdir failed: [17] [/persist/rfs/mdm/tn/] [File exists]
01-01 18:00:28.438   609   609 I tftp_server: pid=609 tid=609 tftp-server : INF :[tftp_os_la.c, 121] mkdir failed: [17] [/persist/rfs/apq/gnss] [File exists]
01-01 18:00:28.438   609   609 I tftp_server: pid=609 tid=609 tftp-server : INF :[tftp_os_la.c, 121] mkdir failed: [17] [/persist/rfs/apq/gnss/] [File exists]
01-01 18:00:28.438   609   609 I tftp_server: pid=609 tid=609 tftp-server : INF :[tftp_os_la.c, 121] mkdir failed: [17] [/persist/hlos_rfs/shared] [File exists]
01-01 18:00:28.438   609   609 I tftp_server: pid=609 tid=609 tftp-server : INF :[tftp_os_la.c, 121] mkdir failed: [17] [/persist/hlos_rfs/shared/] [File exists]
01-01 18:00:28.439   583   583 D vndksupport: Loading /vendor/lib/hw/android.hardware.drm@1.0-impl.so from current namespace instead of sphal namespace.
01-01 18:00:28.444   586   586 D vndksupport: Loading /vendor/lib64/hw/hwcomposer.msm8953.so from current namespace instead of sphal namespace.
01-01 18:00:28.456   579   579 E QMI_FW  : QMUXD: WARNING qmi_qmux_if_pwr_up_init failed! rc=-6
01-01 18:00:28.460   584   584 I ServiceManagement: Removing namespace from process name android.hardware.drm@1.0-service.widevine to drm@1.0-service.
01-01 18:00:28.462   597   597 I vendor.qti.esepowermanager@1.0-service: Registration complete for vendor.qti.esepowermanager@1.0::IEsePowerManager/default.
01-01 18:00:28.462   590   590 D vndksupport: Loading /vendor/lib64/hw/android.hardware.power@1.0-impl.so from current namespace instead of sphal namespace.
01-01 18:00:28.463   588   588 D vndksupport: Loading /vendor/lib64/hw/lights.msm8953.so from current namespace instead of sphal namespace.
01-01 18:00:28.463   588   588 E light   : light_open lights keyboard failed: -22
01-01 18:00:28.463   588   588 E light   : Light passthrough failed to load legacy HAL.
01-01 18:00:28.464   588   588 D vndksupport: Loading /vendor/lib64/hw/lights.msm8953.so from current namespace instead of sphal namespace.
01-01 18:00:28.464   588   588 E light   : light_open lights buttons failed: -22
01-01 18:00:28.464   588   588 E light   : Light passthrough failed to load legacy HAL.
01-01 18:00:28.464   588   588 D vndksupport: Loading /vendor/lib64/hw/lights.msm8953.so from current namespace instead of sphal namespace.
01-01 18:00:28.465   588   588 I chatty  : uid=1000(system) light@2.0-servi identical 1 line
01-01 18:00:28.466   588   588 D vndksupport: Loading /vendor/lib64/hw/lights.msm8953.so from current namespace instead of sphal namespace.
01-01 18:00:28.469   590   590 D vndksupport: Loading /vendor/lib64/hw/power.qcom.so from current namespace instead of sphal namespace.
01-01 18:00:28.472   579   579 E vendor.qti.bluetooth@1.0-bluetooth_address: QmiDmsInit :Error while Initializing qmi_client_init_instance: -3
01-01 18:00:28.472   579   579 E vendor.qti.bluetooth@1.0-bluetooth_address: GetLocalAddress: QMI initialization failed in 1 try...
01-01 18:00:28.479   588   588 D vndksupport: Loading /vendor/lib64/hw/lights.msm8953.so from current namespace instead of sphal namespace.
01-01 18:00:28.480   592   592 I android.hardware.thermal@1.0-service: Registration complete for android.hardware.thermal@1.0::IThermal/default.
01-01 18:00:28.484   588   588 E light   : light_open lights bluetooth failed: -22
01-01 18:00:28.485   588   588 E light   : Light passthrough failed to load legacy HAL.
01-01 18:00:28.485   588   588 D vndksupport: Loading /vendor/lib64/hw/lights.msm8953.so from current namespace instead of sphal namespace.
01-01 18:00:28.485   588   588 E light   : light_open lights wifi failed: -22
01-01 18:00:28.486   588   588 E light   : Light passthrough failed to load legacy HAL.
01-01 18:00:28.486   603   603 I ServiceManagement: Removing namespace from process name vendor.qti.hardware.qteeconnector@1.0-service to qteeconnector@1.
01-01 18:00:28.486   585   585 D vndksupport: Loading /vendor/lib64/hw/android.hardware.graphics.allocator@2.0-impl.so from current namespace instead of sphal namespace.
01-01 18:00:28.493   585   585 D vndksupport: Loading /vendor/lib64/hw/gralloc.msm8953.so from current namespace instead of sphal namespace.
01-01 18:00:28.495   601   601 I ServiceManagement: Removing namespace from process name vendor.qti.hardware.perf@1.0-service to perf@1.0-servic.
01-01 18:00:28.502   464   464 W /system/bin/hwservicemanager: getTransport: Cannot find entry android.hardware.thermal@1.1::IThermal/default in either framework or device manifest.
01-01 18:00:28.504   588   588 I ServiceManagement: Removing namespace from process name android.hardware.light@2.0-service to light@2.0-servi.
01-01 18:00:28.504   615   615 W thermalserviced: Unable to get Thermal HAL V1.1, vendor thermal event notification not available
01-01 18:00:28.525   598   598 I LocSvc_HIDL_vendor.qti.gnss@1.0-service: main
01-01 18:00:28.534   588   588 I android.hardware.light@2.0-service: Registration complete for android.hardware.light@2.0::ILight/default.
01-01 18:00:28.535   585   585 I ServiceManagement: Removing namespace from process name android.hardware.graphics.allocator@2.0-service to allocator@2.0-s.
01-01 18:00:28.535   601   601 E vendor.qti.hardware.perf@1.0-service: Registered IPerf HAL service success!
01-01 18:00:28.536   603   603 D vndksupport: Loading /vendor/lib64/hw/vendor.qti.hardware.qteeconnector@1.0-impl.so from current namespace instead of sphal namespace.
01-01 18:00:28.539   598   598 D vndksupport: Loading /vendor/lib64/hw/android.hardware.gnss@1.0-impl-qti.so from current namespace instead of sphal namespace.
01-01 18:00:28.546   583   583 W ADebug  : Failed to get property persist.sys.media.traces
01-01 18:00:28.550   585   585 I android.hardware.graphics.allocator@2.0-service: Registration complete for android.hardware.graphics.allocator@2.0::IAllocator/default.
01-01 18:00:28.551   603   603 I ServiceManagement: Removing namespace from process name vendor.qti.hardware.qteeconnector@1.0-service to qteeconnector@1.
01-01 18:00:28.553   580   580 D vndksupport: Loading /vendor/lib/hw/camera.msm8953.so from current namespace instead of sphal namespace.
01-01 18:00:28.565   595   595 I ServiceManagement: Removing namespace from process name vendor.display.color@1.0-service to color@1.0-servi.
01-01 18:00:28.573   578   578 D vndksupport: Loading /vendor/lib/hw/android.hardware.audio@2.0-impl.so from current namespace instead of sphal namespace.
01-01 18:00:28.586   611   611 I PerMgrSrv: Adding entry for modem : offTimeout : 500 ackTimeout : 200
01-01 18:00:28.590   635   635 I mmid    : mmi daemon start, enjoy!!!!
01-01 18:00:28.591   635   635 I mmid    : mmi daemon create threads!
01-01 18:00:28.591   635   635 I mmid    : start create threads
01-01 18:00:28.591   635   635 D mmid    : create accepting thread(thread id=536927335664) for accepting client connection
01-01 18:00:28.591   635   635 D mmid    : create waiting thread(thread id=536926299376) for waiting msg
01-01 18:00:28.591   590   590 I QCOM PowerHAL: QCOM power HAL initing.
01-01 18:00:28.591   635   635 D mmid    : create handle thread(thread id=536925263088) for handle msg
01-01 18:00:28.598   602   602 D         : QdutilsDisp: svc service starting :)
01-01 18:00:28.601   598   598 I LocSvc_HIDL_vendor.qti.gnss@1.0-service: Registration complete for android.hardware.gnss@1.0::IGnss/default.
01-01 18:00:28.602   590   590 I ServiceManagement: Removing namespace from process name android.hardware.power@1.0-service to power@1.0-servi.
01-01 18:00:28.602   598   598 D vndksupport: Loading /vendor/lib64/hw/vendor.qti.gnss@1.0-impl.so from current namespace instead of sphal namespace.
01-01 18:00:28.610   602   602 I ServiceManagement: Removing namespace from process name vendor.qti.hardware.qdutils_disp@1.0-service-qti to qdutils_disp@1..
01-01 18:00:28.615   476   483 D VoldCryptCmdListener: cryptfs mountdefaultencrypted
01-01 18:00:28.619   611   611 W pm-service: type=1400 audit(0.0:10): avc: denied { net_raw } for capability=13 scontext=u:r:per_mgr:s0 tcontext=u:r:per_mgr:s0 tclass=capability permissive=0
01-01 18:00:28.620   590   590 I android.hardware.power@1.0-service: Registration complete for android.hardware.power@1.0::IPower/default.
01-01 18:00:28.620   645   645 E PerMgrProxy: Starting pm-proxy service
01-01 18:00:28.622   602   602 E         : Registered IQdutilsDisp HAL service success!
01-01 18:00:28.631   611   611 I PerMgrSrv: Peripheral Mananager service start
01-01 18:00:28.631   611   611 I PerMgrSrv: power-off timeout 500,ms; event-ack timeout 200,ms; debug-mode false
01-01 18:00:28.631   611   611 I PerMgrSrv: Statistics for : modem
01-01 18:00:28.631   611   611 I PerMgrSrv: modem: Current State : is off-line
01-01 18:00:28.631   611   611 I PerMgrSrv: modem: Voter/Listener count : 0/0
01-01 18:00:28.631   611   611 I PerMgrSrv: modem: Power on count : 0
01-01 18:00:28.631   611   611 I PerMgrSrv: modem: Power off count: 0
01-01 18:00:28.631   611   611 I PerMgrSrv: modem: Client list:
01-01 18:00:28.633   635   650 I mmid    : thread(msg_waiting_thread) started
01-01 18:00:28.633   635   650 I mmid    : wait for client connection...
01-01 18:00:28.633   635   651 I mmid    : thread(msg_handle_thread) started
01-01 18:00:28.634   611   655 I PerMgrSrv: QMI service start
01-01 18:00:28.634   635   649 D mmid    : Created socket success with '/dev/socket/mmi', sockfd=4
01-01 18:00:28.634   635   649 I mmid    : thread(server_accepting_thread) started
01-01 18:00:28.634   611   656 D PerMgrSrv: modem state: is off-line, add client PM-PROXY-THREAD
01-01 18:00:28.634   611   656 D PerMgrSrv: PM-PROXY-THREAD registered
01-01 18:00:28.635   645   645 D PerMgrLib: PM-PROXY-THREAD successfully registered for modem
01-01 18:00:28.635   645   645 I PerMgrProxy: Casting proxy vote for modem
01-01 18:00:28.635   645   645 D PerMgrLib: PM-PROXY-THREAD voting for modem
01-01 18:00:28.635   611   656 D PerMgrSrv: PM-PROXY-THREAD voting for modem
01-01 18:00:28.635   611   656 D PerMgrSrv: modem new state: going on-line
01-01 18:00:28.635   611   656 D PerMgrSrv: modem num voters is 1
01-01 18:00:28.635   645   645 I PerMgrProxy: pm-proxy-thread vote successful for modem
01-01 18:00:28.640   586   586 D vndksupport: Loading /vendor/lib64/hw/gralloc.msm8953.so from current namespace instead of sphal namespace.
01-01 18:00:28.643   586   641 W SDM     : HWCSession::UEventThread: UEvent dropped. No uevent listener.
01-01 18:00:28.644   578   578 I ServiceManagement: Removing namespace from process name android.hardware.audio@2.0-service to audio@2.0-servi.
01-01 18:00:28.647   578   578 I audiohalservice: Registration complete for android.hardware.audio@2.0::IDevicesFactory/default.
01-01 18:00:28.654   476   654 I Cryptfs : cryptfs_check_passwd
01-01 18:00:28.656   476   654 D         : HW based disk encryption is enabled 
01-01 18:00:28.657   578   578 D vndksupport: Loading /vendor/lib/hw/android.hardware.audio.effect@2.0-impl.so from current namespace instead of sphal namespace.
01-01 18:00:28.658   476   654 D Cryptfs : crypt_ftr->fs_size = 110427055
01-01 18:00:28.659   476   654 D         : HW based disk encryption is enabled 
01-01 18:00:28.659   476   654 I Cryptfs : Using scrypt with keymaster for cryptfs KDF
01-01 18:00:28.661   586   641 W SDM     : HWCSession::UEventThread: UEvent dropped. No uevent listener.
01-01 18:00:28.666   596   596 W ADebug  : Failed to get property persist.sys.media.traces
01-01 18:00:28.669   596   596 I DolbyManagerService: onFirstRef 
01-01 18:00:28.669   614   614 I /system/bin/surfaceflinger: android::hardware::configstore::V1_0::ISurfaceFlingerConfigs::maxFrameBufferAcquiredBuffers retrieved: 3
01-01 18:00:28.670   596   596 I ServiceManagement: Removing namespace from process name vendor.dolby.hardware.dms@1.0-service to dms@1.0-service.
01-01 18:00:28.673   596   596 I DolbyManagerSvc: Registered IDms vendor service success!
01-01 18:00:28.675   614   614 I /system/bin/surfaceflinger: android::hardware::configstore::V1_0::ISurfaceFlingerConfigs::startGraphicsAllocatorService retrieved: 0
01-01 18:00:28.687   614   614 I SurfaceFlinger: SurfaceFlinger is starting
01-01 18:00:28.688   614   614 I /system/bin/surfaceflinger: android::hardware::configstore::V1_0::ISurfaceFlingerConfigs::vsyncEventPhaseOffsetNs retrieved: 1000000 (default)
01-01 18:00:28.689   614   614 I /system/bin/surfaceflinger: android::hardware::configstore::V1_0::ISurfaceFlingerConfigs::vsyncSfEventPhaseOffsetNs retrieved: 1000000 (default)
01-01 18:00:28.690   614   614 I /system/bin/surfaceflinger: android::hardware::configstore::V1_0::ISurfaceFlingerConfigs::hasSyncFramework retrieved: 1
01-01 18:00:28.690   586   641 W SDM     : HWCSession::UEventThread: UEvent dropped. No uevent listener.
01-01 18:00:28.692   614   614 I /system/bin/surfaceflinger: android::hardware::configstore::V1_0::ISurfaceFlingerConfigs::useContextPriority retrieved: 0 (default)
01-01 18:00:28.692   614   614 I /system/bin/surfaceflinger: android::hardware::configstore::V1_0::ISurfaceFlingerConfigs::presentTimeOffsetFromVSyncNs retrieved: 0
01-01 18:00:28.694   614   614 I /system/bin/surfaceflinger: android::hardware::configstore::V1_0::ISurfaceFlingerConfigs::useHwcForRGBtoYUV retrieved: 1
01-01 18:00:28.694   614   614 I /system/bin/surfaceflinger: android::hardware::configstore::V1_0::ISurfaceFlingerConfigs::maxVirtualDisplaySize retrieved: 0 (default)
01-01 18:00:28.694   614   614 I /system/bin/surfaceflinger: android::hardware::configstore::V1_0::ISurfaceFlingerConfigs::useVrFlinger retrieved: 0 (default)
01-01 18:00:28.695   614   614 I /system/bin/surfaceflinger: android::hardware::configstore::V1_0::ISurfaceFlingerConfigs::maxFrameBufferAcquiredBuffers retrieved: 3
01-01 18:00:28.695   614   614 I /system/bin/surfaceflinger: android::hardware::configstore::V1_0::ISurfaceFlingerConfigs::hasWideColorDisplay retrieved: 0
01-01 18:00:28.695   614   614 I SurfaceFlinger: Disabling Triple Buffering
01-01 18:00:28.697   464   464 W /system/bin/hwservicemanager: getTransport: Cannot find entry vendor.display.config@1.1::IDisplayConfig/default in either framework or device manifest.
01-01 18:00:28.699   583   583 I ServiceManagement: Removing namespace from process name android.hardware.drm@1.0-service to drm@1.0-service.
01-01 18:00:28.702   578   578 I audiohalservice: Registration complete for android.hardware.audio.effect@2.0::IEffectsFactory/default.
01-01 18:00:28.702   614   614 I SurfaceFlinger: SurfaceFlinger's main thread ready to run. Initializing graphics H/W...
01-01 18:00:28.702   614   614 I SurfaceFlinger: Phase offest NS: 1000000
01-01 18:00:28.704   586   586 I SDM     : ExtensionInterface::CreateExtensionInterface: 
01-01 18:00:28.704   586   586 I SDM     : SDM-EXTENSION Version: Date: 04/26/18, Commit: b1b6139, Change: I320dd4b467
01-01 18:00:28.706   586   586 I SDM     : HWInfo::GetHWResourceInfo: SDE Version = 5, SDE Revision = 10100000, RGB = 2, VIG = 1, DMA = 1, Cursor = 1
01-01 18:00:28.706   586   586 I SDM     : HWInfo::GetHWResourceInfo: Upscale Ratio = 20, Downscale Ratio = 4, Blending Stages = 4
01-01 18:00:28.706   586   586 I SDM     : HWInfo::GetHWResourceInfo: SourceSplit = 0 QSEED3 = 0
01-01 18:00:28.706   586   586 I SDM     : HWInfo::GetHWResourceInfo: BWC = 0, UBWC = 1, Decimation = 1, Tile Format = 0 Concurrent Writeback = 0
01-01 18:00:28.706   586   586 I SDM     : HWInfo::GetHWResourceInfo: MaxLowBw = 3400000 , MaxHighBw = 3400000
01-01 18:00:28.706   586   586 I SDM     : HWInfo::GetHWResourceInfo: MaxPipeBw = 2300000 KBps, MaxSDEClock = 400000000 Hz, ClockFudgeFactor = 1.050000
01-01 18:00:28.706   586   586 I SDM     : HWInfo::GetHWResourceInfo: Prefill factors: Tiled_NV12 = 8, Tiled = 4, Linear = 1, Scale = 1, Fudge_factor = 2
01-01 18:00:28.707   586   641 W SDM     : HWCSession::UEventThread: UEvent dropped. No uevent listener.
01-01 18:00:28.707   586   641 I chatty  : uid=1000(system) HWC_UeventThrea identical 1 line
01-01 18:00:28.707   586   641 W SDM     : HWCSession::UEventThread: UEvent dropped. No uevent listener.
01-01 18:00:28.709   578   578 D vndksupport: Loading /vendor/lib/hw/android.hardware.soundtrigger@2.0-impl.so from current namespace instead of sphal namespace.
01-01 18:00:28.712   586   586 I SDM     : HWInfo::GetMDSSRotatorInfo: MDSS Rotator: Count = 1, Downscale = 1, Min_downscale = 2.000000
01-01 18:00:28.713   586   641 W SDM     : HWCSession::UEventThread: UEvent dropped. No uevent listener.
01-01 18:00:28.715   583   583 I android.hardware.drm@1.0-service: Registration complete for android.hardware.drm@1.0::IDrmFactory/default.
01-01 18:00:28.715   586   586 I SDM     : HWInfo::GetHWResourceInfo: Has Support for multiple bw limits shown below
01-01 18:00:28.715   586   586 I SDM     : HWInfo::GetHWResourceInfo: Mode-index=0  total_bw_limit=3400000 and pipe_bw_limit=2300000
01-01 18:00:28.715   586   586 I SDM     : HWInfo::GetHWResourceInfo: Mode-index=1  total_bw_limit=3100000 and pipe_bw_limit=2300000
01-01 18:00:28.715   586   586 I SDM     : HWInfo::GetHWResourceInfo: Mode-index=2  total_bw_limit=3400000 and pipe_bw_limit=2300000
01-01 18:00:28.715   586   586 I SDM     : HWInfo::GetHWResourceInfo: Mode-index=3  total_bw_limit=3400000 and pipe_bw_limit=2300000
01-01 18:00:28.716   586   586 I SDM     : SessionManager::SessionManager: Allocate buffers synchronously = 0
01-01 18:00:28.719   578   578 D vndksupport: Loading /vendor/lib/hw/sound_trigger.primary.msm8953.so from current namespace instead of sphal namespace.
01-01 18:00:28.726   583   583 D vndksupport: Loading /vendor/lib/hw/android.hardware.drm@1.0-impl.so from current namespace instead of sphal namespace.
01-01 18:00:28.731   583   583 I ServiceManagement: Removing namespace from process name android.hardware.drm@1.0-service to drm@1.0-service.
01-01 18:00:28.739   639   678 I adbd    : initializing functionfs
01-01 18:00:28.739   639   678 I adbd    : opening control endpoint /dev/usb-ffs/adb/ep0
01-01 18:00:28.740   583   583 I android.hardware.drm@1.0-service: Registration complete for android.hardware.drm@1.0::ICryptoFactory/default.
01-01 18:00:28.751   578   578 D sound_trigger_hw: stdev_open: Enter
01-01 18:00:28.753   594   594 I android.hardware.wifi@1.0-service: Wifi Hal is booting up...
01-01 18:00:28.753   640   640 I Atfwd_Daemon: *** Starting ATFWD-daemon *** 
01-01 18:00:28.754   640   640 I Atfwd_Daemon: init all signals
01-01 18:00:28.754   640   640 I Atfwd_Daemon: Explicitly disbling qmux 
01-01 18:00:28.754   640   640 I Atfwd_Daemon: Disabling QMUX complete...
01-01 18:00:28.754   640   640 I Atfwd_Daemon: getting at svc obj for access terminal QMI svc
01-01 18:00:28.754   640   640 I Atfwd_Daemon: 
01-01 18:00:28.754   640   640 I Atfwd_Daemon: 
01-01 18:00:28.754   640   640 I Atfwd_Daemon:  TrtyInit: retryCnt: 1
01-01 18:00:28.754   640   640 I Atfwd_Daemon: Using QCCI. Skipping qmi_init
01-01 18:00:28.754   640   640 I Atfwd_Daemon: result : 1 	 ,Init step :0 	 ,qmiErrorCode: 0
01-01 18:00:28.754   640   640 I Atfwd_Daemon: 
01-01 18:00:28.754   640   640 I Atfwd_Daemon:  Back to main.
01-01 18:00:28.754   640   640 I Atfwd_Daemon:  tryinit complete with connectresult: 1
01-01 18:00:28.754   640   640 I Atfwd_Daemon: 
01-01 18:00:28.754   640   640 I Atfwd_Daemon: 
01-01 18:00:28.754   640   640 I Atfwd_Daemon:  TrtyInit: retryCnt: 1
01-01 18:00:28.754   640   640 I Atfwd_Daemon: 
01-01 18:00:28.754   640   640 I Atfwd_Daemon:  qmi_client_init_instance....
01-01 18:00:28.762   586   641 W SDM     : HWCSession::UEventThread: UEvent dropped. No uevent listener.
01-01 18:00:28.765   586   586 I SDM     : CoreInterface::CreateCore: Open interface handle = 0x7a4845c000
01-01 18:00:28.765   586   586 I SDM     : HWCSession::Register: Set uevent listener = 0x7a48473000
01-01 18:00:28.765   586   586 I SDM     : HWInfo::GetFirstDisplayInterfaceType: First display is internal display
01-01 18:00:28.766   586   586 I SDM     : CPUHint::Init: Invalid CPU Hint Pre-enable Window -1
01-01 18:00:28.767   586   586 I SDM     : HWDevice::GetHWPanelMaxBrightnessFromNode: Max brightness level = 255
01-01 18:00:28.767   586   586 I SDM     : HWDevice::Init: access(/dev/graphics/fb0) successful
01-01 18:00:28.768   586   586 I SDM     : HWDevice::GetHWPanelMaxBrightnessFromNode: Max brightness level = 255
01-01 18:00:28.768   586   586 I SDM     : HWDevice::PopulateHWPanelInfo: Device type = 0, Display Port = 1, Display Mode = 1, Device Node = 0, Is Primary = 1
01-01 18:00:28.768   586   586 I SDM     : HWDevice::PopulateHWPanelInfo: Partial Update = 0, supported roi_count =1, Dynamic FPS = 0
01-01 18:00:28.768   586   586 I SDM     : HWDevice::PopulateHWPanelInfo: Align: left = 0, width = 0, top = 0, height = 0
01-01 18:00:28.768   586   586 I SDM     : HWDevice::PopulateHWPanelInfo: ROI: min_width = 0, min_height = 0, need_merge = 0
01-01 18:00:28.768   586   586 I SDM     : HWDevice::PopulateHWPanelInfo: FPS: min = 0, max =0
01-01 18:00:28.768   586   586 I SDM     : HWDevice::PopulateHWPanelInfo: Ping Pong Split = 0
01-01 18:00:28.768   586   586 I SDM     : HWDevice::PopulateHWPanelInfo: Left Split = 0, Right Split = 0
01-01 18:00:28.774   586   586 W SDM     : HWPrimary::PopulateDisplayAttributes: Driver doesn't report panel physical width and height - defaulting to 320dpi
01-01 18:00:28.775   586   586 I SDM     : HWDevice::GetHWPanelMaxBrightnessFromNode: Max brightness level = 255
01-01 18:00:28.775   614   614 D libEGL  : loaded /vendor/lib64/egl/libEGL_adreno.so
01-01 18:00:28.775   580   580 E QCamera : <MCI><ERROR> get_num_of_cameras: 1882:  Camera Daemon not started yet , Waiting for encryption to complete
01-01 18:00:28.776   586   586 I SDM     : HWDevice::GetHWPanelMaxBrightnessFromNode: Max brightness level = 255
01-01 18:00:28.776   580   580 E QCamera : <MCI><ERROR> get_num_of_cameras: 1882:  Camera Daemon not started yet , Waiting for encryption to complete
01-01 18:00:28.776   580   580 I chatty  : uid=1047(cameraserver) provider@2.4-se identical 1 line
01-01 18:00:28.776   580   580 E QCamera : <MCI><ERROR> get_num_of_cameras: 1882:  Camera Daemon not started yet , Waiting for encryption to complete
01-01 18:00:28.776   586   586 W SDM     : HWDevice::GetHWPanelInfoByNode: Failed to open msm_fb_panel_info node device node 2
01-01 18:00:28.776   580   580 E QCamera : <MCI><ERROR> get_num_of_cameras: 1882:  Camera Daemon not started yet , Waiting for encryption to complete
01-01 18:00:28.776   580   580 E QCamera : <MCI><ERROR> get_num_of_cameras: 1882:  Camera Daemon not started yet , Waiting for encryption to complete
01-01 18:00:28.776   586   586 W SDM     : HWDevice::GetHWPanelInfoByNode: Failed to open msm_fb_panel_info node device node 3
01-01 18:00:28.776   580   580 E QCamera : <MCI><ERROR> get_num_of_cameras: 1882:  Camera Daemon not started yet , Waiting for encryption to complete
01-01 18:00:28.777   580   580 I chatty  : uid=1047(cameraserver) provider@2.4-se identical 11 lines
01-01 18:00:28.777   580   580 E QCamera : <MCI><ERROR> get_num_of_cameras: 1882:  Camera Daemon not started yet , Waiting for encryption to complete
01-01 18:00:28.777   586   586 I SDM     : HWDevice::GetHWPanelMaxBrightnessFromNode: Max brightness level = 255
01-01 18:00:28.777   580   580 E QCamera : <MCI><ERROR> get_num_of_cameras: 1882:  Camera Daemon not started yet , Waiting for encryption to complete
01-01 18:00:28.777   580   580 I chatty  : uid=1047(cameraserver) provider@2.4-se identical 5 lines
