01-02 01:12:03.848  1187  1187 D SystemServerTiming: StartDeviceIdleController took to complete: 20ms
01-02 01:12:03.848  1187  1187 I SystemServer: StartDevicePolicyManager
01-02 01:12:03.848  1187  1187 I SystemServiceManager: Starting com.android.server.devicepolicy.DevicePolicyManagerService$Lifecycle
01-02 01:12:03.855   920   920 I mm-camera: <MCT   >< INFO> 63: mct_controller_new: Creating new mct_controller with session-id 2
01-02 01:12:03.856   920  1588 I mm-camera: <MCT   >< INFO> 4529: mct_pipeline_start_session_thread: E sensor
01-02 01:12:03.856   920  1588 I mm-camera: <MCT   >< INFO> 4536: mct_pipeline_start_session_thread: Calling start_session on Module sensor
01-02 01:12:03.857   920  1589 I mm-camera: <MCT   >< INFO> 4529: mct_pipeline_start_session_thread: E iface
01-02 01:12:03.857   920  1589 I mm-camera: <MCT   >< INFO> 4536: mct_pipeline_start_session_thread: Calling start_session on Module iface
01-02 01:12:03.859   920  1589 I mm-camera: <MCT   >< INFO> 4539: mct_pipeline_start_session_thread: Module iface start_session rc = 1
01-02 01:12:03.859   920  1589 I mm-camera: <MCT   >< INFO> 4547: mct_pipeline_start_session_thread: started_num = 1, success = 1
01-02 01:12:03.859   920  1589 I mm-camera: <MCT   >< INFO> 4554: mct_pipeline_start_session_thread: X iface
01-02 01:12:03.859   920  1593 I mm-camera: <MCT   >< INFO> 4529: mct_pipeline_start_session_thread: E isp
01-02 01:12:03.859   920  1593 I mm-camera: <MCT   >< INFO> 4536: mct_pipeline_start_session_thread: Calling start_session on Module isp
01-02 01:12:03.859   920  1593 I mm-camera: <ISP   >< INFO> 205: isp_module_start_session: session id 2
01-02 01:12:03.859  1187  1568 D EventHub: No input device configuration file found for device 'SX9320 Cap Touch'.
01-02 01:12:03.863  1187  1568 W EventHub: Unable to disable kernel key repeat for /dev/input/event3: Function not implemented
01-02 01:12:03.863  1187  1568 I EventHub: wakeMechanism=EPOLLWAKEUP, usingClockIoctl=true
01-02 01:12:03.863  1187  1568 I EventHub: New device: id=4, fd=115, path='/dev/input/event3', name='SX9320 Cap Touch', classes=0x1, configuration='', keyLayout='/system/usr/keylayout/Generic.kl', keyCharacterMap='/system/usr/keychars/Generic.kcm', builtinKeyboard=false, 
01-02 01:12:03.864  1187  1568 D EventHub: No input device configuration file found for device 'wind_smbcharger'.
01-02 01:12:03.864  1187  1220 I ActivityManager: Override config changes=100 {1.0 ?mcc?mnc [en_US] ldltr sw800dp w800dp h1208dp 240dpi xlrg port -touch -keyb/v/h -nav/h appBounds=Rect(0, 0 - 1200, 1848) s.6} for displayId=0
01-02 01:12:03.868  1187  1568 W EventHub: Unable to disable kernel key repeat for /dev/input/event5: Function not implemented
01-02 01:12:03.868  1187  1568 I EventHub: wakeMechanism=EPOLLWAKEUP, usingClockIoctl=true
01-02 01:12:03.868  1187  1568 I EventHub: New device: id=5, fd=116, path='/dev/input/event5', name='wind_smbcharger', classes=0x1, configuration='', keyLayout='/system/usr/keylayout/Generic.kl', keyCharacterMap='/system/usr/keychars/Generic.kcm', builtinKeyboard=false, 
01-02 01:12:03.869  1187  1568 D EventHub: No input device configuration file found for device 'gpio-keys'.
01-02 01:12:03.871  1187  1187 D SystemServerTiming: StartDevicePolicyManager took to complete: 23ms
01-02 01:12:03.871  1187  1187 I SystemServer: StartStatusBarManagerService
01-02 01:12:03.871   920  1588 I mm-camera: <MCT   >< INFO> 4539: mct_pipeline_start_session_thread: Module sensor start_session rc = 1
01-02 01:12:03.871   920  1588 I mm-camera: <MCT   >< INFO> 4547: mct_pipeline_start_session_thread: started_num = 2, success = 2
01-02 01:12:03.871   920  1602 I mm-camera: <MCT   >< INFO> 4529: mct_pipeline_start_session_thread: E stats
01-02 01:12:03.871   920  1588 I mm-camera: <MCT   >< INFO> 4554: mct_pipeline_start_session_thread: X sensor
01-02 01:12:03.871   920  1602 I mm-camera: <MCT   >< INFO> 4536: mct_pipeline_start_session_thread: Calling start_session on Module stats
01-02 01:12:03.875  1187  1187 D SystemServerTiming: StartStatusBarManagerService took to complete: 3ms
01-02 01:12:03.875  1187  1187 I SystemServer: StartClipboardService
01-02 01:12:03.875  1187  1568 W EventHub: Unable to disable kernel key repeat for /dev/input/event6: Function not implemented
01-02 01:12:03.875  1187  1568 I EventHub: wakeMechanism=EPOLLWAKEUP, usingClockIoctl=true
01-02 01:12:03.875  1187  1568 I EventHub: New device: id=6, fd=117, path='/dev/input/event6', name='gpio-keys', classes=0x1, configuration='', keyLayout='/system/usr/keylayout/gpio-keys.kl', keyCharacterMap='/system/usr/keychars/Generic.kcm', builtinKeyboard=false, 
01-02 01:12:03.875  1187  1568 E EventHub: could not get driver version for /dev/input/mice, Not a typewriter
01-02 01:12:03.875  1187  1187 I SystemServiceManager: Starting com.android.server.clipboard.ClipboardService
01-02 01:12:03.878   920  1604 I mm-camera: <MCT   >< INFO> 4529: mct_pipeline_start_session_thread: E pproc
01-02 01:12:03.879   920  1604 I mm-camera: <MCT   >< INFO> 4536: mct_pipeline_start_session_thread: Calling start_session on Module pproc
01-02 01:12:03.879  1187  1187 D SystemServerTiming: StartClipboardService took to complete: 5ms
01-02 01:12:03.879  1187  1187 I SystemServer: StartNetworkManagementService
01-02 01:12:03.883  1187  1573 W StorageManagerService: No primary storage mounted!
01-02 01:12:03.883  1187  1573 D VoldConnector: SND -> {1 asec list}
01-02 01:12:03.885  1187  1579 D VoldConnector: RCV <- {200 1 asec operation succeeded}
01-02 01:12:03.886  1187  1573 I PackageManager: No secure containers found
01-02 01:12:03.888  1187  1605 I NetworkManagement: onDaemonConnected()
01-02 01:12:03.889  1187  1573 W PackageManager: Privileged permission android.permission.MASTER_CLEAR for package com.android.contacts - not in privapp-permissions whitelist
01-02 01:12:03.889  1187  1573 W PackageManager: Privileged permission android.permission.MANAGE_USERS for package com.tblenovo.launcher - not in privapp-permissions whitelist
01-02 01:12:03.890   614   614 E HWComposer: presentAndGetReleaseFences: failed for display 0: NotValidated (7)
01-02 01:12:03.892   920  1607 I mm-camera: <MCT   >< INFO> 4529: mct_pipeline_start_session_thread: E imglib
01-02 01:12:03.892   920  1607 I mm-camera: <MCT   >< INFO> 4536: mct_pipeline_start_session_thread: Calling start_session on Module imglib
01-02 01:12:03.892  1187  1187 D SystemServerTiming: StartNetworkManagementService took to complete: 13ms
01-02 01:12:03.892  1187  1187 I SystemServer: StartTextServicesManager
01-02 01:12:03.893  1187  1187 I SystemServiceManager: Starting com.android.server.TextServicesManagerService$Lifecycle
01-02 01:12:03.894   920  1607 I mm-camera: <MCT   >< INFO> 4539: mct_pipeline_start_session_thread: Module imglib start_session rc = 1
01-02 01:12:03.894   920  1607 I mm-camera: <MCT   >< INFO> 4547: mct_pipeline_start_session_thread: started_num = 3, success = 3
01-02 01:12:03.894   920  1607 I mm-camera: <MCT   >< INFO> 4554: mct_pipeline_start_session_thread: X imglib
01-02 01:12:03.894   920  1604 I mm-camera: <MCT   >< INFO> 4539: mct_pipeline_start_session_thread: Module pproc start_session rc = 1
01-02 01:12:03.895   920  1593 I mm-camera: <MCT   >< INFO> 4539: mct_pipeline_start_session_thread: Module isp start_session rc = 1
01-02 01:12:03.895   920  1604 I mm-camera: <MCT   >< INFO> 4547: mct_pipeline_start_session_thread: started_num = 4, success = 4
01-02 01:12:03.895   920  1604 I mm-camera: <MCT   >< INFO> 4554: mct_pipeline_start_session_thread: X pproc
01-02 01:12:03.895   920  1593 I mm-camera: <MCT   >< INFO> 4547: mct_pipeline_start_session_thread: started_num = 5, success = 5
01-02 01:12:03.895   920  1593 I mm-camera: <MCT   >< INFO> 4554: mct_pipeline_start_session_thread: X isp
01-02 01:12:03.897   920  1602 E mm-camera: <STATS_AIS ><ERROR> 173: dsps_send_req: DSPS Send Request Timeout!!
01-02 01:12:03.898   920  1602 I mm-camera: <MCT   >< INFO> 4539: mct_pipeline_start_session_thread: Module stats start_session rc = 1
01-02 01:12:03.898   920  1602 I mm-camera: <MCT   >< INFO> 4547: mct_pipeline_start_session_thread: started_num = 6, success = 6
01-02 01:12:03.898   920  1602 I mm-camera: <MCT   >< INFO> 4554: mct_pipeline_start_session_thread: X stats
01-02 01:12:03.910   920   920 I mm-camera: <MCT   >< INFO> 4450: mct_pipeline_start_stream_internal: Adding session stream streamid= 0xf for session=2
01-02 01:12:03.910   920   920 I mm-camera: <MCT   >< INFO> 4498: mct_pipeline_start_stream_internal: Linking session stream for session 2
01-02 01:12:03.910   920   920 I mm-camera: <MCT   >< INFO> 510: mct_stream_start_link: Start linking Session-stream 0x2000f
01-02 01:12:03.910   920   920 I mm-camera: <IFACE >< INFO> 338: iface_util_find_primary_cid: iface_util_find_primary_cid:338 error cannot find primary sensor format cids 1
01-02 01:12:03.910   920   920 I mm-camera: <ISP   >< INFO> 801: isp_port_check_caps_reserve: port 0xe6154280 ide 2000f type 10 dim 0 0
01-02 01:12:03.910   920   920 I mm-camera: <PPROC >< INFO> 446: pproc_port_add_modules_to_stream: in identity 2000f stream 10 int_link = 0xe6178a00
01-02 01:12:03.910   920   920 I mm-camera: <PPROC >< INFO> 458: pproc_port_add_modules_to_stream: :LINK linking mods tmod and c2d for identity 2000f
01-02 01:12:03.910   920   920 I mm-camera: <C2D   >< INFO> 1490: c2d_module_notify_add_stream: width 0, height 0, stride 0, scanline 0, is_type 0
01-02 01:12:03.910   920   920 I mm-camera: <PPROC >< INFO> 458: pproc_port_add_modules_to_stream: :LINK linking mods c2d and cpp for identity 2000f
01-02 01:12:03.911   920   920 I mm-camera: <CPP   >< INFO> 2154: cpp_module_notify_add_stream: :width 0, height 0, stride 0, scanline 0, framelen 0
01-02 01:12:03.911   920   920 I mm-camera: <CPP   >< INFO> 2319: cpp_module_notify_add_stream: : stream 10, fmt 1, asf_mode 0, sharpness_level 0.000000,asf mask 0, denoise 0, denoise_mask 0, dsdn mask 0,dsdn enable 0, tnr mask 0, tnr enable 0, ds_mask 0
01-02 01:12:03.911   920   920 I mm-camera: <PPROC >< INFO> 458: pproc_port_add_modules_to_stream: :LINK linking mods cpp and paaf for identity 2000f
01-02 01:12:03.911   920   920 I mm-camera: <PPROC >< INFO> 458: pproc_port_add_modules_to_stream: :LINK linking mods paaf and ezt for identity 2000f
01-02 01:12:03.911   920   920 I mm-camera: <PPROC >< INFO> 458: pproc_port_add_modules_to_stream: :LINK linking mods ezt and quadracfa for identity 2000f
01-02 01:12:03.912   920   920 E mm-camera: <STATS ><ERROR> 2822: stats_port_check_caps_reserve: Invalid Port capability type!
01-02 01:12:03.912   920   920 I chatty  : uid=1006(camera) mm-qcamera-daem identical 3 lines
01-02 01:12:03.912   920   920 E mm-camera: <STATS ><ERROR> 2822: stats_port_check_caps_reserve: Invalid Port capability type!
01-02 01:12:03.914   920   920 I mm-camera: <MCT   >< INFO> 4507: mct_pipeline_start_stream_internal: Session stream linked successfully session 2
01-02 01:12:03.918   580   580 I Thermal-Lib: Thermal-Lib-Client: Registraion successful for camera with handle:1
01-02 01:12:03.919   580   580 I Thermal-Lib: Thermal-Lib-Client: Registraion successful for camcorder with handle:2
01-02 01:12:03.919   580   580 I QCamera : <HAL><INFO> openCamera: 1840: [KPI Perf]: X PROFILE_OPEN_CAMERA camera id 1, rc: 0
01-02 01:12:03.919   580   580 I CamDev@1.0-impl: could not cast ICameraDeviceCallback to IQCameraDeviceCallback
01-02 01:12:03.919   809   896 I ThermalEngine: Thermal-Server: Adding thermal event listener on fd 59
01-02 01:12:03.920   580  1628 I Thermal-Lib: Thermal-Lib-Client: Client received msg camera 0
01-02 01:12:03.920   580  1628 I Thermal-Lib: Thermal-Lib-Client: Client received msg camcorder 0
01-02 01:12:03.920   920  1623 E mm-camera: <MCT   ><ERROR> 1056: mct_pipeline_decide_hw_wakeup: Couldn't find meta stream
01-02 01:12:03.924   920  1623 I chatty  : uid=1006(camera) mm-qcamera-daem identical 1 line
01-02 01:12:03.924   920  1623 E mm-camera: <MCT   ><ERROR> 1056: mct_pipeline_decide_hw_wakeup: Couldn't find meta stream
01-02 01:12:03.925   580   580 I CamDev@1.0-impl: Closing camera 1
01-02 01:12:03.925   580   580 I QCamera : <HAL><INFO> close_camera_device: 1495: [KPI Perf]: E camera id 1
01-02 01:12:03.928   580   580 E QCamera : <HAL><ERROR> lock_acq: 363: failed to acquire lock
01-02 01:12:03.928   580   580 I QCamera : <HAL><INFO> closeCamera: 2226: E
01-02 01:12:03.929   580   580 I QCamera : <HAL><INFO> closeCamera: 2231: [KPI Perf]: E PROFILE_CLOSE_CAMERA camera id 1
01-02 01:12:03.929   920  1382 E mm-camera: <IMGLIB><ERROR> 303: AllocateBuffers: Invalid dimensions 0x0
01-02 01:12:03.929   920  1623 I mm-camera: <ISP   >< INFO> 6629: isp_util_print_meta_stream_info: Deallocate resources
01-02 01:12:03.929   920  1382 E mm-camera: <IMGLIB><ERROR> 203: img_algo_preload: Preload: Failed to allocate buffer, rc -4
01-02 01:12:03.929   920  1382 E mm-camera: <IMGLIB><ERROR> 119: module_imgbase_client_preload_exec: IMG_CORE_PRELOAD failed -4
01-02 01:12:03.931   920  1623 I mm-camera: <ISP   >< INFO> 2537: isp_resource_allocate: INFO: ISP resource acquired: session 2 num_isp 1
01-02 01:12:03.931   920  1623 I mm-camera: <ISP   >< INFO> 2539: isp_resource_allocate: INFO: ISP resource acquired: hw_id 1
01-02 01:12:03.931   920  1623 I mm-camera: <ISP   >< INFO> 6479: isp_util_decide_stream_mapping: stream_port_map num streams 0
01-02 01:12:03.934   920  1623 E mm-camera: <MCT   ><ERROR> 1056: mct_pipeline_decide_hw_wakeup: Couldn't find meta stream
01-02 01:12:03.935   580   580 I Thermal-Lib: Thermal-Lib-Client: Unregisteration is successfull for handle:1
01-02 01:12:03.935   809   896 I ThermalEngine: Thermal-Server: removing client on fd 59
01-02 01:12:03.936   580   580 I Thermal-Lib: Thermal-Lib-Client: Unregisteration is successfull for handle:2
01-02 01:12:03.937   920   920 I mm-camera: <MCT   >< INFO> 216: mct_controller_destroy: Initiating destroy sequence for session = 2
01-02 01:12:03.938   920   920 I mm-camera: <MCT   >< INFO> 234: mct_controller_destroy: serv_thread closed
01-02 01:12:03.938   920   920 I mm-camera: <MCT   >< INFO> 249: mct_controller_destroy: bus_handler thread closed
01-02 01:12:03.938   920   920 I mm-camera: <MCT   >< INFO> 4607: mct_pipeline_stop_session: Initiating stop_session on session 2
01-02 01:12:03.938   920   920 I mm-camera: <MCT   >< INFO> 3648: mct_pipeline_process_set: command=800000b
01-02 01:12:03.938   920   920 I mm-camera: <MCT   >< INFO> 3866: mct_pipeline_process_set: Issuing DEL_STREAM on stream 0x2000f and stream type=10
01-02 01:12:03.960   821   821 I Zygote  : ...preloaded 4715 classes in 575ms.
01-02 01:12:03.960   821   821 I zygote  : VMRuntime.preloadDexCaches starting
01-02 01:12:03.969   578  1582 D msm8916_platform: platform_set_channel_map mixer_ctl_name:Playback Channel Map12
01-02 01:12:03.969   578  1582 D msm8916_platform: platform_set_channel_map: set mapping(1 2 0 0 0 0 0 0) for channel:2
01-02 01:12:03.970   578  1582 E audio_hw_extn: audio_extn_perf_lock_release: Perf lock release error 
01-02 01:12:03.970   578  1582 D audio_hw_primary: start_output_stream: exit
01-02 01:12:04.007   920  1590 E mm-camera: gc5025_otp_get_raw_data:636,raw_data_size= 28
01-02 01:12:04.015   920   920 I mm-camera: <IFACE >< INFO> 671: iface_unreserve_sink_port: stream_id f mode 0 
01-02 01:12:04.015   920   920 I mm-camera: <ISP   >< INFO> 890: isp_port_check_caps_unreserve: ide 2000f port 0xe6154280
01-02 01:12:04.018   920   920 I mm-camera: <MCT   >< INFO> 3877: mct_pipeline_process_set: Stream 0x2000f and stream type=10, successfully deleted
01-02 01:12:04.018   920  1633 I mm-camera: <MCT   >< INFO> 4341: mct_pipeline_stop_session_thread: Stop module name: sensor - E
01-02 01:12:04.019   920  1634 I mm-camera: <MCT   >< INFO> 4341: mct_pipeline_stop_session_thread: Stop module name: iface - E
01-02 01:12:04.019   920  1635 I mm-camera: <MCT   >< INFO> 4341: mct_pipeline_stop_session_thread: Stop module name: isp - E
01-02 01:12:04.019   920  1635 I mm-camera: <ISP   >< INFO> 491: isp_module_stop_session: session id 2
01-02 01:12:04.019   920  1635 I mm-camera: <ISP   >< INFO> 532: isp_module_stop_session: warning: ISP resource is not freed on time!
01-02 01:12:04.019   920  1634 I mm-camera: <MCT   >< INFO> 4349: mct_pipeline_stop_session_thread: Stop module name: iface - X
01-02 01:12:04.020   920  1636 I mm-camera: <MCT   >< INFO> 4341: mct_pipeline_stop_session_thread: Stop module name: stats - E
01-02 01:12:04.026   920  1635 I mm-camera: <MCT   >< INFO> 4349: mct_pipeline_stop_session_thread: Stop module name: isp - X
01-02 01:12:04.026   920  1633 I mm-camera: <MCT   >< INFO> 4349: mct_pipeline_stop_session_thread: Stop module name: sensor - X
01-02 01:12:04.028   920  1637 I mm-camera: <MCT   >< INFO> 4341: mct_pipeline_stop_session_thread: Stop module name: pproc - E
01-02 01:12:04.029   920   920 I mm-camera: <MCT   >< INFO> 4629: mct_pipeline_stop_session: Modules left: 5
01-02 01:12:04.029   920   920 I mm-camera: <MCT   >< INFO> 4629: mct_pipeline_stop_session: Modules left: 4
01-02 01:12:04.029   920  1638 I mm-camera: <MCT   >< INFO> 4341: mct_pipeline_stop_session_thread: Stop module name: imglib - E
01-02 01:12:04.029   920   920 I mm-camera: <MCT   >< INFO> 4629: mct_pipeline_stop_session: Modules left: 3
01-02 01:12:04.030   920  1638 I mm-camera: <MCT   >< INFO> 4349: mct_pipeline_stop_session_thread: Stop module name: imglib - X
01-02 01:12:04.030   920  1637 I mm-camera: <MCT   >< INFO> 4349: mct_pipeline_stop_session_thread: Stop module name: pproc - X
01-02 01:12:04.030   920   920 I mm-camera: <MCT   >< INFO> 4629: mct_pipeline_stop_session: Modules left: 2
01-02 01:12:04.030   920   920 I mm-camera: <MCT   >< INFO> 4629: mct_pipeline_stop_session: Modules left: 1
01-02 01:12:04.030   920  1636 I mm-camera: <MCT   >< INFO> 4349: mct_pipeline_stop_session_thread: Stop module name: stats - X
01-02 01:12:04.030   920   920 I mm-camera: <MCT   >< INFO> 4629: mct_pipeline_stop_session: Modules left: 0
01-02 01:12:04.030   920   920 I mm-camera: <MCT   >< INFO> 4638: mct_pipeline_stop_session: Stopped session 2 successfully
01-02 01:12:04.030   920   920 I mm-camera: <MCT   >< INFO> 4915: mct_pipeline_destroy: E: session:2
01-02 01:12:04.031   920   920 I mm-camera: <MCT   >< INFO> 4988: mct_pipeline_destroy: X: Pipeline destroyed successfully session =2
01-02 01:12:04.031   920   920 I mm-camera: <MCT   >< INFO> 282: mct_controller_destroy: X Successfully closed mct_controller session 2
01-02 01:12:04.031   580   580 I QCamera : <HAL><INFO> closeCamera: 2302: [KPI Perf]: X PROFILE_CLOSE_CAMERA camera id 1, rc: 0
01-02 01:12:04.032   580   580 I QCamera : <HAL><INFO> close_camera_device: 1497: [KPI Perf]: X
01-02 01:12:04.032   829   829 I CameraProviderManager: Camera provider legacy/0 ready with 2 camera devices
01-02 01:12:04.032   829  1052 W CameraProviderManager: addProviderLocked: Camera provider HAL with name 'legacy/0' already registered
01-02 01:12:04.033   829   829 I CameraService: onDeviceStatusChanged: Status changed for cameraId=0, newStatus=1
01-02 01:12:04.033   829   829 E CameraService: onDeviceStatusChanged: State transition to the same status 0x1 not allowed
01-02 01:12:04.033   829   829 I CameraService: onDeviceStatusChanged: Status changed for cameraId=1, newStatus=1
01-02 01:12:04.033   829   829 E CameraService: onDeviceStatusChanged: State transition to the same status 0x1 not allowed
01-02 01:12:04.034   829  1052 I CameraService: onDeviceStatusChanged: Status changed for cameraId=0, newStatus=1
01-02 01:12:04.034   829  1052 E CameraService: onDeviceStatusChanged: State transition to the same status 0x1 not allowed
01-02 01:12:04.035   829  1052 I CameraService: onDeviceStatusChanged: Status changed for cameraId=1, newStatus=1
01-02 01:12:04.035   829  1052 E CameraService: onDeviceStatusChanged: State transition to the same status 0x1 not allowed
01-02 01:12:04.042   821   821 I zygote  : VMRuntime.preloadDexCaches strings total=319685 before=10628 after=10628
01-02 01:12:04.042   821   821 I zygote  : VMRuntime.preloadDexCaches types total=27135 before=5650 after=5654
01-02 01:12:04.042   821   821 I zygote  : VMRuntime.preloadDexCaches fields total=129553 before=5529 after=5571
01-02 01:12:04.042   821   821 I zygote  : VMRuntime.preloadDexCaches methods total=228302 before=10178 after=10192
01-02 01:12:04.042   821   821 I zygote  : VMRuntime.preloadDexCaches finished
01-02 01:12:04.042   821   821 D ZygoteInitTiming_lazy: PreloadClasses took to complete: 657ms
01-02 01:12:04.043   821   821 D         : Environment::getOverlayDir() = /vendor/package/Default/system/vendor/overlay
01-02 01:12:04.057  1187  1568 D EventHub: No input device configuration file found for device 'hbtp_vm'.
01-02 01:12:04.058  1187  1568 I EventHub: wakeMechanism=EPOLLWAKEUP, usingClockIoctl=true
01-02 01:12:04.058  1187  1568 I EventHub: New device: id=7, fd=119, path='/dev/input/event2', name='hbtp_vm', classes=0x8, configuration='', keyLayout='', keyCharacterMap='', builtinKeyboard=false, 
01-02 01:12:04.058  1187  1568 D EventHub: No input device configuration file found for device 'qpnp_pon'.
01-02 01:12:04.062  1187  1568 W EventHub: Unable to disable kernel key repeat for /dev/input/event0: Function not implemented
01-02 01:12:04.062  1187  1568 I EventHub: wakeMechanism=EPOLLWAKEUP, usingClockIoctl=true
01-02 01:12:04.062  1187  1568 I EventHub: New device: id=8, fd=120, path='/dev/input/event0', name='qpnp_pon', classes=0x1, configuration='', keyLayout='/system/usr/keylayout/Generic.kl', keyCharacterMap='/system/usr/keychars/Generic.kcm', builtinKeyboard=false, 
01-02 01:12:04.062  1187  1568 D EventHub: No input device configuration file found for device 'fts_ts'.
01-02 01:12:04.066  1187  1568 W EventHub: Unable to disable kernel key repeat for /dev/input/event1: Function not implemented
01-02 01:12:04.066  1187  1568 I EventHub: wakeMechanism=EPOLLWAKEUP, usingClockIoctl=true
01-02 01:12:04.066  1187  1568 I EventHub: New device: id=9, fd=121, path='/dev/input/event1', name='fts_ts', classes=0x15, configuration='', keyLayout='/system/usr/keylayout/Generic.kl', keyCharacterMap='/system/usr/keychars/Generic.kcm', builtinKeyboard=false, 
01-02 01:12:04.066  1187  1568 D EventHub: No input device configuration file found for device 'hall_sensor'.
01-02 01:12:04.066  1187  1568 I EventHub: wakeMechanism=EPOLLWAKEUP, usingClockIoctl=true
01-02 01:12:04.066  1187  1568 I EventHub: New device: id=10, fd=122, path='/dev/input/event4', name='hall_sensor', classes=0x80, configuration='', keyLayout='', keyCharacterMap='', builtinKeyboard=false, 
01-02 01:12:04.081  1187  1568 I InputReader: Device added: id=-1, name='Virtual', sources=0x00000301
01-02 01:12:04.081  1187  1568 I InputReader: Device added: id=10, name='hall_sensor', sources=0x80000000
01-02 01:12:04.082  1187  1568 I InputReader:   Touch device 'fts_ts' could not query the properties of its associated display.  The device will be inoperable until the display size becomes available.
01-02 01:12:04.082  1187  1568 I InputReader: Device added: id=9, name='fts_ts', sources=0x00001103
01-02 01:12:04.082  1187  1568 I InputReader: Device added: id=8, name='qpnp_pon', sources=0x00000101
01-02 01:12:04.086  1187  1187 W TextServicesManagerService: no available spell checker services found
01-02 01:12:04.088  1187  1187 D SystemServerTiming: StartTextServicesManager took to complete: 196ms
01-02 01:12:04.089  1187  1187 I SystemServer: StartNetworkScoreService
01-02 01:12:04.089  1187  1573 W StorageManagerService: No primary storage defined yet; hacking together a stub
01-02 01:12:04.089  1187  1573 W StorageManagerService: No primary storage defined yet; hacking together a stub
01-02 01:12:04.091  1187  1573 W StorageManagerService: No primary storage mounted!
01-02 01:12:04.091  1187  1573 D VoldConnector: SND -> {2 asec list}
01-02 01:12:04.092  1187  1187 D SystemServerTiming: StartNetworkScoreService took to complete: 4ms
01-02 01:12:04.092  1187  1187 I SystemServer: StartNetworkStatsService
01-02 01:12:04.093  1187  1579 D VoldConnector: RCV <- {200 2 asec operation succeeded}
01-02 01:12:04.095  1187  1568 I InputReader: Device added: id=7, name='hbtp_vm', sources=0x00002002
01-02 01:12:04.095  1187  1568 I InputReader: Device added: id=6, name='gpio-keys', sources=0x00000101
01-02 01:12:04.095  1187  1568 I InputReader: Device added: id=5, name='wind_smbcharger', sources=0x00000101
01-02 01:12:04.095  1187  1568 I InputReader: Device added: id=4, name='SX9320 Cap Touch', sources=0x00000101
01-02 01:12:04.095  1187  1568 I InputReader: Device added: id=3, name='msm8953-snd-card-mtp Headset Jack', sources=0x80000000
01-02 01:12:04.095  1187  1568 I InputReader: Device added: id=2, name='msm8953-snd-card-mtp Button Jack', sources=0x00000101
01-02 01:12:04.095  1187  1568 I InputReader: Device added: id=1, name='uinput-fpc', sources=0x01000511
01-02 01:12:04.096  1187  1568 I InputReader: Reconfiguring input devices.  changes=0x00000004
01-02 01:12:04.096  1187  1568 I InputReader: Device reconfigured: id=9, name='fts_ts', size 1200x1920, orientation 0, mode 1, display id 0
01-02 01:12:04.096  1187  1567 I ActivityManager: Config changes=8 {1.0 ?mcc?mnc [en_US] ldltr sw800dp w800dp h1208dp 240dpi xlrg port finger -keyb/v/h -nav/h appBounds=Rect(0, 0 - 1200, 1848) s.7}
01-02 01:12:04.110  1187  1567 I ActivityManager: Override config changes=8 {1.0 ?mcc?mnc [en_US] ldltr sw800dp w800dp h1208dp 240dpi xlrg port finger -keyb/v/h -nav/h appBounds=Rect(0, 0 - 1200, 1848) s.7} for displayId=0
01-02 01:12:04.116  1187  1187 D SystemServerTiming: StartNetworkStatsService took to complete: 24ms
01-02 01:12:04.116  1187  1187 I SystemServer: StartNetworkPolicyManagerService
01-02 01:12:04.122  1187  1649 I ServiceThread: Enabled StrictMode logging for NetworkPolicy.uid looper.
01-02 01:12:04.124  1187  1187 D SystemServerTiming: StartNetworkPolicyManagerService took to complete: 7ms
01-02 01:12:04.124  1187  1187 I SystemServer: StartWifi
01-02 01:12:04.158  1187  1187 I SystemServiceManager: Starting com.android.server.wifi.WifiService
01-02 01:12:04.187   821   821 I Zygote  : Preloading resources...
01-02 01:12:04.204  1187  1187 D WifiApConfigStore: 2G band allowed channels are:1,6,11
01-02 01:12:04.205   821   821 W Resources: Preloaded drawable resource #0x1080270 (android:drawable/dialog_background_material) that varies with configuration!!
01-02 01:12:04.210   806   806 I CNSS    : cnss_open_log_file: create directory /sdcard/wlan_logs/ ret = -1 errno= 2
01-02 01:12:04.210   806   806 I CNSS    : failed to open file a+ mode or file size 0 is less than max_file_size 31457280
01-02 01:12:04.210   806   806 I CNSS    : Failed to open file /sdcard/wlan_logs/host_driver_logs_current.txt: 2
01-02 01:12:04.222  1187  1187 E WifiApConfigStore: ensureConcurrencyFile template file doesnt existjava.io.FileNotFoundException: /vendor/etc/wifi/wifi_concurrency_cfg.txt (No such file or directory)
01-02 01:12:04.252   821   821 I Zygote  : ...preloaded 64 resources in 64ms.
01-02 01:12:04.260   821   821 W Resources: Preloaded color resource #0x1060053 (android:color/btn_default_material_dark) that varies with configuration!!
01-02 01:12:04.263   821   821 I Zygote  : ...preloaded 41 resources in 11ms.
01-02 01:12:04.263   821   821 D ZygoteInitTiming_lazy: PreloadResources took to complete: 221ms
01-02 01:12:04.289  1187  1187 D WifiStateMachine: fst disabled
01-02 01:12:04.300   821   821 D libEGL  : loaded /vendor/lib/egl/libEGL_adreno.so
01-02 01:12:04.301  1187  1662 E IpManager.wlan0: ERROR Failed to disable IPv6: java.lang.IllegalStateException: command '1 interface ipv6 wlan0 disable' failed with '400 1 Failed to change IPv6 state (No such file or directory)'
01-02 01:12:04.302  1187  1656 E HalDeviceManager: isSupported: called but mServiceManager is null!?
01-02 01:12:04.302  1187  1656 I WifiNative-wlan0: Vendor HAL not supported, Ignore stop...
01-02 01:12:04.303  1187  1656 D WificondControl: tearing down interfaces in wificond
01-02 01:12:04.303   859  1058 D CommandListener: Clearing all IP addresses on wlan0
01-02 01:12:04.305   880   880 E wificond: Failed to get wiphy indices
01-02 01:12:04.311  1187  1187 D WifiController: isAirplaneModeOn = false, isWifiEnabled = true, isScanningAvailable = true
01-02 01:12:04.315  1187  1187 I WifiService: getVerboseLoggingLevel uid=1000
01-02 01:12:04.317  1187  1187 E SupplicantStaIfaceHal: Can't call setDebugParams, ISupplicant is null
01-02 01:12:04.318  1187  1187 W WifiDiags: no ring buffers found
01-02 01:12:04.318  1187  1187 W WifiDiags: Failed to start packet fate monitoring
01-02 01:12:04.318  1187  1187 I WifiService: Registering wifi
01-02 01:12:04.319  1187  1187 D SystemServerTiming: StartWifi took to complete: 196ms
01-02 01:12:04.320  1187  1187 I SystemServer: StartWifiScanning
01-02 01:12:04.322  1187  1187 I SystemServiceManager: Starting com.android.server.wifi.scanner.WifiScanningService
01-02 01:12:04.322  1187  1187 I WifiScanningService: Creating wifiscanner
01-02 01:12:04.324  1187  1187 I WifiScanningService: Publishing wifiscanner
01-02 01:12:04.326  1187  1187 D SystemServerTiming: StartWifiScanning took to complete: 7ms
01-02 01:12:04.326  1187  1187 I SystemServer: StartWifiRtt
01-02 01:12:04.328  1187  1187 I SystemServiceManager: Starting com.android.server.wifi.RttService
01-02 01:12:04.329  1187  1187 I RttService: Creating rttmanager
01-02 01:12:04.329  1187  1187 I RttService: Starting rttmanager
01-02 01:12:04.331  1187  1187 D SystemServerTiming: StartWifiRtt took to complete: 5ms
01-02 01:12:04.331  1187  1187 I SystemServer: No Wi-Fi Aware Service (Aware support Not Present)
01-02 01:12:04.331  1187  1187 I SystemServer: StartWifiP2P
01-02 01:12:04.332  1187  1187 I SystemServiceManager: Starting com.android.server.wifi.p2p.WifiP2pService
01-02 01:12:04.343  1187  1187 I WifiP2pService: Registering wifip2p
01-02 01:12:04.346  1187  1187 D SystemServerTiming: StartWifiP2P took to complete: 15ms
01-02 01:12:04.347  1187  1187 I SystemServer: StartEthernet
01-02 01:12:04.348  1187  1187 I SystemServiceManager: Starting com.android.server.ethernet.EthernetService
01-02 01:12:04.348  1187  1187 I EthernetServiceImpl: Creating EthernetConfigStore
01-02 01:12:04.353  1187  1187 E IpConfigStore: Error opening configuration file: java.io.FileNotFoundException: /data/misc/ethernet/ipconfig.txt (No such file or directory)
01-02 01:12:04.353  1187  1187 W EthernetConfigStore: No Ethernet configuration found. Using default.
01-02 01:12:04.354  1187  1187 I EthernetServiceImpl: Read stored IP configuration: IP assignment: DHCP
01-02 01:12:04.354  1187  1187 I EthernetServiceImpl: Proxy settings: NONE
01-02 01:12:04.360  1187  1187 I EthernetService: Registering service ethernet
01-02 01:12:04.362  1187  1187 D SystemServerTiming: StartEthernet took to complete: 16ms
01-02 01:12:04.363  1187  1187 I SystemServer: StartConnectivityService
01-02 01:12:04.371  1187  1187 D ConnectivityService: ConnectivityService starting up
01-02 01:12:04.374  1187  1187 D ConnectivityService: wifiOnly=false
01-02 01:12:04.375  1187  1187 E ConnectivityService: Ignoring protectedNetwork 14
01-02 01:12:04.394  1187  1187 D SystemServerTiming: StartConnectivityService took to complete: 31ms
01-02 01:12:04.394  1187  1187 I SystemServer: StartNsdService
01-02 01:12:04.396   821   821 D libEGL  : loaded /vendor/lib/egl/libGLESv1_CM_adreno.so
01-02 01:12:04.397  1187  1187 D NsdService: Network service discovery is enabled
01-02 01:12:04.401  1187  1187 D SystemServerTiming: StartNsdService took to complete: 8ms
01-02 01:12:04.401  1187  1187 I SystemServer: StartUpdateLockService
01-02 01:12:04.404  1187  1187 D SystemServerTiming: StartUpdateLockService took to complete: 2ms
01-02 01:12:04.404  1187  1187 I SystemServer: WaitForAsecScan
01-02 01:12:04.404  1187  1187 D SystemServerTiming: WaitForAsecScan took to complete: 0ms
01-02 01:12:04.404  1187  1187 I SystemServer: StartNotificationManager
01-02 01:12:04.405  1187  1187 I SystemServiceManager: Starting com.android.server.notification.NotificationManagerService
01-02 01:12:04.427   821   821 D libEGL  : loaded /vendor/lib/egl/libGLESv2_adreno.so
01-02 01:12:04.434  1187  1187 D ConditionProviders.SCP: new ScheduleConditionProvider()
01-02 01:12:04.442  1187  1187 D ZenLog  : config: readXml,ZenModeConfig[user=0,allowCalls=true,allowRepeatCallers=false,allowMessages=false,allowCallsFrom=contacts,allowMessagesFrom=contacts,allowReminders=true,allowEvents=true,allowWhenScreenOff=true,allowWhenScreenOn=true,automaticRules={EVENTS_DEFAULT_RULE=ZenRule[enabled=false,snoozing=false,name=,zenMode=ZEN_MODE_ALARMS,conditionId=condition://android/event?userId=-10000&calendar=&reply=1,condition=Condition[id=condition://android/event?userId=-10000&calendar=&reply=1,summary=...,line1=...,line2=...,icon=0,state=STATE_FALSE,flags=2],component=ComponentInfo{android/com.android.server.notification.EventConditionProvider},id=EVENTS_DEFAULT_RULE,creationTime=17295242,enabler=null], SCHEDULED_DEFAULT_RULE_1=ZenRule[enabled=false,snoozing=false,name= ,zenMode=ZEN_MODE_ALARMS,conditionId=condition://android/schedule?days=1.2.3.4.5&start=22.0&end=7.0&exitAtAlarm=false,condition=Condition[id=condition://android/schedule?days=1.2.3.4.5&start=22.0&end=7.0&exitAtAlarm=false,summary=...,line1=...,line2=...,icon=0,state=STATE_TRUE,flags=2],component=ComponentInfo{android/com.android.server.notification.ScheduleConditionProvider},id=SCHEDULED_DEFAULT_RULE_1,creationTime=17295241,enabler=null], SCHEDULED_DEFAULT_RULE_2=ZenRule[enabled=false,snoozing=false,name=,zenMode=ZEN_MODE_ALARMS,conditionId=condition://android/schedule?days=6.7&start=23.30&end=10.0&exitAtAlarm=false,condition=Condition[id=condition://android/schedule?days=6.7&start=23.30&end=10.0&exitAtAlarm=false,summary=...,line1=...,line2=...,icon=0,state=STATE_FALSE,flags=2],component=ComponentInfo{android/com.android.server.notification.ScheduleConditionProvider},id=SCHEDULED_DEFAULT_RULE_2,creationTime=17295241,enabler=null]},manualRule=null],Diff[automaticRule[EVENTS_DEFAULT_RULE].name:Event->,automaticRule[EVENTS_DEFAULT_RULE].condition:null->Condition[id=condition://android/event?userId=-10000&calendar=&reply=1,summary=...,line1=...,line2=...,icon=0,state=STATE_FALSE,flags=2],automaticRule[EVENTS_DEFAULT_RULE].creationTime:1514812324427->17295242,automaticRule[SCHEDULED_DEFAULT_RULE_1].name:Weeknight-> ,automaticRule[SCHEDULED_DEFAULT_RULE_1].condition:null->Condition[id=condition://android/schedule?days=1.2.3.4.5&start=22.0&end=7.0&exitAtAlarm=false,summary=...,line1=...,line2=...,icon=0,state=STATE_TRUE,flags=2],automaticRule[SCHEDULED_DEFAULT_RULE_1].creationTime:1514812324426->17295241,automaticRule[SCHEDULED_DEFAULT_RULE_2].name:Weekend->,automaticRule[SCHEDULED_DEFAULT_RULE_2].condition:null->Condition[id=condition://android/schedule?days=6.7&start=23.30&end=10.0&exitAtAlarm=false,summary=...,line1=...,line2=...,icon=0,state=STATE_FALSE,flags=2],automaticRule[SCHEDULED_DEFAULT_RULE_2].creationTime:1514812324426->17295241]
01-02 01:12:04.447  1187  1187 I NotificationListeners: Read notification listener permissions from xml
01-02 01:12:04.448  1187  1187 I ConditionProviders: Read condition provider permissions from xml
01-02 01:12:04.448  1187  1187 I ConditionProviders: Read condition provider permissions from xml
01-02 01:12:04.449  1187  1187 D ZenLog  : set_zen_mode: off,init
01-02 01:12:04.460  1187  1187 D SystemServerTiming: StartNotificationManager took to complete: 56ms
01-02 01:12:04.460  1187  1187 I SystemServer: StartDeviceMonitor
01-02 01:12:04.461  1187  1187 I SystemServiceManager: Starting com.android.server.storage.DeviceStorageMonitorService
01-02 01:12:04.461   821   821 I Zygote  : Preloading shared libraries...
01-02 01:12:04.464  1187  1187 D SystemServerTiming: StartDeviceMonitor took to complete: 4ms
01-02 01:12:04.464  1187  1187 I SystemServer: StartLocationManagerService
01-02 01:12:04.468  1187  1187 D SystemServerTiming: StartLocationManagerService took to complete: 4ms
01-02 01:12:04.468  1187  1187 I SystemServer: StartCountryDetectorService
01-02 01:12:04.470  1187  1187 D SystemServerTiming: StartCountryDetectorService took to complete: 2ms
01-02 01:12:04.471  1187  1187 I SystemServer: StartSearchManagerService
01-02 01:12:04.471  1187  1187 I SystemServiceManager: Starting com.android.server.search.SearchManagerService$Lifecycle
01-02 01:12:04.475  1187  1187 D SystemServerTiming: StartSearchManagerService took to complete: 4ms
01-02 01:12:04.475  1187  1187 I SystemServer: StartWallpaperManagerService
01-02 01:12:04.475  1187  1187 I SystemServiceManager: Starting com.android.server.wallpaper.WallpaperManagerService$Lifecycle
01-02 01:12:04.480  1187  1187 I WallpaperManagerService: No static wallpaper imagery; defaults will be shown
01-02 01:12:04.483  1187  1187 D SystemServerTiming: StartWallpaperManagerService took to complete: 8ms
01-02 01:12:04.483  1187  1187 I SystemServer: StartAudioService
01-02 01:12:04.484  1187  1187 I SystemServiceManager: Starting com.android.server.audio.AudioService$Lifecycle
01-02 01:12:04.494  1187  1187 W TelecomManager: Telecom Service not found.
01-02 01:12:04.495   821   821 I Zygote  : Uninstalled ICU cache reference pinning...
01-02 01:12:04.496   823  1149 D PermissionCache: checking android.permission.MODIFY_AUDIO_SETTINGS for uid=1000 => granted (1480 us)
01-02 01:12:04.496   823  1149 D AudioPolicyManagerCustom: setForceUse() usage 4, config 0, mPhoneState 0
01-02 01:12:04.496   823  1149 D AudioPolicyManagerCustom: setForceUse() usage 3, config 8, mPhoneState 0
01-02 01:12:04.497   821   821 I Zygote  : Installed AndroidKeyStoreProvider in 1ms.
01-02 01:12:04.498   823  1288 W AudioFlinger: no wake lock to update, system not ready yet
01-02 01:12:04.498   823  1290 W AudioFlinger: no wake lock to update, system not ready yet
01-02 01:12:04.498   823  1292 W AudioFlinger: no wake lock to update, system not ready yet
01-02 01:12:04.500   578   578 D audio_hw_primary: adev_set_mic_mute state 0
01-02 01:12:04.500   578  1279 W DeviceHAL: Device 0xef8c2280 set_mic_mute: Function not implemented
01-02 01:12:04.500   578  1279 W DeviceHAL: Device 0xeea40680 set_mic_mute: Function not implemented
01-02 01:12:04.510   821   821 I Zygote  : Warmed up JCA providers in 13ms.
01-02 01:12:04.510   821   821 D Zygote  : end preload
01-02 01:12:04.511  1187  1200 D SystemServerTimingAsync: SecondaryZygotePreload took to complete: 1195ms
01-02 01:12:04.511  1187  1200 D SystemServerInitThreadPool: Finished executing SecondaryZygotePreload
01-02 01:12:04.518   578   578 D audio_hw_primary: out_set_parameters: enter: usecase(1: low-latency-playback) kvpairs: routing=2
01-02 01:12:04.522   578   578 D audio_hw_primary: select_devices for use case (low-latency-playback)
01-02 01:12:04.522   578   578 D audio_hw_extn: audio_extn_set_anc_parameters: anc_enabled:0
01-02 01:12:04.522   578   578 D audio_hw_spkr_prot: audio_extn_fbsp_set_parameters: Speaker protection disabled
01-02 01:12:04.530   823  1149 D AudioPolicyManagerCustom: setForceUse() usage 6, config 0, mPhoneState 0
01-02 01:12:04.591  1187  1187 D SystemServerTiming: StartAudioService took to complete: 107ms
01-02 01:12:04.591  1187  1187 I SystemServer: StartDockObserver
01-02 01:12:04.591  1187  1187 I SystemServiceManager: Starting com.android.server.DockObserver
01-02 01:12:04.592  1187  1187 W DockObserver: This kernel does not have dock station support
01-02 01:12:04.594  1187  1187 D SystemServerTiming: StartDockObserver took to complete: 3ms
01-02 01:12:04.594  1187  1187 I SystemServer: StartWiredAccessoryManager
01-02 01:12:04.596  1187  1187 W WiredAccessoryManager: This kernel does not have usb audio support
01-02 01:12:04.596  1187  1187 W WiredAccessoryManager: This kernel does not have HDMI audio support
01-02 01:12:04.597  1187  1187 W WiredAccessoryManager: This kernel does not have DP audio support
01-02 01:12:04.597  1187  1187 D SystemServerTiming: StartWiredAccessoryManager took to complete: 3ms
01-02 01:12:04.598  1187  1187 I SystemServer: StartMidiManager
01-02 01:12:04.598  1187  1187 I SystemServiceManager: Starting com.android.server.midi.MidiService$Lifecycle
01-02 01:12:04.602  1187  1187 D SystemServerTiming: StartMidiManager took to complete: 4ms
01-02 01:12:04.602  1187  1187 I SystemServer: StartUsbService
01-02 01:12:04.602  1187  1187 I SystemServiceManager: Starting com.android.server.usb.UsbService$Lifecycle
01-02 01:12:04.613  1187  1187 I zygote64: Looking for service android.hidl.manager@1.0::IServiceManager/default
01-02 01:12:04.616  1187  1187 I zygote64: Starting thread pool.
01-02 01:12:04.620  1187  1187 I zygote64: Looking for service android.hardware.usb@1.0::IUsb/default
01-02 01:12:04.621   464   464 W /system/bin/hwservicemanager: getTransport: Cannot find entry android.hardware.usb@1.0::IUsb/default in either framework or device manifest.
01-02 01:12:04.621  1187  1187 E zygote64: service android.hardware.usb@1.0::IUsb declares transport method EMPTY but framework expects hwbinder.
01-02 01:12:04.622  1187  1187 E UsbPortManager: connectToProxy: usb hal service not found. Did the service fail to start?
01-02 01:12:04.622  1187  1187 E UsbPortManager: java.util.NoSuchElementException
01-02 01:12:04.622  1187  1187 E UsbPortManager: 	at android.os.HwBinder.getService(Native Method)
01-02 01:12:04.622  1187  1187 E UsbPortManager: 	at android.hardware.usb.V1_0.IUsb.getService(IUsb.java:44)
01-02 01:12:04.622  1187  1187 E UsbPortManager: 	at com.android.server.usb.UsbPortManager.connectToProxy(UsbPortManager.java:524)
01-02 01:12:04.622  1187  1187 E UsbPortManager: 	at com.android.server.usb.UsbPortManager.<init>(UsbPortManager.java:130)
01-02 01:12:04.622  1187  1187 E UsbPortManager: 	at com.android.server.usb.UsbService.<init>(UsbService.java:132)
01-02 01:12:04.622  1187  1187 E UsbPortManager: 	at com.android.server.usb.UsbService$Lifecycle.onStart(UsbService.java:68)
01-02 01:12:04.622  1187  1187 E UsbPortManager: 	at com.android.server.SystemServiceManager.startService(SystemServiceManager.java:124)
01-02 01:12:04.622  1187  1187 E UsbPortManager: 	at com.android.server.SystemServiceManager.startService(SystemServiceManager.java:111)
01-02 01:12:04.622  1187  1187 E UsbPortManager: 	at com.android.server.SystemServiceManager.startService(SystemServiceManager.java:70)
01-02 01:12:04.622  1187  1187 E UsbPortManager: 	at com.android.server.SystemServer.startOtherServices(SystemServer.java:1403)
01-02 01:12:04.622  1187  1187 E UsbPortManager: 	at com.android.server.SystemServer.run(SystemServer.java:424)
01-02 01:12:04.622  1187  1187 E UsbPortManager: 	at com.android.server.SystemServer.main(SystemServer.java:300)
01-02 01:12:04.622  1187  1187 E UsbPortManager: 	at java.lang.reflect.Method.invoke(Native Method)
01-02 01:12:04.622  1187  1187 E UsbPortManager: 	at com.android.internal.os.RuntimeInit$MethodAndArgsCaller.run(RuntimeInit.java:438)
01-02 01:12:04.622  1187  1187 E UsbPortManager: 	at com.android.internal.os.ZygoteInit.main(ZygoteInit.java:787)
01-02 01:12:04.628  1187  1187 D SystemServerTiming: StartUsbService took to complete: 26ms
01-02 01:12:04.628  1187  1187 I SystemServer: StartSerialService
01-02 01:12:04.631  1187  1187 D SystemServerTiming: StartSerialService took to complete: 2ms
01-02 01:12:04.631  1187  1187 I SystemServer: StartHardwarePropertiesManagerService
01-02 01:12:04.635  1187  1187 D HardwarePropertiesManagerService-JNI: Link to death notification successful
01-02 01:12:04.637  1187  1187 D SystemServerTiming: StartHardwarePropertiesManagerService took to complete: 6ms
01-02 01:12:04.637  1187  1187 I SystemServer: StartTwilightService
01-02 01:12:04.638  1187  1187 I SystemServiceManager: Starting com.android.server.twilight.TwilightService
01-02 01:12:04.638  1187  1187 D SystemServerTiming: StartTwilightService took to complete: 1ms
01-02 01:12:04.639  1187  1187 I SystemServer: StartNightDisplay
01-02 01:12:04.639  1187  1187 I SystemServiceManager: Starting com.android.server.display.NightDisplayService
01-02 01:12:04.640  1187  1187 D SystemServerTiming: StartNightDisplay took to complete: 1ms
01-02 01:12:04.640  1187  1187 I SystemServer: StartJobScheduler
01-02 01:12:04.640  1187  1187 I SystemServiceManager: Starting com.android.server.job.JobSchedulerService
01-02 01:12:04.647  1187  1187 D JobStore: Start tag: job-info
01-02 01:12:04.653  1187  1187 I JobStore: Read 43 jobs
01-02 01:12:04.659  1187  1187 D ConnectivityService: requestNetwork for uid/pid:1000/1187 NetworkRequest [ TRACK_DEFAULT id=3, [ Capabilities: INTERNET&NOT_RESTRICTED&TRUSTED&NOT_VPN] ]
01-02 01:12:04.664  1187  1187 D SystemServerTiming: StartJobScheduler took to complete: 23ms
01-02 01:12:04.664  1187  1187 I SystemServer: StartSoundTrigger
01-02 01:12:04.664  1187  1187 I SystemServiceManager: Starting com.android.server.soundtrigger.SoundTriggerService
01-02 01:12:04.666  1187  1187 D SystemServerTiming: StartSoundTrigger took to complete: 3ms
01-02 01:12:04.666  1187  1187 I SystemServer: StartTrustManager
01-02 01:12:04.668  1187  1187 I SystemServiceManager: Starting com.android.server.trust.TrustManagerService
01-02 01:12:04.670  1187  1187 D SystemServerTiming: StartTrustManager took to complete: 4ms
01-02 01:12:04.671  1187  1187 I SystemServer: StartBackupManager
01-02 01:12:04.671  1187  1187 I SystemServiceManager: Starting com.android.server.backup.BackupManagerService$Lifecycle
01-02 01:12:04.674  1187  1187 D SystemServerTiming: StartBackupManager took to complete: 4ms
01-02 01:12:04.675  1187  1187 I SystemServer: StartAppWidgerService
01-02 01:12:04.675  1187  1187 I SystemServiceManager: Starting com.android.server.appwidget.AppWidgetService
01-02 01:12:04.684  1187  1187 D SystemServerTiming: StartAppWidgerService took to complete: 10ms
01-02 01:12:04.685  1187  1187 I SystemServer: StartVoiceRecognitionManager
01-02 01:12:04.685  1187  1187 I SystemServiceManager: Starting com.android.server.voiceinteraction.VoiceInteractionManagerService
01-02 01:12:04.688  1187  1187 D SystemServerTiming: StartVoiceRecognitionManager took to complete: 3ms
01-02 01:12:04.688  1187  1187 I SystemServer: StartGestureLauncher
01-02 01:12:04.688  1187  1187 I SystemServiceManager: Starting com.android.server.GestureLauncherService
01-02 01:12:04.689  1187  1187 D SystemServerTiming: StartGestureLauncher took to complete: 0ms
01-02 01:12:04.689  1187  1187 I SystemServer: StartSensorNotification
01-02 01:12:04.689  1187  1187 I SystemServiceManager: Starting com.android.server.SensorNotificationService
01-02 01:12:04.689  1187  1187 D SystemServerTiming: StartSensorNotification took to complete: 0ms
01-02 01:12:04.690  1187  1187 I SystemServer: StartContextHubSystemService
01-02 01:12:04.690  1187  1187 I SystemServiceManager: Starting com.android.server.ContextHubSystemService
01-02 01:12:04.690  1187  1187 D SystemServerTiming: StartContextHubSystemService took to complete: 1ms
01-02 01:12:04.690  1187  1425 D SystemServerInitThreadPool: Started executing Init ContextHubSystemService
01-02 01:12:04.690  1187  1187 I SystemServer: StartDiskStatsService
01-02 01:12:04.693   464   464 W /system/bin/hwservicemanager: getTransport: Cannot find entry android.hardware.contexthub@1.0::IContexthub/default in either framework or device manifest.
01-02 01:12:04.693  1187  1425 E ContextHubService: Could not load context hub hal
01-02 01:12:04.693  1187  1425 W ContextHubService: No Context Hub Module present
01-02 01:12:04.693  1187  1425 D SystemServerInitThreadPool: Finished executing Init ContextHubSystemService
01-02 01:12:04.694  1187  1187 D SystemServerTiming: StartDiskStatsService took to complete: 3ms
01-02 01:12:04.694  1187  1187 I SystemServer: StartNetworkTimeUpdateService
01-02 01:12:04.696  1187  1187 D SystemServerTiming: StartNetworkTimeUpdateService took to complete: 2ms
01-02 01:12:04.696  1187  1187 I SystemServer: StartCommonTimeManagementService
01-02 01:12:04.699  1187  1187 D SystemServerTiming: StartCommonTimeManagementService took to complete: 3ms
01-02 01:12:04.700  1187  1187 I SystemServer: CertBlacklister
01-02 01:12:04.701  1187  1187 D SystemServerTiming: CertBlacklister took to complete: 2ms
01-02 01:12:04.701  1187  1187 I SystemServer: StartEmergencyAffordanceService
01-02 01:12:04.702  1187  1187 I SystemServiceManager: Starting com.android.server.emergency.EmergencyAffordanceService
01-02 01:12:04.702  1187  1187 D SystemServerTiming: StartEmergencyAffordanceService took to complete: 1ms
01-02 01:12:04.703  1187  1187 I SystemServer: StartDreamManager
01-02 01:12:04.703  1187  1187 I SystemServiceManager: Starting com.android.server.dreams.DreamManagerService
01-02 01:12:04.708  1187  1187 D SystemServerTiming: StartDreamManager took to complete: 5ms
01-02 01:12:04.708  1187  1187 I SystemServer: AddGraphicsStatsService
01-02 01:12:04.712  1187  1187 D SystemServerTiming: AddGraphicsStatsService took to complete: 4ms
01-02 01:12:04.714  1187  1187 I SystemServer: StartPrintManager
01-02 01:12:04.715  1187  1187 I SystemServiceManager: Starting com.android.server.print.PrintManagerService
01-02 01:12:04.720  1187  1187 D SystemServerTiming: StartPrintManager took to complete: 5ms
01-02 01:12:04.720  1187  1187 I SystemServer: StartCompanionDeviceManager
01-02 01:12:04.722  1187  1187 I SystemServiceManager: Starting com.android.server.companion.CompanionDeviceManagerService
01-02 01:12:04.727  1187  1187 D SystemServerTiming: StartCompanionDeviceManager took to complete: 6ms
01-02 01:12:04.727  1187  1187 I SystemServer: StartRestrictionManager
01-02 01:12:04.727  1187  1187 I SystemServiceManager: Starting com.android.server.restrictions.RestrictionsManagerService
