01-01 18:00:31.237   808   808 D QC-time-services: Daemon: Storage Name: ats_1 
01-01 18:00:31.237   808   808 D QC-time-services: Daemon:Opening File: /persist/time/ats_1 /data/time/ats_1
01-01 18:00:31.237   808   808 D QC-time-services: Daemon:time_persistent_memory_opr:Genoff Read operation 
01-01 18:00:31.238   808   808 D QC-time-services: Daemon:Open File: /data/time/ats_1
01-01 18:00:31.239   808   808 D QC-time-services: Daemon:genoff_pre_init::Base = 2
01-01 18:00:31.239   808   808 D QC-time-services: Daemon: Storage Name: ats_2 
01-01 18:00:31.239   808   808 D QC-time-services: Daemon:Opening File: /persist/time/ats_2 /data/time/ats_2
01-01 18:00:31.239   808   808 D QC-time-services: Daemon:time_persistent_memory_opr:Genoff Read operation 
01-01 18:00:31.239   808   808 D QC-time-services: Daemon:Open File: /data/time/ats_2
01-01 18:00:31.240   808   808 D QC-time-services: Daemon:genoff_pre_init::Base = 3
01-01 18:00:31.240   808   808 D QC-time-services: Daemon: Storage Name: ats_3 
01-01 18:00:31.240   808   808 D QC-time-services: Daemon:Opening File: /persist/time/ats_3 /data/time/ats_3
01-01 18:00:31.240   808   808 D QC-time-services: Daemon:time_persistent_memory_opr:Genoff Read operation 
01-01 18:00:31.240   808   808 D QC-time-services: Daemon:Open File: /data/time/ats_3
01-01 18:00:31.240   808   808 D QC-time-services: Daemon:Unable to open filefor read
01-01 18:00:31.240   808   808 D QC-time-services: Daemon:genoff_post_init:Error in accessing storage
01-01 18:00:31.240   808   808 D QC-time-services: Daemon:genoff_pre_init::Base = 4
01-01 18:00:31.240   808   808 D QC-time-services: Daemon: Storage Name: ats_4 
01-01 18:00:31.240   808   808 D QC-time-services: Daemon:Opening File: /persist/time/ats_4 /data/time/ats_4
01-01 18:00:31.240   808   808 D QC-time-services: Daemon:time_persistent_memory_opr:Genoff Read operation 
01-01 18:00:31.240   808   808 D QC-time-services: Daemon:Open File: /data/time/ats_4
01-01 18:00:31.240   808   808 D QC-time-services: Daemon:Unable to open filefor read
01-01 18:00:31.240   808   808 D QC-time-services: Daemon:genoff_post_init:Error in accessing storage
01-01 18:00:31.240   808   808 D QC-time-services: Daemon:genoff_pre_init::Base = 5
01-01 18:00:31.240   808   808 D QC-time-services: Daemon: Storage Name: ats_5 
01-01 18:00:31.240   808   808 D QC-time-services: Daemon:Opening File: /persist/time/ats_5 /data/time/ats_5
01-01 18:00:31.241   808   808 D QC-time-services: Daemon:time_persistent_memory_opr:Genoff Read operation 
01-01 18:00:31.241   808   808 D QC-time-services: Daemon:Open File: /data/time/ats_5
01-01 18:00:31.241   808   808 D QC-time-services: Daemon:Unable to open filefor read
01-01 18:00:31.241   808   808 D QC-time-services: Daemon:genoff_post_init:Error in accessing storage
01-01 18:00:31.241   808   808 D QC-time-services: Daemon:genoff_pre_init::Base = 6
01-01 18:00:31.241   808   808 D QC-time-services: Daemon: Storage Name: ats_6 
01-01 18:00:31.241   808   808 D QC-time-services: Daemon:Opening File: /persist/time/ats_6 /data/time/ats_6
01-01 18:00:31.241   808   808 D QC-time-services: Daemon:time_persistent_memory_opr:Genoff Read operation 
01-01 18:00:31.241   808   808 D QC-time-services: Daemon:Open File: /data/time/ats_6
01-01 18:00:31.241   808   808 D QC-time-services: Daemon:Unable to open filefor read
01-01 18:00:31.241   808   808 D QC-time-services: Daemon:genoff_post_init:Error in accessing storage
01-01 18:00:31.241   808   808 D QC-time-services: Daemon:genoff_pre_init::Base = 7
01-01 18:00:31.241   808   808 D QC-time-services: Daemon: Storage Name: ats_7 
01-01 18:00:31.241   808   808 D QC-time-services: Daemon:Opening File: /persist/time/ats_7 /data/time/ats_7
01-01 18:00:31.241   808   808 D QC-time-services: Daemon:time_persistent_memory_opr:Genoff Read operation 
01-01 18:00:31.241   808   808 D QC-time-services: Daemon:Open File: /data/time/ats_7
01-01 18:00:31.241   808   808 D QC-time-services: Daemon:Unable to open filefor read
01-01 18:00:31.241   808   808 D QC-time-services: Daemon:genoff_post_init:Error in accessing storage
01-01 18:00:31.241   808   808 D QC-time-services: Daemon:genoff_pre_init::Base = 8
01-01 18:00:31.241   808   808 D QC-time-services: Daemon: Storage Name: ats_8 
01-01 18:00:31.241   808   808 D QC-time-services: Daemon:Opening File: /persist/time/ats_8 /data/time/ats_8
01-01 18:00:31.241   808   808 D QC-time-services: Daemon:time_persistent_memory_opr:Genoff Read operation 
01-01 18:00:31.241   808   808 D QC-time-services: Daemon:Open File: /data/time/ats_8
01-01 18:00:31.241   808   808 D QC-time-services: Daemon:Unable to open filefor read
01-01 18:00:31.241   808   808 D QC-time-services: Daemon:genoff_post_init:Error in accessing storage
01-01 18:00:31.241   808   808 D QC-time-services: Daemon:genoff_pre_init::Base = 9
01-01 18:00:31.241   808   808 D QC-time-services: Daemon: Storage Name: ats_9 
01-01 18:00:31.241   808   808 D QC-time-services: Daemon:Opening File: /persist/time/ats_9 /data/time/ats_9
01-01 18:00:31.242   808   808 D QC-time-services: Daemon:time_persistent_memory_opr:Genoff Read operation 
01-01 18:00:31.242   808   808 D QC-time-services: Daemon:Open File: /data/time/ats_9
01-01 18:00:31.242   808   808 D QC-time-services: Daemon:Unable to open filefor read
01-01 18:00:31.242   808   808 D QC-time-services: Daemon:genoff_post_init:Error in accessing storage
01-01 18:00:31.242   808   808 D QC-time-services: Daemon:genoff_pre_init::Base = 10
01-01 18:00:31.242   808   808 D QC-time-services: Daemon: Storage Name: ats_10 
01-01 18:00:31.242   808   808 D QC-time-services: Daemon:Opening File: /persist/time/ats_10 /data/time/ats_10
01-01 18:00:31.242   808   808 D QC-time-services: Daemon:time_persistent_memory_opr:Genoff Read operation 
01-01 18:00:31.242   808   808 D QC-time-services: Daemon:Open File: /data/time/ats_10
01-01 18:00:31.242   808   808 D QC-time-services: Daemon:Unable to open filefor read
01-01 18:00:31.242   808   808 D QC-time-services: Daemon:genoff_post_init:Error in accessing storage
01-01 18:00:31.242   808   808 D QC-time-services: Daemon:genoff_pre_init::Base = 11
01-01 18:00:31.242   808   808 D QC-time-services: Daemon: Storage Name: ats_11 
01-01 18:00:31.242   808   808 D QC-time-services: Daemon:Opening File: /persist/time/ats_11 /data/time/ats_11
01-01 18:00:31.242   808   808 D QC-time-services: Daemon:time_persistent_memory_opr:Genoff Read operation 
01-01 18:00:31.242   808   808 D QC-time-services: Daemon:Open File: /data/time/ats_11
01-01 18:00:31.242   808   808 D QC-time-services: Daemon:Unable to open filefor read
01-01 18:00:31.242   808   808 D QC-time-services: Daemon:genoff_post_init:Error in accessing storage
01-01 18:00:31.242   808   808 D QC-time-services: Daemon:genoff_pre_init::Base = 12
01-01 18:00:31.242   808   808 D QC-time-services: Daemon: Storage Name: ats_12 
01-01 18:00:31.242   808   808 D QC-time-services: Daemon:Opening File: /persist/time/ats_12 /data/time/ats_12
01-01 18:00:31.242   808   808 D QC-time-services: Daemon:time_persistent_memory_opr:Genoff Read operation 
01-01 18:00:31.242   808   808 D QC-time-services: Daemon:Open File: /data/time/ats_12
01-01 18:00:31.242   808   808 D QC-time-services: Daemon:Unable to open filefor read
01-01 18:00:31.242   808   808 D QC-time-services: Daemon:genoff_post_init:Error in accessing storage
01-01 18:00:31.242   808   808 D QC-time-services: Daemon:genoff_pre_init::Base = 13
01-01 18:00:31.242   808   808 D QC-time-services: Daemon: Storage Name: ats_13 
01-01 18:00:31.242   808   808 D QC-time-services: Daemon:Opening File: /persist/time/ats_13 /data/time/ats_13
01-01 18:00:31.242   808   808 D QC-time-services: Daemon:time_persistent_memory_opr:Genoff Read operation 
01-01 18:00:31.242   808   808 D QC-time-services: Daemon:Open File: /data/time/ats_13
01-01 18:00:31.242   808   808 D QC-time-services: Daemon:Unable to open filefor read
01-01 18:00:31.242   808   808 D QC-time-services: Daemon:genoff_post_init:Error in accessing storage
01-01 18:00:31.242   808   808 D QC-time-services: Daemon:genoff_pre_init::Base = 14
01-01 18:00:31.243   808   808 D QC-time-services: Daemon: Storage Name: ats_14 
01-01 18:00:31.243   808   808 D QC-time-services: Daemon:Opening File: /persist/time/ats_14 /data/time/ats_14
01-01 18:00:31.243   808   808 D QC-time-services: Daemon:time_persistent_memory_opr:Genoff Read operation 
01-01 18:00:31.243   808   808 D QC-time-services: Daemon:Open File: /data/time/ats_14
01-01 18:00:31.243   808   808 D QC-time-services: Daemon:Unable to open filefor read
01-01 18:00:31.243   808   808 D QC-time-services: Daemon:genoff_post_init:Error in accessing storage
01-01 18:00:31.243   808   808 D QC-time-services: Daemon:genoff_pre_init::Base = 15
01-01 18:00:31.243   808   808 D QC-time-services: Daemon: Storage Name: ats_15 
01-01 18:00:31.243   808   808 D QC-time-services: Daemon:Opening File: /persist/time/ats_15 /data/time/ats_15
01-01 18:00:31.243   808   808 D QC-time-services: Daemon:time_persistent_memory_opr:Genoff Read operation 
01-01 18:00:31.243   808   808 D QC-time-services: Daemon:Open File: /data/time/ats_15
01-01 18:00:31.243   808   808 D QC-time-services: Daemon:Unable to open filefor read
01-01 18:00:31.243   808   808 D QC-time-services: Daemon:genoff_post_init:Error in accessing storage
01-01 18:00:31.243   808   808 D QC-time-services: Daemon:genoff_pre_init::Base = 16
01-01 18:00:31.243   808   808 D QC-time-services: Daemon: Storage Name: ats_16 
01-01 18:00:31.243   808   808 D QC-time-services: Daemon:Opening File: /persist/time/ats_16 /data/time/ats_16
01-01 18:00:31.243   808   808 D QC-time-services: Daemon:time_persistent_memory_opr:Genoff Read operation 
01-01 18:00:31.243   808   808 D QC-time-services: Daemon:Open File: /data/time/ats_16
01-01 18:00:31.246   808   808 D QC-time-services: Daemon:genoff_init_config: Other bases initilized, exiting genoff_init
01-01 18:00:31.246   808   808 D QC-time-services: Daemon:rtc_get: Time read from RTC -- MM/DD/YY HH:MM:SS0/1/70 6:0:31
01-01 18:00:31.246   808   808 D QC-time-services: Daemon rtc_get: seconds = 21631
01-01 18:00:31.246   808   808 D QC-time-services: Daemon:Value read from RTC mseconds = 21631000
01-01 18:00:31.246   808   808 D QC-time-services: Daemon:Value read from QTimer mseconds = 25571
01-01 18:00:31.246   808   808 D QC-time-services: Daemon:genoff_opr: Base = 1, val = 0, operation = 1
01-01 18:00:31.246   808   808 D QC-time-services: Daemon: genoff get for 1
01-01 18:00:31.246   808   808 D QC-time-services: Daemon:Value read from QTimer mseconds = 25571
01-01 18:00:31.246   808   808 D QC-time-services: Daemon:Value read from RTC mseconds on boot = 21631000
01-01 18:00:31.246   808   808 D QC-time-services: Daemon:Value read from QTimer mseconds = 25571
01-01 18:00:31.246   808   808 D QC-time-services: Daemon:Value read from generic offset = 1514790684115
01-01 18:00:31.246   808   808 D QC-time-services: Daemon:Delta read on boot mseconds = 21605429
01-01 18:00:31.246   808   808 D QC-time-services: Daemon:Final Time = 1514812315115
01-01 18:00:31.246   808   808 E QC-time-services: Daemon:genoff_boot_tod_init: Updating system time to sec=1514812315, usec=115000
01-02 01:11:55.116   808   824 D QC-time-services: Daemon:genoff_wlan_qmi_service_request: Initiallizing QMI 
01-02 01:11:55.117   808   825 D QC-time-services: Daemon:genoff_modem_qmi_service_request: Initiallizing QMI 
01-02 01:11:55.118   808   827 D QC-time-services: Daemon: Time-services: All initializations done
01-02 01:11:55.118   808   827 E QC-time-services: Daemon: Time-services: Waiting to acceptconnection
01-02 01:11:55.118   808   824 E QC-time-services: Daemon:genoff_wlan_qmi_service_request: qmi_client_get_service_list returned -2num_services 0
01-02 01:11:55.121   808   825 E QMI_FW  : QMUXD: WARNING qmi_qmux_if_pwr_up_init failed! rc=-6
01-02 01:11:55.121   808   825 E QC-time-services: Daemon:genoff_modem_qmi_service_request: qmi_client_get_service_list returned 0num_services 1
01-02 01:11:55.126   808   825 D QC-time-services: Daemon:genoff_modem_qmi_service_request: Initial transaction successfull
01-02 00:00:43.558   805   805 W ptt_socket_app: type=1400 audit(0.0:12): avc: denied { chown } for capability=0 scontext=u:r:wcnss_service:s0 tcontext=u:r:wcnss_service:s0 tclass=capability permissive=0
01-02 01:11:55.155   813   832 E /system/vendor/bin/adsprpcd: vendor/qcom/proprietary/adsprpc/src/apps_std_imp.c:695:Error 45: fopen failed for remote_heap_config.so. (No such file or directory)
01-02 01:11:55.161   813   832 E /system/vendor/bin/adsprpcd: vendor/qcom/proprietary/adsprpc/src/apps_std_imp.c:695:Error 45: fopen failed for oemconfig.so. (No such file or directory)
01-02 01:11:55.165   813   832 E /system/vendor/bin/adsprpcd: vendor/qcom/proprietary/adsprpc/src/apps_std_imp.c:695:Error 45: fopen failed for adsp_avs_config.acdb. (No such file or directory)
01-02 01:11:55.168   813   832 E /system/vendor/bin/adsprpcd: vendor/qcom/proprietary/adsprpc/src/apps_std_imp.c:695:Error 45: fopen failed for testsig-0x238decbf.so. (No such file or directory)
01-02 01:11:55.171   813   832 E /system/vendor/bin/adsprpcd: vendor/qcom/proprietary/adsprpc/src/apps_std_imp.c:695:Error 45: fopen failed for testsig.so. (No such file or directory)
01-02 01:11:55.181   803   803 E QCNEA   : Cne Version 4.9
01-02 01:11:55.191   809   809 I ThermalEngine: Thermal daemon started
01-02 01:11:55.192   809   809 I ThermalEngine: No target config file, falling back to 'vendor/etc/thermal-engine.conf'
01-02 01:11:55.192   809   809 I ThermalEngine: devices_manager_init: Init
01-02 01:11:55.192   809   809 I ThermalEngine: Number of gpus :1
01-02 01:11:55.192   809   809 I Thermal-IOCTL: KTM IOCTL interface "/dev/msm_thermal_query" opened
01-02 01:11:55.193   809   809 E ThermalEngine: update_cpu_topology: Cluster Info[0]. Cluster Id: 0 cpu_bits:0xf sync:1
01-02 01:11:55.193   809   809 E ThermalEngine: update_cpu_topology: Cluster Info[1]. Cluster Id: 1 cpu_bits:0xf0 sync:1
01-02 01:11:55.199   809   809 I ThermalEngine: vdd_rstr_init: Init KTM VDD RSTR enabled: 0
01-02 01:11:55.200   806   806 I CNSS    : Failed to initialize cld80211 library, proceed with legacy procedure
01-02 01:11:55.207   806   806 I CNSS    : log_capture_location  = /sdcard/wlan_logs/
01-02 01:11:55.207   806   806 I CNSS    : Host_logs_location  = /sdcard/wlan_logs/buffered_cnsshost_log.txt
01-02 01:11:55.207   806   806 I CNSS    : firmware_logs_location  = /sdcard/wlan_logs/buffered_cnssfw_log.txt
01-02 01:11:55.208   806   806 I CNSS    : cnss_open_log_file: create directory /sdcard/wlan_logs/ ret = -1 errno= 2
01-02 01:11:55.208   806   806 I CNSS    : failed to open file a+ mode or file size 0 is less than max_file_size 31457280
01-02 01:11:55.208   806   806 I CNSS    : Failed to open file /sdcard/wlan_logs/host_driver_logs_current.txt: 2
01-02 01:11:55.210   809   809 I ThermalEngine: cpr_band_init: Could not read /sys/module/msm_thermal/cpr_band/curr_cpr_band
01-02 01:11:55.211   809   809 I ThermalEngine: sensors_manager_init: Init
01-02 01:11:55.230   811   811 E Diag_Lib: qpLogDiagInit <== result : 1
01-02 01:11:55.230   811   811 E Diag_Lib: QMID : gIsQXDMDisabled 0, gIsADBDisabled 1, gIsDebugDisabled 0, gIsIMSLogsDisabled 0
01-02 01:11:55.230   811   811 E Diag_Lib: [IMS_QMID] |imsqmiserver.c | 541 | QMID#$$#0#QMI DAEMON STARTED
01-02 01:11:55.266   813   832 E /system/vendor/bin/adsprpcd: vendor/qcom/proprietary/adsprpc/src/apps_std_imp.c:695:Error 45: fopen failed for custom_sm_ecns_1.so.1. (No such file or directory)
01-02 00:00:43.558   805   805 W ptt_socket_app: type=1400 audit(0.0:13): avc: denied { setgid } for capability=6 scontext=u:r:wcnss_service:s0 tcontext=u:r:wcnss_service:s0 tclass=capability permissive=0
01-02 01:11:55.269   813   832 E /system/vendor/bin/adsprpcd: vendor/qcom/proprietary/adsprpc/src/apps_std_imp.c:695:Error 45: fopen failed for custom_sm_ecns_2.so.1. (No such file or directory)
01-02 01:11:55.271   813   832 E /system/vendor/bin/adsprpcd: vendor/qcom/proprietary/adsprpc/src/apps_std_imp.c:695:Error 45: fopen failed for custom_dm_ecns_1.so.1. (No such file or directory)
01-02 01:11:55.271   833   833 I installd: installd firing up
01-02 01:11:55.272   813   832 E /system/vendor/bin/adsprpcd: vendor/qcom/proprietary/adsprpc/src/apps_std_imp.c:695:Error 45: fopen failed for custom_dm_ecns_2.so.1. (No such file or directory)
01-02 01:11:55.273   813   832 E /system/vendor/bin/adsprpcd: vendor/qcom/proprietary/adsprpc/src/apps_std_imp.c:695:Error 45: fopen failed for custom_qm_ecns_1.so.1. (No such file or directory)
01-02 01:11:55.273   813   832 E /system/vendor/bin/adsprpcd: vendor/qcom/proprietary/adsprpc/src/apps_std_imp.c:695:Error 45: fopen failed for custom_qm_ecns_2.so.1. (No such file or directory)
01-02 01:11:55.275   784   784 W ADebug  : Failed to get property persist.sys.media.traces
01-02 01:11:55.276   813   832 E /system/vendor/bin/adsprpcd: vendor/qcom/proprietary/adsprpc/src/apps_std_imp.c:695:Error 45: fopen failed for voiceproc_tx.so. (No such file or directory)
01-02 01:11:55.278   809   847 E QMI_FW  : QMUXD: WARNING qmi_qmux_if_pwr_up_init failed! rc=-6
01-02 01:11:55.278   809   847 I ThermalEngine: qmi: Instance id 157 for fusion TS
01-02 01:11:55.279   813   832 E /system/vendor/bin/adsprpcd: vendor/qcom/proprietary/adsprpc/src/apps_std_imp.c:695:Error 45: fopen failed for voiceproc_rx.so. (No such file or directory)
01-02 01:11:55.288   809   841 I ThermalEngine: MODEM thermal mitigation available.
01-02 01:11:55.289   809   841 I ThermalEngine: ACTION: MODEM - Pending request: pa mitigation succeeded for level 0.
01-02 01:11:55.289   809   841 I ThermalEngine: Mitigation:Modem:0
01-02 01:11:55.290   809   841 I ThermalEngine: ACTION: MODEM - Pending request: cpuv_restriction_cold mitigation succeeded for level 0.
01-02 01:11:55.290   809   841 I ThermalEngine: Mitigation:VDD[MODEM-cpuv_restriction_cold]:0
01-02 01:11:55.292   809   841 I ThermalEngine: ACTION: MODEM - Pending request: modem mitigation succeeded for level 0.
01-02 01:11:55.292   809   841 I ThermalEngine: Mitigation:VDD[MODEM-modem]:0
01-02 01:11:55.294   809   841 I ThermalEngine: ACTION: MODEM - Pending request: modem_current mitigation succeeded for level 0.
01-02 01:11:55.294   809   841 I ThermalEngine: Mitigation:VDD[MODEM-modem_current]:0
01-02 01:11:55.347   809   809 E ThermalEngine: Unable to change to /sys/devices/soc.0/
01-02 01:11:55.347   809   809 E ThermalEngine: bcl_setup: Unexpected node error
01-02 01:11:55.347   809   809 E ThermalEngine: add_tgt_sensor: bcl sensor setup failed failed.
01-02 01:11:55.347   809   809 E ThermalEngine: add_tgt_sensors_set: Error adding bcl
01-02 01:11:55.347   809   809 E ThermalEngine: sensors_init: Error adding BCL TS
01-02 01:11:55.370   809   809 I ThermalEngine: Loading config file for virtual sensor
01-02 01:11:55.370   809   809 I ThermalEngine: Loading configuration file vendor/etc/thermal-engine.conf
01-02 01:11:55.385   836   836 W ADebug  : Failed to get property persist.sys.media.traces
01-02 01:11:55.388   809   809 I ThermalEngine: Parsing section global
01-02 01:11:55.388   809   809 I ThermalEngine: [VIRTUAL-CPUS]
01-02 01:11:55.388   809   809 I ThermalEngine: #algo_type virtual
01-02 01:11:55.388   809   809 I ThermalEngine: trip_sensor tsens_tz_sensor9
01-02 01:11:55.388   809   809 I ThermalEngine: set_point 75000
01-02 01:11:55.388   809   809 I ThermalEngine: set_point_clr 65000
01-02 01:11:55.388   809   809 I ThermalEngine: sensors tsens_tz_sensor9 tsens_tz_sensor10 tsens_tz_sensor11 tsens_tz_sensor12 tsens_tz_sensor13 tsens_tz_sensor4 tsens_tz_sensor5 tsens_tz_sensor6 tsens_tz_sensor7 tsens_tz_sensor8
01-02 01:11:55.388   809   809 I ThermalEngine: weights
01-02 01:11:55.388   809   809 I ThermalEngine: sampling 50
01-02 01:11:55.388   809   809 I ThermalEngine: math 2
01-02 01:11:55.389   809   809 I ThermalEngine: Loading configuration file vendor/etc/thermal-engine.conf
01-02 01:11:55.389   809   809 I ThermalEngine: Parsing section global
01-02 01:11:55.390   809   809 I ThermalEngine: [VDD_RSTR_MONITOR-TSENS15]
01-02 01:11:55.390   809   809 I ThermalEngine: #algo_type monitor
01-02 01:11:55.390   809   809 I ThermalEngine: sampling 1000
01-02 01:11:55.390   809   809 I ThermalEngine: sensor tsens_tz_sensor15
01-02 01:11:55.390   809   809 I ThermalEngine: thresholds 5000
01-02 01:11:55.390   809   809 I ThermalEngine: thresholds_clr 10000
01-02 01:11:55.390   809   809 I ThermalEngine: actions vdd_restriction
01-02 01:11:55.390   809   809 I ThermalEngine: action_info 1
01-02 01:11:55.390   809   809 I ThermalEngine: descending
01-02 01:11:55.390   809   809 I ThermalEngine: [VDD_RSTR_MONITOR-TSENS14]
01-02 01:11:55.390   809   809 I ThermalEngine: #algo_type monitor
01-02 01:11:55.390   809   809 I ThermalEngine: sampling 1000
01-02 01:11:55.390   809   809 I ThermalEngine: sensor tsens_tz_sensor14
01-02 01:11:55.390   809   809 I ThermalEngine: thresholds 5000
01-02 01:11:55.390   809   809 I ThermalEngine: thresholds_clr 10000
01-02 01:11:55.390   809   809 I ThermalEngine: actions vdd_restriction
01-02 01:11:55.391   809   809 I ThermalEngine: action_info 1
01-02 01:11:55.391   809   809 I ThermalEngine: descending
01-02 01:11:55.391   809   809 I ThermalEngine: [VDD_RSTR_MONITOR-TSENS13]
01-02 01:11:55.391   809   809 I ThermalEngine: #algo_type monitor
01-02 01:11:55.391   809   809 I ThermalEngine: sampling 1000
01-02 01:11:55.391   809   809 I ThermalEngine: sensor tsens_tz_sensor13
01-02 01:11:55.391   809   809 I ThermalEngine: thresholds 5000
01-02 01:11:55.391   809   809 I ThermalEngine: thresholds_clr 10000
01-02 01:11:55.391   809   809 I ThermalEngine: actions vdd_restriction
01-02 01:11:55.391   809   809 I ThermalEngine: action_info 1
01-02 01:11:55.391   809   809 I ThermalEngine: descending
01-02 01:11:55.391   809   809 I ThermalEngine: [VDD_RSTR_MONITOR-TSENS12]
01-02 01:11:55.391   809   809 I ThermalEngine: #algo_type monitor
01-02 01:11:55.391   809   809 I ThermalEngine: sampling 1000
01-02 01:11:55.391   809   809 I ThermalEngine: sensor tsens_tz_sensor12
01-02 01:11:55.391   809   809 I ThermalEngine: thresholds 5000
01-02 01:11:55.391   809   809 I ThermalEngine: thresholds_clr 10000
01-02 01:11:55.391   809   809 I ThermalEngine: actions vdd_restriction
01-02 01:11:55.391   809   809 I ThermalEngine: action_info 1
01-02 01:11:55.391   809   809 I ThermalEngine: descending
01-02 01:11:55.391   809   809 I ThermalEngine: [VDD_RSTR_MONITOR-TSENS11]
01-02 01:11:55.391   809   809 I ThermalEngine: #algo_type monitor
01-02 01:11:55.391   809   809 I ThermalEngine: sampling 1000
01-02 01:11:55.391   809   809 I ThermalEngine: sensor tsens_tz_sensor11
01-02 01:11:55.391   809   809 I ThermalEngine: thresholds 5000
01-02 01:11:55.391   809   809 I ThermalEngine: thresholds_clr 10000
01-02 01:11:55.391   809   809 I ThermalEngine: actions vdd_restriction
01-02 01:11:55.391   809   809 I ThermalEngine: action_info 1
01-02 01:11:55.391   809   809 I ThermalEngine: descending
01-02 01:11:55.391   809   809 I ThermalEngine: [VDD_RSTR_MONITOR-TSENS10]
01-02 01:11:55.391   809   809 I ThermalEngine: #algo_type monitor
01-02 01:11:55.391   809   809 I ThermalEngine: sampling 1000
01-02 01:11:55.391   809   809 I ThermalEngine: sensor tsens_tz_sensor10
01-02 01:11:55.391   809   809 I ThermalEngine: thresholds 5000
01-02 01:11:55.391   809   809 I ThermalEngine: thresholds_clr 10000
01-02 01:11:55.391   809   809 I ThermalEngine: actions vdd_restriction
01-02 01:11:55.391   809   809 I ThermalEngine: action_info 1
01-02 01:11:55.391   809   809 I ThermalEngine: descending
01-02 01:11:55.391   809   809 I ThermalEngine: [VDD_RSTR_MONITOR-TSENS9]
01-02 01:11:55.391   809   809 I ThermalEngine: #algo_type monitor
01-02 01:11:55.391   809   809 I ThermalEngine: sampling 1000
01-02 01:11:55.391   809   809 I ThermalEngine: sensor tsens_tz_sensor9
01-02 01:11:55.391   809   809 I ThermalEngine: thresholds 5000
01-02 01:11:55.391   809   809 I ThermalEngine: thresholds_clr 10000
01-02 01:11:55.391   809   809 I ThermalEngine: actions vdd_restriction
01-02 01:11:55.391   809   809 I ThermalEngine: action_info 1
01-02 01:11:55.391   809   809 I ThermalEngine: descending
01-02 01:11:55.391   809   809 I ThermalEngine: [VDD_RSTR_MONITOR-TSENS8]
01-02 01:11:55.391   809   809 I ThermalEngine: #algo_type monitor
01-02 01:11:55.391   809   809 I ThermalEngine: sampling 1000
01-02 01:11:55.391   809   809 I ThermalEngine: sensor tsens_tz_sensor8
01-02 01:11:55.391   809   809 I ThermalEngine: thresholds 5000
01-02 01:11:55.391   809   809 I ThermalEngine: thresholds_clr 10000
01-02 01:11:55.391   809   809 I ThermalEngine: actions vdd_restriction
01-02 01:11:55.391   809   809 I ThermalEngine: action_info 1
01-02 01:11:55.391   809   809 I ThermalEngine: descending
01-02 01:11:55.391   809   809 I ThermalEngine: [VDD_RSTR_MONITOR-TSENS7]
01-02 01:11:55.392   809   809 I ThermalEngine: #algo_type monitor
01-02 01:11:55.392   809   809 I ThermalEngine: sampling 1000
01-02 01:11:55.392   809   809 I ThermalEngine: sensor tsens_tz_sensor7
01-02 01:11:55.392   809   809 I ThermalEngine: thresholds 5000
01-02 01:11:55.392   809   809 I ThermalEngine: thresholds_clr 10000
01-02 01:11:55.392   809   809 I ThermalEngine: actions vdd_restriction
01-02 01:11:55.392   809   809 I ThermalEngine: action_info 1
01-02 01:11:55.392   809   809 I ThermalEngine: descending
01-02 01:11:55.392   809   809 I ThermalEngine: [VDD_RSTR_MONITOR-TSENS6]
01-02 01:11:55.392   809   809 I ThermalEngine: #algo_type monitor
01-02 01:11:55.392   809   809 I ThermalEngine: sampling 1000
01-02 01:11:55.392   809   809 I ThermalEngine: sensor tsens_tz_sensor6
01-02 01:11:55.392   809   809 I ThermalEngine: thresholds 5000
01-02 01:11:55.392   809   809 I ThermalEngine: thresholds_clr 10000
01-02 01:11:55.392   809   809 I ThermalEngine: actions vdd_restriction
01-02 01:11:55.392   809   809 I ThermalEngine: action_info 1
01-02 01:11:55.392   809   809 I ThermalEngine: descending
01-02 01:11:55.392   809   809 I ThermalEngine: [VDD_RSTR_MONITOR-TSENS5]
01-02 01:11:55.392   809   809 I ThermalEngine: #algo_type monitor
01-02 01:11:55.392   809   809 I ThermalEngine: sampling 1000
01-02 01:11:55.392   809   809 I ThermalEngine: sensor tsens_tz_sensor5
01-02 01:11:55.392   809   809 I ThermalEngine: thresholds 5000
01-02 01:11:55.392   809   809 I ThermalEngine: thresholds_clr 10000
01-02 01:11:55.392   809   809 I ThermalEngine: actions vdd_restriction
01-02 01:11:55.392   809   809 I ThermalEngine: action_info 1
01-02 01:11:55.392   809   809 I ThermalEngine: descending
01-02 01:11:55.392   809   809 I ThermalEngine: [VDD_RSTR_MONITOR-TSENS4]
01-02 01:11:55.392   809   809 I ThermalEngine: #algo_type monitor
01-02 01:11:55.392   809   809 I ThermalEngine: sampling 1000
01-02 01:11:55.392   809   809 I ThermalEngine: sensor tsens_tz_sensor4
01-02 01:11:55.392   809   809 I ThermalEngine: thresholds 5000
01-02 01:11:55.392   809   809 I ThermalEngine: thresholds_clr 10000
01-02 01:11:55.392   809   809 I ThermalEngine: actions vdd_restriction
01-02 01:11:55.392   809   809 I ThermalEngine: action_info 1
01-02 01:11:55.392   809   809 I ThermalEngine: descending
01-02 01:11:55.392   809   809 I ThermalEngine: [VDD_RSTR_MONITOR-TSENS3]
01-02 01:11:55.392   809   809 I ThermalEngine: #algo_type monitor
01-02 01:11:55.392   809   809 I ThermalEngine: sampling 1000
01-02 01:11:55.392   809   809 I ThermalEngine: sensor tsens_tz_sensor3
01-02 01:11:55.392   809   809 I ThermalEngine: thresholds 5000
01-02 01:11:55.392   809   809 I ThermalEngine: thresholds_clr 10000
01-02 01:11:55.392   809   809 I ThermalEngine: actions vdd_restriction
01-02 01:11:55.392   809   809 I ThermalEngine: action_info 1
01-02 01:11:55.392   809   809 I ThermalEngine: descending
01-02 01:11:55.392   809   809 I ThermalEngine: [VDD_RSTR_MONITOR-TSENS2]
01-02 01:11:55.392   809   809 I ThermalEngine: #algo_type monitor
01-02 01:11:55.392   809   809 I ThermalEngine: sampling 1000
01-02 01:11:55.392   809   809 I ThermalEngine: sensor tsens_tz_sensor2
01-02 01:11:55.392   809   809 I ThermalEngine: thresholds 5000
01-02 01:11:55.392   809   809 I ThermalEngine: thresholds_clr 10000
01-02 01:11:55.393   809   809 I ThermalEngine: actions vdd_restriction
01-02 01:11:55.393   809   809 I ThermalEngine: action_info 1
01-02 01:11:55.393   809   809 I ThermalEngine: descending
01-02 01:11:55.393   809   809 I ThermalEngine: [VDD_RSTR_MONITOR-TSENS1]
01-02 01:11:55.393   809   809 I ThermalEngine: #algo_type monitor
01-02 01:11:55.393   809   809 I ThermalEngine: sampling 1000
01-02 01:11:55.393   809   809 I ThermalEngine: sensor tsens_tz_sensor1
01-02 01:11:55.393   809   809 I ThermalEngine: thresholds 5000
01-02 01:11:55.393   809   809 I ThermalEngine: thresholds_clr 10000
01-02 01:11:55.393   809   809 I ThermalEngine: actions vdd_restriction
01-02 01:11:55.393   809   809 I ThermalEngine: action_info 1
01-02 01:11:55.393   809   809 I ThermalEngine: descending
01-02 01:11:55.393   809   809 I ThermalEngine: [VDD_RSTR_MONITOR-TSENS0]
01-02 01:11:55.393   809   809 I ThermalEngine: #algo_type monitor
01-02 01:11:55.393   809   809 I ThermalEngine: sampling 1000
01-02 01:11:55.393   809   809 I ThermalEngine: sensor tsens_tz_sensor0
01-02 01:11:55.393   809   809 I ThermalEngine: thresholds 5000
01-02 01:11:55.393   809   809 I ThermalEngine: thresholds_clr 10000
01-02 01:11:55.393   809   809 I ThermalEngine: actions vdd_restriction
01-02 01:11:55.393   809   809 I ThermalEngine: action_info 1
01-02 01:11:55.393   809   809 I ThermalEngine: descending
01-02 01:11:55.393   809   809 E ThermalEngine: sensors_manager_reg_clnt: Invalid sensor tsens_tz_sensor0.
01-02 01:11:55.393   809   809 E ThermalEngine: sensors_setup: Can't create client for tsens_tz_sensor0.
01-02 01:11:55.393   809   809 I ThermalEngine: [SS-GPU]
01-02 01:11:55.393   809   809 I ThermalEngine: #algo_type ss
01-02 01:11:55.393   809   809 I ThermalEngine: sampling 250
01-02 01:11:55.393   809   809 I ThermalEngine: sensor gpu
01-02 01:11:55.393   809   809 I ThermalEngine: device gpu
01-02 01:11:55.393   809   809 I ThermalEngine: set_point 95000
01-02 01:11:55.393   809   809 I ThermalEngine: set_point_clr 65000
01-02 01:11:55.393   809   809 I ThermalEngine: time_constant 0
01-02 01:11:55.394   809   809 I ThermalEngine: [SS-POPMEM]
01-02 01:11:55.394   809   809 I ThermalEngine: #algo_type ss
01-02 01:11:55.394   809   809 I ThermalEngine: sampling 250
01-02 01:11:55.394   809   809 I ThermalEngine: sensor pop_mem
01-02 01:11:55.394   809   809 I ThermalEngine: device cluster0
01-02 01:11:55.394   809   809 I ThermalEngine: set_point 70000
01-02 01:11:55.394   809   809 I ThermalEngine: set_point_clr 55000
01-02 01:11:55.394   809   809 I ThermalEngine: time_constant 2
01-02 01:11:55.394   809   809 I ThermalEngine: [SS-CPUS-ALL]
01-02 01:11:55.394   809   809 I ThermalEngine: #algo_type ss
01-02 01:11:55.394   809   809 I ThermalEngine: sampling 50
01-02 01:11:55.394   809   809 I ThermalEngine: sensor VIRTUAL-CPUS
01-02 01:11:55.394   809   809 I ThermalEngine: device cluster0
01-02 01:11:55.394   809   809 I ThermalEngine: set_point 95000
01-02 01:11:55.394   809   809 I ThermalEngine: set_point_clr 55000
01-02 01:11:55.394   809   809 I ThermalEngine: time_constant 0
01-02 01:11:55.394   809   809 I ThermalEngine: [SPEAKER-CAL]
01-02 01:11:55.394   809   809 I ThermalEngine: sampling 30000 30000 10 1800000
01-02 01:11:55.394   809   809 I ThermalEngine: sensor pm8953_tz
01-02 01:11:55.394   809   809 I ThermalEngine: sensors tsens_tz_sensor1 tsens_tz_sensor2 tsens_tz_sensor3 tsens_tz_sensor14 tsens_tz_sensor15
01-02 01:11:55.394   809   809 I ThermalEngine: temp_range 6000 10000 2000
01-02 01:11:55.394   809   809 I ThermalEngine: max_temp 45000
01-02 01:11:55.394   809   809 I ThermalEngine: offset -4000
01-02 01:11:55.409   836   836 I mediaserver: ServiceManager: 0xf3d988c0
01-02 01:11:55.442   835   835 E keystore: Register wifi keystore HAL service successfully
01-02 01:11:55.452   835   835 E keystore: Register wifi keystore extension HAL service successfully
01-02 01:11:55.477   809   898 I ThermalEngine: ACTION: MODEM - Vdd_restriction mitigation succeeded for level 0.
01-02 01:11:55.477   809   898 I ThermalEngine: Mitigation:VDD[MODEM]:0
01-02 01:11:55.477   809   898 I ThermalEngine: vdd_restrict_qmi_request: ADSP req level(0) is recorded and waiting for completing QMI registration
01-02 01:11:55.477   809   898 I ThermalEngine: hotplug_ktm_disable_cb: write out 0
01-02 01:11:55.478   870   906 I ServiceManager: Waiting for service package_native...
01-02 01:11:55.520   614   670 I ServiceManager: Waiting to check permission android.permission.ACCESS_SURFACE_FLINGER from uid=1013 pid=784
01-02 01:11:55.532   840   840 W ADebug  : Failed to get property persist.sys.media.traces
01-02 01:11:55.613   908   908 E QCALOG  : [mlid] Failed to load libminksocket
01-02 01:11:55.615   859   859 I Netd    : Netd 1.0 starting
01-02 01:11:55.617   820   820 W ADebug  : Failed to get property persist.sys.media.traces
01-02 01:11:55.631   880   880 I wificond: wificond is starting up...
01-02 01:11:55.631   880   880 I wificond: InitializeIcuOrDie...
01-02 01:11:55.641   859   859 D TetherController: Setting IP forward enable = 0
01-02 01:11:55.641   838   838 W ADebug  : Failed to get property persist.sys.media.traces
01-02 01:11:55.661   880   880 I wificond: InitializeIcuOrDie finished...
01-02 01:11:55.662   880   880 I wificond: wifigbk_init...
01-02 01:11:55.673   820   820 D AndroidRuntime: >>>>>> START com.android.internal.os.ZygoteInit uid 0 <<<<<<
01-02 01:11:55.685   846   846 W ADebug  : Failed to get property persist.sys.media.traces
01-02 01:11:55.695   911   918 D QCALOG  : [location-mq] SRV Socket-Opend
01-02 01:11:55.710   887   887 W ADebug  : Failed to get property persist.sys.media.traces
01-02 01:11:55.719   838   838 V MediaUtils: physMem: 3591544832
01-02 01:11:55.719   838   838 V MediaUtils: requested limit: 718308960
01-02 01:11:55.719   838   838 V MediaUtils: cfi shadow size: 2147483648
01-02 01:11:55.719   838   838 V MediaUtils: actual limit: 2865792608
01-02 01:11:55.719   838   838 V MediaUtils: original limits: -1/-1
01-02 01:11:55.719   838   838 V MediaUtils: new limits: 2865792608/-1
01-02 01:11:55.720   820   820 I zygote64: option[0]=-Xzygote
01-02 01:11:55.720   820   820 I zygote64: option[1]=-Xusetombstonedtraces
01-02 01:11:55.720   820   820 I zygote64: option[2]=exit
01-02 01:11:55.720   820   820 I zygote64: option[3]=vfprintf
01-02 01:11:55.720   820   820 I zygote64: option[4]=sensitiveThread
01-02 01:11:55.720   820   820 I zygote64: option[5]=-verbose:gc
01-02 01:11:55.720   820   820 I zygote64: option[6]=-Xms16m
01-02 01:11:55.720   820   820 I zygote64: option[7]=-Xmx512m
01-02 01:11:55.720   820   820 I zygote64: option[8]=-XX:HeapGrowthLimit=192m
01-02 01:11:55.720   820   820 I zygote64: option[9]=-XX:HeapMinFree=4m
01-02 01:11:55.720   820   820 I zygote64: option[10]=-XX:HeapMaxFree=8m
01-02 01:11:55.720   820   820 I zygote64: option[11]=-XX:HeapTargetUtilization=0.75
01-02 01:11:55.720   820   820 I zygote64: option[12]=-Xusejit:true
01-02 01:11:55.720   820   820 I zygote64: option[13]=-Xjitsaveprofilinginfo
01-02 01:11:55.720   820   820 I zygote64: option[14]=-agentlib:jdwp=transport=dt_android_adb,suspend=n,server=y
01-02 01:11:55.720   820   820 I zygote64: option[15]=-Xlockprofthreshold:500
01-02 01:11:55.721   820   820 I zygote64: option[16]=-Ximage-compiler-option
01-02 01:11:55.721   820   820 I zygote64: option[17]=--runtime-arg
01-02 01:11:55.721   820   820 I zygote64: option[18]=-Ximage-compiler-option
01-02 01:11:55.721   820   820 I zygote64: option[19]=-Xms64m
01-02 01:11:55.721   820   820 I zygote64: option[20]=-Ximage-compiler-option
01-02 01:11:55.721   820   820 I zygote64: option[21]=--runtime-arg
01-02 01:11:55.721   820   820 I zygote64: option[22]=-Ximage-compiler-option
01-02 01:11:55.721   820   820 I zygote64: option[23]=-Xmx64m
01-02 01:11:55.721   820   820 I zygote64: option[24]=-Ximage-compiler-option
01-02 01:11:55.721   820   820 I zygote64: option[25]=--image-classes=/system/etc/preloaded-classes
01-02 01:11:55.721   820   820 I zygote64: option[26]=-Ximage-compiler-option
01-02 01:11:55.721   820   820 I zygote64: option[27]=--compiled-classes=/system/etc/compiled-classes
01-02 01:11:55.721   820   820 I zygote64: option[28]=-Ximage-compiler-option
01-02 01:11:55.721   820   820 I zygote64: option[29]=--dirty-image-objects=/system/etc/dirty-image-objects
01-02 01:11:55.721   820   820 I zygote64: option[30]=-Xcompiler-option
01-02 01:11:55.721   820   820 I zygote64: option[31]=--runtime-arg
01-02 01:11:55.721   820   820 I zygote64: option[32]=-Xcompiler-option
01-02 01:11:55.721   820   820 I zygote64: option[33]=-Xms64m
01-02 01:11:55.721   820   820 I zygote64: option[34]=-Xcompiler-option
01-02 01:11:55.721   820   820 I zygote64: option[35]=--runtime-arg
01-02 01:11:55.721   820   820 I zygote64: option[36]=-Xcompiler-option
01-02 01:11:55.721   820   820 I zygote64: option[37]=-Xmx512m
01-02 01:11:55.721   820   820 I zygote64: option[38]=-Ximage-compiler-option
01-02 01:11:55.721   820   820 I zygote64: option[39]=--instruction-set-variant=generic
01-02 01:11:55.721   820   820 I zygote64: option[40]=-Xcompiler-option
01-02 01:11:55.721   820   820 I zygote64: option[41]=--instruction-set-variant=generic
01-02 01:11:55.721   820   820 I zygote64: option[42]=-Ximage-compiler-option
01-02 01:11:55.721   820   820 I zygote64: option[43]=--instruction-set-features=default
01-02 01:11:55.721   820   820 I zygote64: option[44]=-Xcompiler-option
01-02 01:11:55.721   820   820 I zygote64: option[45]=--instruction-set-features=default
01-02 01:11:55.721   820   820 I zygote64: option[46]=-Duser.locale=en-US
01-02 01:11:55.721   820   820 I zygote64: option[47]=--cpu-abilist=arm64-v8a
01-02 01:11:55.721   820   820 I zygote64: option[48]=-Xfingerprint:Lenovo/LenovoTB-X705L/X705L:8.1.0/OPM1.171019.019/S000013_20180629_ROW:userdebug/test-keys
01-02 01:11:55.741   846   846 I mediaserver: ServiceManager: 0xe7e98960
01-02 01:11:55.745   846   846 W BatteryNotifier: batterystats service unavailable!
01-02 01:11:55.746   831   831 W ADebug  : Failed to get property persist.sys.media.traces
01-02 01:11:55.749   838   838 W /system/bin/mediaextractor: libminijail[838]: allowing syscall: connect
01-02 01:11:55.749   838   838 W /system/bin/mediaextractor: libminijail[838]: allowing syscall: fcntl
01-02 01:11:55.749   838   838 W /system/bin/mediaextractor: libminijail[838]: allowing syscall: sendto
01-02 01:11:55.749   838   838 W /system/bin/mediaextractor: libminijail[838]: allowing syscall: socket
01-02 01:11:55.749   838   838 W /system/bin/mediaextractor: libminijail[838]: allowing syscall: writev
01-02 01:11:55.750   838   838 W /system/bin/mediaextractor: libminijail[838]: compile_file: nonexistent syscall '_llseek'
01-02 01:11:55.750   838   838 W /system/bin/mediaextractor: libminijail[838]: logging seccomp filter failures
01-02 01:11:55.760   840   840 I mediametrics: ServiceManager: 0x77f7a3f6c0
01-02 01:11:55.760   840   840 D MediaAnalyticsService: MediaAnalyticsService created
01-02 01:11:55.760   840   840 D MediaAnalyticsService: MediaAnalyticsService::newSummarizerSet
01-02 01:11:55.784   859   859 I Netd    : Creating child chains: 91.5ms
01-02 01:11:55.785   859   859 I Netd    : Setting up OEM hooks: 0.3ms
01-02 01:11:55.796   859   859 I Netd    : Setting up FirewallController hooks: 10.9ms
01-02 01:11:55.807   903   903 E CLD80211: /system/vendor/bin/cnss-daemon: Could not resolve cld80211 familty id
01-02 01:11:55.811   859   859 I Netd    : Setting up NatController hooks: 15.0ms
01-02 01:11:55.819   859   859 I Netd    : Setting up BandwidthController hooks: 8.2ms
01-02 01:11:55.819   859   859 I Netd    : Setting up IdletimerController hooks: 0.1ms
01-02 01:11:55.835   859   859 I Netd    : Disabling bandwidth control: 15.6ms
01-02 01:11:55.903   829   829 W ADebug  : Failed to get property persist.sys.media.traces
01-02 01:11:55.918   903   903 I cnss-daemon: Failed to initialize cld80211 family, proceed with legacy USERSOCK reception
01-02 01:11:55.924   921   921 I LOWI-8.5.0.3.b: [MessageQ_Client] connecting to server [/data/vendor/location/mq/location-mq-s]
01-02 01:11:55.924   921   921 I LOWI-8.5.0.3.b: [MessageQ_Client] connected
01-02 01:11:55.924   921   921 I LOWI-8.5.0.3.b: [LOWIController] loadConfigItems: Log level = 3, Cache Records = 100, max queue size = 255, fresh scan threshold = 500
01-02 01:11:55.925   921   921 E Diag_Lib:  Diag_LSM_Init: Failed to open handle to diag driver, error = 13
01-02 01:11:55.925   921   921 E LOWI-8.5.0.3.b: [LOWIDiagLog] Diag logging could not be enabled
01-02 01:11:55.928   922   922 W XTIA    : [XTIA] wifi: 1, ap cell: 0, modem cell need ap: 1, waa: 0
01-02 01:11:55.928   922   922 W XTIA    : 	sstp: 0
01-02 01:11:55.936   903   938 E QMI_FW  : QMUXD: WARNING qmi_qmux_if_pwr_up_init failed! rc=-6
01-02 01:11:55.953   921   942 I LOWI-8.5.0.3.b: [LOWIController] Client controller entering event loop
01-02 01:11:55.975   821   821 W ADebug  : Failed to get property persist.sys.media.traces
01-02 01:11:55.998   887   887 I /vendor/bin/hw/android.hardware.media.omx@1.0-service: mediacodecservice starting
01-02 01:11:56.008   887   887 W /vendor/bin/hw/android.hardware.media.omx@1.0-service: libminijail[887]: allowing syscall: clock_gettime
01-02 01:11:56.009   887   887 W /vendor/bin/hw/android.hardware.media.omx@1.0-service: libminijail[887]: allowing syscall: connect
01-02 01:11:56.009   887   887 W /vendor/bin/hw/android.hardware.media.omx@1.0-service: libminijail[887]: allowing syscall: fcntl64
01-02 01:11:56.009   887   887 W /vendor/bin/hw/android.hardware.media.omx@1.0-service: libminijail[887]: allowing syscall: socket
01-02 01:11:56.009   887   887 W /vendor/bin/hw/android.hardware.media.omx@1.0-service: libminijail[887]: allowing syscall: writev
01-02 01:11:56.010   887   887 W /vendor/bin/hw/android.hardware.media.omx@1.0-service: libminijail[887]: logging seccomp filter failures
01-02 01:11:56.013   935   935 I /system/bin/tombstoned: tombstoned successfully initialized
01-02 01:11:56.023   821   821 D AndroidRuntime: >>>>>> START com.android.internal.os.ZygoteInit uid 0 <<<<<<
01-02 01:11:56.026   937   937 D fpc_hidl: fpc fingerprint hwbinder service starting
01-02 01:11:56.026   937   937 D fpc_fingerprint_hal: fpc_hal_open
01-02 01:11:56.027   937   937 E fpc_fingerprint_hal: yongqiang:fpc_hal_open, line:1056
01-02 01:11:56.027   937   937 E fpc_fingerprint_hal: yongqiang:fpc_hal_open, line:1060
01-02 01:11:56.027   937   937 E fpc_fingerprint_hal: yongqiang:fpc_hal_open, line:1066
01-02 01:11:56.027   923   923 D LocSvc_LBSProxy: checkIfLocationExtendedClientExists] File Exists
01-02 01:11:56.035   810   810 W libc    : Unable to set property "wlan.driver.config" to "/data/misc/wifi/WCNSS_qcom_cfg.ini": error code: 0x18
01-02 01:11:56.036   923   923 D XTCC-6.1.2.10-a: [CCC-Main] config loaded 1
01-02 01:11:56.036   923   923 W XTCC-6.1.2.10-a: [CCC-Main] wifi: 1, ap cell: 0, modem cell need ap: 1, waa: 0
01-02 01:11:56.036   923   923 W XTCC-6.1.2.10-a: 	sstp: 0, tdp upload: 0, tdp download: 0
01-02 01:11:56.036   923   923 W XTCC-6.1.2.10-a: 	asn uri version 0
01-02 01:11:56.039   887   887 W MediaCodecsXmlParser: unable to open media codecs configuration xml file: /data/misc/media/media_codecs_profiling_results.xml
01-02 01:11:56.039   887   887 W MediaCodecsXmlParser: parseTopLevelXMLFile(/data/misc/media/media_codecs_profiling_results.xml) failed
01-02 01:11:56.042   887   887 I ServiceManagement: Removing namespace from process name android.hardware.media.omx@1.0-service to omx@1.0-service.
01-02 01:11:56.043   930   930 D LocSvc_LBSProxy: checkIfLocationExtendedClientExists] File Exists
01-02 01:11:56.045   810   810 E wcnss_service: wcnss_service: num_modems = 1
01-02 01:11:56.045   810   810 E wcnss_qmi: wcnss_init_qmi: Initialize wcnss QMI Interface
01-02 01:11:56.045   933   933 I gatekeeperd: Starting gatekeeperd...
01-02 01:11:56.053   930   963 I LocSvc_api_v02: locClientOpen:1945]: Service instance id is -1
01-02 01:11:56.053   810   810 E QMI_FW  : QMUXD: WARNING qmi_qmux_if_pwr_up_init failed! rc=-6
01-02 01:11:56.054   810   810 W wcnss_service: type=1400 audit(0.0:14): avc: denied { read } for name="u:object_r:serialno_prop:s0" dev="tmpfs" ino=13776 scontext=u:r:wcnss_service:s0 tcontext=u:object_r:serialno_prop:s0 tclass=file permissive=0
01-02 01:11:56.056   930   963 I LocSvc_api_v02: ---> locClientOpenInstance line 1828 loc client open
01-02 01:11:56.061   810   810 E wcnss_qmi: wcnss_qmi_get_wlan_address: Mac Address_valid: 1 Mac Address Len: 6
01-02 01:11:56.061   810   810 E wcnss_qmi: wcnss_qmi_get_wlan_address: Succesfully Read WLAN MAC Address
01-02 01:11:56.061   810   810 E wcnss_service: WLAN MAC Addr:08:8a:76:68:06:03
01-02 01:11:56.061   810   810 E wcnss_qmi: wcnss_qmi_deinit: Deinitialize wcnss QMI Interface
01-02 01:11:56.062   810   810 I wcnss_service: dynamic nv only for QRD platform, current platform:MTP.
01-02 01:11:56.063   810   810 E libc    : Access denied finding property "ro.serialno"
01-02 01:11:56.063   810   810 I wcnss_service: WLAN MAC Addr:08:8a:76:68:06:03
01-02 01:11:56.063   810   810 E wcnss_service: CAL file not found
01-02 01:11:56.064   923   923 E XTCC-6.1.2.10-a: [NvParamMgr] getNvDataBlob, nv item GTP_WWAN_SUPPORTED_AIR_INTERFACE_TYPES not found
01-02 01:11:56.064   923   923 E XTCC-6.1.2.10-a: [StorageMgr] init tile_folder = /data/vendor/location/xtwifi
01-02 01:11:56.065   923   923 E XTCC-6.1.2.10-a: [FTFile] wakeLockAcquireOrRelease: open error: 13, Permission denied
01-02 01:11:56.065   923   923 E XTCC-6.1.2.10-a: [FTFile] wakeLockAcquireOrRelease: open error: 13, Permission denied
01-02 01:11:56.065   923   923 E XTCC-6.1.2.10-a: [CacheMgr] populateSavedBalacklistedAps: failed: 101
01-02 01:11:56.065   923   923 E XTCC-6.1.2.10-a: [NvParamMgr] getNvDataBlob, nv item GTP_WIFI_POSITIONING_DOWNLOAD_STATS not found
01-02 01:11:56.066   923   923 E XTCC-6.1.2.10-a: [NvParamMgr] getNvDataBlob, nv item GTP_WIFI_POSITIONING_DOWNLOAD_BUDGET not found
01-02 01:11:56.069   821   821 I zygote  : option[0]=-Xzygote
01-02 01:11:56.069   821   821 I zygote  : option[1]=-Xusetombstonedtraces
01-02 01:11:56.069   821   821 I zygote  : option[2]=exit
01-02 01:11:56.069   821   821 I zygote  : option[3]=vfprintf
01-02 01:11:56.069   821   821 I zygote  : option[4]=sensitiveThread
01-02 01:11:56.069   821   821 I zygote  : option[5]=-verbose:gc
01-02 01:11:56.069   821   821 I zygote  : option[6]=-Xms16m
01-02 01:11:56.069   821   821 I zygote  : option[7]=-Xmx512m
01-02 01:11:56.069   821   821 I zygote  : option[8]=-XX:HeapGrowthLimit=192m
01-02 01:11:56.069   821   821 I zygote  : option[9]=-XX:HeapMinFree=4m
01-02 01:11:56.069   821   821 I zygote  : option[10]=-XX:HeapMaxFree=8m
01-02 01:11:56.069   821   821 I zygote  : option[11]=-XX:HeapTargetUtilization=0.75
01-02 01:11:56.069   821   821 I zygote  : option[12]=-Xusejit:true
01-02 01:11:56.069   821   821 I zygote  : option[13]=-Xjitsaveprofilinginfo
01-02 01:11:56.069   821   821 I zygote  : option[14]=-agentlib:jdwp=transport=dt_android_adb,suspend=n,server=y
01-02 01:11:56.069   821   821 I zygote  : option[15]=-Xlockprofthreshold:500
01-02 01:11:56.069   821   821 I zygote  : option[16]=-Ximage-compiler-option
01-02 01:11:56.069   821   821 I zygote  : option[17]=--runtime-arg
01-02 01:11:56.069   821   821 I zygote  : option[18]=-Ximage-compiler-option
01-02 01:11:56.069   821   821 I zygote  : option[19]=-Xms64m
01-02 01:11:56.069   821   821 I zygote  : option[20]=-Ximage-compiler-option
01-02 01:11:56.069   821   821 I zygote  : option[21]=--runtime-arg
01-02 01:11:56.069   821   821 I zygote  : option[22]=-Ximage-compiler-option
01-02 01:11:56.069   821   821 I zygote  : option[23]=-Xmx64m
01-02 01:11:56.069   821   821 I zygote  : option[24]=-Ximage-compiler-option
01-02 01:11:56.069   821   821 I zygote  : option[25]=--image-classes=/system/etc/preloaded-classes
01-02 01:11:56.070   821   821 I zygote  : option[26]=-Ximage-compiler-option
01-02 01:11:56.070   821   821 I zygote  : option[27]=--compiled-classes=/system/etc/compiled-classes
01-02 01:11:56.070   821   821 I zygote  : option[28]=-Ximage-compiler-option
01-02 01:11:56.070   821   821 I zygote  : option[29]=--dirty-image-objects=/system/etc/dirty-image-objects
01-02 01:11:56.070   821   821 I zygote  : option[30]=-Xcompiler-option
01-02 01:11:56.070   821   821 I zygote  : option[31]=--runtime-arg
01-02 01:11:56.070   821   821 I zygote  : option[32]=-Xcompiler-option
01-02 01:11:56.070   821   821 I zygote  : option[33]=-Xms64m
01-02 01:11:56.070   821   821 I zygote  : option[34]=-Xcompiler-option
01-02 01:11:56.070   821   821 I zygote  : option[35]=--runtime-arg
01-02 01:11:56.070   821   821 I zygote  : option[36]=-Xcompiler-option
01-02 01:11:56.070   821   821 I zygote  : option[37]=-Xmx512m
01-02 01:11:56.070   821   821 I zygote  : option[38]=-Ximage-compiler-option
01-02 01:11:56.070   821   821 I zygote  : option[39]=--instruction-set-variant=cortex-a53
01-02 01:11:56.070   821   821 I zygote  : option[40]=-Xcompiler-option
01-02 01:11:56.070   821   821 I zygote  : option[41]=--instruction-set-variant=cortex-a53
01-02 01:11:56.070   821   821 I zygote  : option[42]=-Ximage-compiler-option
01-02 01:11:56.070   821   821 I zygote  : option[43]=--instruction-set-features=default
01-02 01:11:56.070   821   821 I zygote  : option[44]=-Xcompiler-option
