01-02 01:11:59.633   640   640 I Atfwd_Daemon: Invalid type 2
01-02 01:11:59.633   640   640 I Atfwd_Daemon:  tryinit complete with connectresult: 0
01-02 01:11:59.633   640   640 I Atfwd_Daemon: Trying to register 8 commands:
01-02 01:11:59.633   640   640 I Atfwd_Daemon: cmd0: +CKPD
01-02 01:11:59.633   640   640 I Atfwd_Daemon: sending QMI_AT_REG_AT_CMD_FWD_REQ_V01 message
01-02 01:11:59.636   640   640 I Atfwd_Daemon: cmd1: +CTSA
01-02 01:11:59.636   640   640 I Atfwd_Daemon: sending QMI_AT_REG_AT_CMD_FWD_REQ_V01 message
01-02 01:11:59.636   640   640 I Atfwd_Daemon: cmd2: +CFUN
01-02 01:11:59.636   640   640 I Atfwd_Daemon: sending QMI_AT_REG_AT_CMD_FWD_REQ_V01 message
01-02 01:11:59.637   640   640 I Atfwd_Daemon: cmd3: +CMAR
01-02 01:11:59.637   640   640 I Atfwd_Daemon: sending QMI_AT_REG_AT_CMD_FWD_REQ_V01 message
01-02 01:11:59.637   640   640 I Atfwd_Daemon: cmd4: +CDIS
01-02 01:11:59.637   640   640 I Atfwd_Daemon: sending QMI_AT_REG_AT_CMD_FWD_REQ_V01 message
01-02 01:11:59.638   640   640 I Atfwd_Daemon: cmd5: +CRSL
01-02 01:11:59.638   640   640 I Atfwd_Daemon: sending QMI_AT_REG_AT_CMD_FWD_REQ_V01 message
01-02 01:11:59.638   640   640 I Atfwd_Daemon: cmd6: +CSS
01-02 01:11:59.638   640   640 I Atfwd_Daemon: sending QMI_AT_REG_AT_CMD_FWD_REQ_V01 message
01-02 01:11:59.638   640   640 I Atfwd_Daemon: cmd7: $QCPWRDN
01-02 01:11:59.638   640   640 I Atfwd_Daemon: sending QMI_AT_REG_AT_CMD_FWD_REQ_V01 message
01-02 01:11:59.639   640   640 I Atfwd_Daemon: Registered AT Commands event handler
01-02 01:11:59.639   640   640 I Atfwd_Daemon: Waiting for ctrCond
01-02 01:11:59.648  1187  1187 I ActivityManager: Memory class: 192
01-02 01:11:59.650  1187  1203 I ServiceThread: Enabled StrictMode logging for ActivityManager looper.
01-02 01:11:59.652  1187  1204 I ServiceThread: Enabled StrictMode logging for android.ui looper.
01-02 01:11:59.670   870   906 I /system/bin/storaged: storaged: Start
01-02 01:11:59.671  1187  1187 D BatteryStatsImpl: Reading daily items from /data/system/batterystats-daily.xml
01-02 01:11:59.682  1187  1206 E BluetoothAdapter: Bluetooth binder is null
01-02 01:11:59.683  1187  1200 D SystemServerInitThreadPool: Finished executing ReadingSystemConfig
01-02 01:11:59.684  1187  1206 E BatteryExternalStatsWorker: no controller energy info supplied for telephony
01-02 01:11:59.687  1187  1206 E KernelUidCpuFreqTimeReader: Failed to read /proc/uid_time_in_state: java.io.FileNotFoundException: /proc/uid_time_in_state (No such file or directory)
01-02 01:11:59.717  1187  1206 W KernelMemoryBandwidthStats: No kernel memory bandwidth stats available
01-02 01:11:59.720  1187  1206 I PowerManagerService-JNI: Loaded power HAL service
01-02 01:11:59.750  1034  1184 E QMI_FW  : QMUXD: WARNING qmi_qmux_if_pwr_up_init failed! rc=-6
01-02 01:11:59.833  1187  1187 I IntentFirewall: Read new rules (A:0 B:0 S:0)
01-02 01:11:59.845  1216  1216 I NetUtilsWrapper: Unexpected command: /system/bin/iptables -w -W 10000 -t mangle -A PREROUTING -m mark --mark 0x20 -j ACCEPT
01-02 01:11:59.852  1187  1220 I ServiceThread: Enabled StrictMode logging for android.display looper.
01-02 01:11:59.853  1187  1187 W zygote64: Failed to remove /acct/uid_0/pid_1034: Device or resource busy
01-02 01:11:59.854  1187  1187 W zygote64: Failed to remove /acct/uid_0/pid_437: Device or resource busy
01-02 01:11:59.854  1187  1187 W zygote64: Failed to remove /acct/uid_0/pid_471: Device or resource busy
01-02 01:11:59.854  1187  1187 W zygote64: Failed to remove /acct/uid_0/pid_476: Device or resource busy
01-02 01:11:59.854  1187  1187 W zygote64: Failed to remove /acct/uid_0/pid_601: Device or resource busy
01-02 01:11:59.854  1187  1187 W zygote64: Failed to remove /acct/uid_0/pid_605: Device or resource busy
01-02 01:11:59.855  1187  1187 W zygote64: Failed to remove /acct/uid_0/pid_608: Device or resource busy
01-02 01:11:59.855  1187  1187 W zygote64: Failed to remove /acct/uid_0/pid_609: Device or resource busy
01-02 01:11:59.855  1187  1187 W zygote64: Failed to remove /acct/uid_0/pid_613: Device or resource busy
01-02 01:11:59.855  1187  1187 W zygote64: Failed to remove /acct/uid_0/pid_615: Device or resource busy
01-02 01:11:59.855  1187  1187 W zygote64: Failed to remove /acct/uid_0/pid_635: Device or resource busy
01-02 01:11:59.856  1187  1187 W zygote64: Failed to remove /acct/uid_0/pid_639: Device or resource busy
01-02 01:11:59.856  1187  1187 W zygote64: Failed to remove /acct/uid_0/pid_644: Device or resource busy
01-02 01:11:59.856  1187  1187 W zygote64: Failed to remove /acct/uid_0/pid_801: Device or resource busy
01-02 01:11:59.856  1187  1187 W zygote64: Failed to remove /acct/uid_0/pid_808: Device or resource busy
01-02 01:11:59.856  1187  1187 W zygote64: Failed to remove /acct/uid_0/pid_809: Device or resource busy
01-02 01:11:59.856  1187  1187 W zygote64: Failed to remove /acct/uid_0/pid_816: Device or resource busy
01-02 01:11:59.857  1187  1187 W zygote64: Failed to remove /acct/uid_0/pid_820: Device or resource busy
01-02 01:11:59.857  1187  1187 W zygote64: Failed to remove /acct/uid_0/pid_821: Device or resource busy
01-02 01:11:59.857  1187  1187 W zygote64: Failed to remove /acct/uid_0/pid_833: Device or resource busy
01-02 01:11:59.857  1187  1187 W zygote64: Failed to remove /acct/uid_0/pid_859: Device or resource busy
01-02 01:11:59.857  1187  1187 W zygote64: Failed to remove /acct/uid_0/pid_870: Device or resource busy
01-02 01:11:59.857  1187  1187 W zygote64: Failed to remove /acct/uid_0/pid_911: Device or resource busy
01-02 01:11:59.857  1187  1187 W zygote64: Failed to remove /acct/uid_0/pid_932: Device or resource busy
01-02 01:11:59.857  1187  1187 W zygote64: Failed to remove /acct/uid_0: Permission denied
01-02 01:11:59.858  1187  1187 W zygote64: Failed to remove /acct/uid_1000/pid_1000: Device or resource busy
01-02 01:11:59.858  1187  1187 W zygote64: Failed to remove /acct/uid_1000/pid_463: Device or resource busy
01-02 01:11:59.858  1187  1187 W zygote64: Failed to remove /acct/uid_1000/pid_464: Device or resource busy
01-02 01:11:59.858  1187  1187 W zygote64: Failed to remove /acct/uid_1000/pid_465: Device or resource busy
01-02 01:11:59.858  1187  1187 W zygote64: Failed to remove /acct/uid_1000/pid_474: Device or resource busy
01-02 01:11:59.858  1187  1187 W zygote64: Failed to remove /acct/uid_1000/pid_475: Device or resource busy
01-02 01:11:59.858  1187  1187 W zygote64: Failed to remove /acct/uid_1000/pid_577: Device or resource busy
01-02 01:11:59.858  1187  1187 W zygote64: Failed to remove /acct/uid_1000/pid_582: Device or resource busy
01-02 01:11:59.858  1187  1187 W zygote64: Failed to remove /acct/uid_1000/pid_585: Device or resource busy
01-02 01:11:59.858  1187  1187 W zygote64: Failed to remove /acct/uid_1000/pid_586: Device or resource busy
01-02 01:11:59.858  1187  1187 W zygote64: Failed to remove /acct/uid_1000/pid_587: Device or resource busy
01-02 01:11:59.859  1187  1187 W zygote64: Failed to remove /acct/uid_1000/pid_588: Device or resource busy
01-02 01:11:59.859  1187  1187 W zygote64: Failed to remove /acct/uid_1000/pid_589: Device or resource busy
01-02 01:11:59.859  1187  1187 W zygote64: Failed to remove /acct/uid_1000/pid_590: Device or resource busy
01-02 01:11:59.859  1187  1187 W zygote64: Failed to remove /acct/uid_1000/pid_591: Device or resource busy
01-02 01:11:59.859  1187  1187 W zygote64: Failed to remove /acct/uid_1000/pid_592: Device or resource busy
01-02 01:11:59.859  1187  1187 W zygote64: Failed to remove /acct/uid_1000/pid_593: Device or resource busy
01-02 01:11:59.859  1187  1187 W zygote64: Failed to remove /acct/uid_1000/pid_595: Device or resource busy
01-02 01:11:59.859  1187  1187 W zygote64: Failed to remove /acct/uid_1000/pid_597: Device or resource busy
01-02 01:11:59.859  1187  1187 W zygote64: Failed to remove /acct/uid_1000/pid_599: Device or resource busy
01-02 01:11:59.859  1187  1187 W zygote64: Failed to remove /acct/uid_1000/pid_600: Device or resource busy
01-02 01:11:59.859  1187  1187 W zygote64: Failed to remove /acct/uid_1000/pid_602: Device or resource busy
01-02 01:11:59.859  1187  1187 W zygote64: Failed to remove /acct/uid_1000/pid_603: Device or resource busy
01-02 01:11:59.859  1187  1187 W zygote64: Failed to remove /acct/uid_1000/pid_604: Device or resource busy
01-02 01:11:59.859  1187  1187 W zygote64: Failed to remove /acct/uid_1000/pid_611: Device or resource busy
01-02 01:11:59.860  1187  1187 W zygote64: Failed to remove /acct/uid_1000/pid_614: Device or resource busy
01-02 01:11:59.860  1187  1187 W zygote64: Failed to remove /acct/uid_1000/pid_640: Device or resource busy
01-02 01:11:59.860  1187  1187 W zygote64: Failed to remove /acct/uid_1000/pid_643: Device or resource busy
01-02 01:11:59.860  1187  1187 W zygote64: Failed to remove /acct/uid_1000/pid_645: Device or resource busy
01-02 01:11:59.860  1187  1187 W zygote64: Failed to remove /acct/uid_1000/pid_803: Device or resource busy
01-02 01:11:59.860  1187  1187 W zygote64: Failed to remove /acct/uid_1000/pid_804: Device or resource busy
01-02 01:11:59.860  1187  1187 W zygote64: Failed to remove /acct/uid_1000/pid_806: Device or resource busy
01-02 01:11:59.860  1187  1187 W zygote64: Failed to remove /acct/uid_1000/pid_810: Device or resource busy
01-02 01:11:59.860  1187  1187 W zygote64: Failed to remove /acct/uid_1000/pid_811: Device or resource busy
01-02 01:11:59.860  1187  1187 W zygote64: Failed to remove /acct/uid_1000/pid_903: Device or resource busy
01-02 01:11:59.860  1187  1187 W zygote64: Failed to remove /acct/uid_1000/pid_933: Device or resource busy
01-02 01:11:59.860  1187  1187 W zygote64: Failed to remove /acct/uid_1000/pid_937: Device or resource busy
01-02 01:11:59.861  1187  1187 W zygote64: Failed to remove /acct/uid_1000: Permission denied
01-02 01:11:59.861  1187  1187 W zygote64: Failed to remove /acct/uid_1001/pid_1015: Device or resource busy
01-02 01:11:59.861  1187  1187 W zygote64: Failed to remove /acct/uid_1001/pid_1031: Device or resource busy
01-02 01:11:59.861  1187  1187 W zygote64: Failed to remove /acct/uid_1001/pid_894: Device or resource busy
01-02 01:11:59.861  1187  1187 W zygote64: Failed to remove /acct/uid_1001/pid_998: Device or resource busy
01-02 01:11:59.861  1187  1187 W zygote64: Failed to remove /acct/uid_1001: Permission denied
01-02 01:11:59.861  1187  1187 W zygote64: Failed to remove /acct/uid_1002/pid_579: Device or resource busy
01-02 01:11:59.861  1187  1187 W zygote64: Failed to remove /acct/uid_1002: Permission denied
01-02 01:11:59.861  1187  1187 W zygote64: Failed to remove /acct/uid_1006/pid_920: Device or resource busy
01-02 01:11:59.861  1187  1187 W zygote64: Failed to remove /acct/uid_1006: Permission denied
01-02 01:11:59.861  1187  1187 W zygote64: Failed to remove /acct/uid_1010/pid_594: Device or resource busy
01-02 01:11:59.862  1187  1187 W zygote64: Failed to remove /acct/uid_1010/pid_880: Device or resource busy
01-02 01:11:59.862  1187  1187 W zygote64: Failed to remove /acct/uid_1010: Permission denied
01-02 01:11:59.862  1187  1187 W zygote64: Failed to remove /acct/uid_1013/pid_581: Device or resource busy
01-02 01:11:59.862  1187  1187 W zygote64: Failed to remove /acct/uid_1013/pid_583: Device or resource busy
01-02 01:11:59.862  1187  1187 W zygote64: Failed to remove /acct/uid_1013/pid_584: Device or resource busy
01-02 01:11:59.862  1187  1187 W zygote64: Failed to remove /acct/uid_1013/pid_596: Device or resource busy
01-02 01:11:59.862  1187  1187 W zygote64: Failed to remove /acct/uid_1013/pid_784: Device or resource busy
01-02 01:11:59.862  1187  1187 W zygote64: Failed to remove /acct/uid_1013/pid_813: Device or resource busy
01-02 01:11:59.862  1187  1187 W zygote64: Failed to remove /acct/uid_1013/pid_836: Device or resource busy
01-02 01:11:59.862  1187  1187 W zygote64: Failed to remove /acct/uid_1013/pid_840: Device or resource busy
01-02 01:11:59.862  1187  1187 W zygote64: Failed to remove /acct/uid_1013/pid_846: Device or resource busy
01-02 01:11:59.862  1187  1187 W zygote64: Failed to remove /acct/uid_1013: Permission denied
01-02 01:11:59.862  1187  1187 W zygote64: Failed to remove /acct/uid_1017/pid_835: Device or resource busy
01-02 01:11:59.863  1187  1187 W zygote64: Failed to remove /acct/uid_1017: Permission denied
01-02 01:11:59.863  1187  1187 W zygote64: Failed to remove /acct/uid_1019/pid_831: Device or resource busy
01-02 01:11:59.863  1187  1187 W zygote64: Failed to remove /acct/uid_1019: Permission denied
01-02 01:11:59.863  1187  1187 W zygote64: Failed to remove /acct/uid_1021/pid_598: Device or resource busy
01-02 01:11:59.863  1187  1187 W zygote64: Failed to remove /acct/uid_1021/pid_908: Device or resource busy
01-02 01:11:59.863  1187  1187 W zygote64: Failed to remove /acct/uid_1021: Permission denied
01-02 01:11:59.863  1187  1187 W zygote64: Failed to remove /acct/uid_1036/pid_462: Device or resource busy
01-02 01:11:59.864  1187  1187 W zygote64: Failed to remove /acct/uid_1036: Permission denied
01-02 01:11:59.864  1187  1187 W zygote64: Failed to remove /acct/uid_1040/pid_838: Device or resource busy
01-02 01:11:59.864  1187  1187 W zygote64: Failed to remove /acct/uid_1040: Permission denied
01-02 01:11:59.864  1187  1187 W zygote64: Failed to remove /acct/uid_1041/pid_578: Device or resource busy
01-02 01:11:59.864  1187  1187 W zygote64: Failed to remove /acct/uid_1041/pid_823: Device or resource busy
01-02 01:11:59.864  1187  1187 W zygote64: Failed to remove /acct/uid_1041: Permission denied
01-02 01:11:59.864  1187  1187 W zygote64: Failed to remove /acct/uid_1046/pid_887: Device or resource busy
01-02 01:11:59.864  1187  1187 W zygote64: Failed to remove /acct/uid_1046: Permission denied
01-02 01:11:59.864  1187  1187 W zygote64: Failed to remove /acct/uid_1047/pid_580: Device or resource busy
01-02 01:11:59.864  1187  1187 W zygote64: Failed to remove /acct/uid_1047/pid_829: Device or resource busy
01-02 01:11:59.865  1187  1187 W zygote64: Failed to remove /acct/uid_1047: Permission denied
01-02 01:11:59.865  1187  1187 W zygote64: Failed to remove /acct/uid_1058/pid_935: Device or resource busy
01-02 01:11:59.865  1187  1187 W zygote64: Failed to remove /acct/uid_1058: Permission denied
01-02 01:11:59.865  1187  1187 W zygote64: Failed to remove /acct/uid_2000/pid_634: Device or resource busy
01-02 01:11:59.865  1187  1187 W zygote64: Failed to remove /acct/uid_2000: Permission denied
01-02 01:11:59.867   925   983 W slim_daemon: Waited one second for android.frameworks.sensorservice@1.0::ISensorManager/default. Waiting another...
01-02 01:11:59.868   829   829 W /system/bin/cameraserver: Waited one second for android.hardware.camera.provider@2.4::ICameraProvider/legacy/0. Waiting another...
01-02 01:11:59.868  1187  1187 D AppOps  : AppOpsService published
01-02 01:11:59.869  1187  1187 D SystemServerTiming: StartActivityManager took to complete: 273ms
01-02 01:11:59.869  1187  1187 I SystemServer: StartPowerManager
01-02 01:11:59.869  1187  1187 I SystemServiceManager: Starting com.android.server.power.PowerManagerService
01-02 01:11:59.893  1187  1223 I ServiceThread: Enabled StrictMode logging for PowerManagerService looper.
01-02 01:11:59.904  1187  1187 I libsuspend: Selected wakeup count
01-02 01:11:59.907   590   590 E QCOM PowerHAL: Failed to acquire lock.
01-02 01:11:59.907   590   590 I QTI PowerHAL: Got set_interactive hint
01-02 01:11:59.907   590   590 I QTI PowerHAL: Got set_interactive hint on= 1, count= 1
01-02 01:11:59.907   590   590 E QTI PowerHAL: Error opening /sys/kernel/hbtp/display_pwr: No such file or directory
01-02 01:11:59.912  1187  1187 D SystemServerTiming: StartPowerManager took to complete: 44ms
01-02 01:11:59.913  1187  1187 I SystemServer: InitPowerManagement
01-02 01:11:59.915  1187  1187 D SystemServerTiming: InitPowerManagement took to complete: 2ms
01-02 01:11:59.915  1187  1187 I SystemServer: StartRecoverySystemService
01-02 01:11:59.915  1187  1187 I SystemServiceManager: Starting com.android.server.RecoverySystemService
01-02 01:11:59.917  1187  1187 D SystemServerTiming: StartRecoverySystemService took to complete: 2ms
01-02 01:11:59.918  1187  1187 V RescueParty: Disabled because of active USB connection
01-02 01:11:59.918  1187  1187 I SystemServer: StartLightsService
01-02 01:11:59.919  1187  1187 I SystemServiceManager: Starting com.android.server.lights.LightsService
01-02 01:11:59.919  1187  1187 D SystemServerTiming: StartLightsService took to complete: 0ms
01-02 01:11:59.919  1187  1187 I SystemServer: StartDisplayManager
01-02 01:11:59.919  1187  1187 I SystemServiceManager: Starting com.android.server.display.DisplayManagerService
01-02 01:11:59.923  1187  1187 D SystemServerTiming: StartDisplayManager took to complete: 5ms
01-02 01:11:59.923  1187  1187 I SystemServer: WaitForDisplay
01-02 01:11:59.923  1187  1187 I SystemServiceManager: Starting phase 100
01-02 01:11:59.926   586   783 I SDM     : HWCDisplay::GetColorModeCount: Supported color mode count = 1
01-02 01:11:59.927   586   783 I SDM     : HWCDisplay::GetColorModes: Supports color mode[0] = 0
01-02 01:11:59.928   586   783 I SDM     : HWCDisplay::GetHdrCapabilities: HDR is not supported
01-02 01:11:59.928   586   783 I SDM     : HWCDisplay::GetHdrCapabilities: HDR is not supported
01-02 01:11:59.929  1187  1220 I DisplayManagerService: Display device added: DisplayDeviceInfo{"Built-in Screen": uniqueId="local:0", 1200 x 1920, modeId 1, defaultModeId 1, supportedModes [{id=1, width=1200, height=1920, fps=60.000004}], colorMode 0, supportedColorModes [0], HdrCapabilities android.view.Display$HdrCapabilities@1d6308, density 240, 320.842 x 320.842 dpi, appVsyncOff 1000000, presDeadline 16666666, touch INTERNAL, rotation 0, type BUILT_IN, state UNKNOWN, FLAG_DEFAULT_DISPLAY, FLAG_ROTATES_WITH_CONTENT, FLAG_SECURE, FLAG_SUPPORTS_PROTECTED_BUFFERS}
01-02 01:11:59.930   614   614 D SurfaceFlinger: Set power mode=2, type=0 flinger=0x7590c5f000
01-02 01:11:59.933  1225  1225 I NetUtilsWrapper: Unexpected command: /system/bin/iptables -w -W 10000 -t mangle -D PREROUTING -m mark --mark 0x20 -j ACCEPT
01-02 01:11:59.933  1187  1187 D SystemServerTiming: WaitForDisplay took to complete: 10ms
01-02 01:11:59.933  1187  1220 I DisplayManagerService: Display device changed state: "Built-in Screen", ON
01-02 01:11:59.934  1187  1187 I SystemServer: Regionalization Service
01-02 01:11:59.940  1187  1187 I SystemServer: StartPackageManagerService
01-02 01:11:59.963  1187  1187 D SELinuxMMAC: Using policy file /system/etc/selinux/plat_mac_permissions.xml
01-02 01:11:59.966  1187  1187 D SELinuxMMAC: Using policy file /vendor/etc/selinux/nonplat_mac_permissions.xml
01-02 01:12:00.081  1187  1222 W ProcessCpuTracker: Skipping unknown process pid 1221
01-02 01:12:00.265   923   971 E LocSvc_api_v02: loc_sync_wait_for_ind:458]: slot 0, timed out for ind_id QMI_LOC_INJECT_APDONOTCACHE_DATA_REQ_V02
01-02 01:12:00.265   923   971 E LocSvc_api_v02: loc_sync_send_req:529]: loc_api_wait_for_ind failed, err -110, select id 0, status eLOC_CLIENT_FAILURE_TIMEOUT
01-02 01:12:00.266   923   971 E LocSvc_IzatApiV02: injectApCacheBlacklist:973]: Error : st = 6, ind.status = 0
01-02 01:12:00.266   923   971 E LocSvc_IzatApiV02: injectApCacheBlacklist:984]: inject AP Cache - blacklistto modem failed. 
01-02 01:12:00.266   923   971 I LocSvc_api_v02: ---> locClientSendReq line 2102 QMI_LOC_INJECT_APDONOTCACHE_DATA_REQ_V02
01-02 01:12:00.313  1187  1187 D RegionalizationEnvironment: load packages for Carrier!
01-02 01:12:00.327  1187  1187 D RegionalizationEnvironment: loadExcludedApps!
01-02 01:12:00.327   578  1141 E audio_route: Control 'HPHL Volume' doesn't exist - skipping
01-02 01:12:00.327  1187  1187 D RegionalizationEnvironment: load excluded apps for /vendor/package/Default
01-02 01:12:00.328   578  1141 E audio_route: Control 'HPHR Volume' doesn't exist - skipping
01-02 01:12:00.329   578  1141 E audio_route: Control 'RX2 MIX2 INP2' doesn't exist - skipping
01-02 01:12:00.330   578  1141 E audio_route: Control 'RX1 MIX2 INP2' doesn't exist - skipping
01-02 01:12:00.332   578  1141 E audio_route: Control 'SpkrMono WSA_RDAC' doesn't exist - skipping
01-02 01:12:00.332   578  1141 E audio_route: Control 'SpkrMono BOOST Switch' doesn't exist - skipping
01-02 01:12:00.333   578  1141 E audio_route: Control 'SpkrMono VISENSE Switch' doesn't exist - skipping
01-02 01:12:00.333   578  1141 E audio_route: Control 'ADC1_INP1 Switch' doesn't exist - skipping
01-02 01:12:00.334   578  1141 E audio_route: Control 'PRI_MI2S_RX Port Mixer INT_BT_SCO_TX' doesn't exist - skipping
01-02 01:12:00.336   578  1141 E audio_route: Control 'INTERNAL_BT_SCO_RX Audio Mixer Multimedia6' doesn't exist - skipping
01-02 01:12:00.338   578  1141 E audio_route: Control 'MI2S_DL_HL Switch' doesn't exist - skipping
01-02 01:12:00.339  1187  1243 I PackageParser: Skipping target and overlay pair com.qualcomm.location.XT and null: overlay ignored due to required system property: persist.vendor.overlay.izat.optin with value: rro
01-02 01:12:00.340  1187  1187 W PackageManager: Failed to parse /vendor/overlay/OptInAppOverlay: /vendor/overlay/OptInAppOverlay/OptInAppOverlay.apk (at Binary XML file line #11): null
01-02 01:12:00.340   578  1141 E audio_route: Control 'MI2S_DL_HL Switch' doesn't exist - skipping
01-02 01:12:00.341   578  1141 E audio_route: unknown enum value string 16000 for ctl Internal BTSCO SampleRate
01-02 01:12:00.344   578  1141 E audio_route: Control 'MultiMedia8 Mixer TERT_MI2S_TX' doesn't exist - skipping
01-02 01:12:00.345   578  1141 E audio_route: unknown enum value string 16000 for ctl Internal BTSCO SampleRate
01-02 01:12:00.345   578  1141 E audio_route: unknown enum value string 16000 for ctl Internal BTSCO SampleRate
01-02 01:12:00.346   578  1141 E audio_route: Control 'MI2S_DL_HL Switch' doesn't exist - skipping
01-02 01:12:00.347   578  1141 E audio_route: unknown enum value string 16000 for ctl Internal BTSCO SampleRate
01-02 01:12:00.349   578  1141 E audio_route: unknown enum value string 16000 for ctl Internal BTSCO SampleRate
01-02 01:12:00.353   578  1141 E audio_route: Control 'ADC1_INP1 Switch' doesn't exist - skipping
01-02 01:12:00.355   578  1141 E audio_route: Control 'SpkrMono WSA_RDAC' doesn't exist - skipping
01-02 01:12:00.356   578  1141 E audio_route: Control 'SpkrMono VISENSE Switch' doesn't exist - skipping
01-02 01:12:00.362  1187  1187 W PackageManager: Failed to parse /system/framework/arm: Missing base APK in /system/framework/arm
01-02 01:12:00.363   578  1141 E audio_route: Control 'MI2S_DL_HL Switch' doesn't exist - skipping
01-02 01:12:00.363  1187  1187 W PackageManager: Failed to parse /system/framework/arm64: Missing base APK in /system/framework/arm64
01-02 01:12:00.363  1187  1187 W PackageManager: Failed to parse /system/framework/oat: Missing base APK in /system/framework/oat
01-02 01:12:00.384   578   578 W HwBinder:578_1: type=1400 audit(0.0:16): avc: denied { read } for name="class" dev="sysfs" ino=10 scontext=u:r:hal_audio_default:s0 tcontext=u:object_r:sysfs:s0 tclass=dir permissive=0
01-02 01:12:00.393   578  1141 D msm8916_platform: Opening /sys/class/thermal/thermal_zone0/type
01-02 01:12:00.393   578  1141 D msm8916_platform: Opening /sys/class/thermal/thermal_zone1/type
01-02 01:12:00.393   578  1141 D msm8916_platform: Opening /sys/class/thermal/thermal_zone2/type
01-02 01:12:00.394   578  1141 D msm8916_platform: Opening /sys/class/thermal/thermal_zone3/type
01-02 01:12:00.394   578  1141 D msm8916_platform: Opening /sys/class/thermal/thermal_zone4/type
01-02 01:12:00.395   578  1141 D msm8916_platform: Opening /sys/class/thermal/thermal_zone5/type
01-02 01:12:00.395   578  1141 D msm8916_platform: Opening /sys/class/thermal/thermal_zone6/type
01-02 01:12:00.395   578  1141 D msm8916_platform: Opening /sys/class/thermal/thermal_zone7/type
01-02 01:12:00.396   578  1141 D msm8916_platform: Opening /sys/class/thermal/thermal_zone8/type
01-02 01:12:00.396   578  1141 D msm8916_platform: Opening /sys/class/thermal/thermal_zone9/type
01-02 01:12:00.396   578  1141 D msm8916_platform: Opening /sys/class/thermal/thermal_zone10/type
01-02 01:12:00.396   578  1141 D msm8916_platform: Opening /sys/class/thermal/thermal_zone11/type
01-02 01:12:00.397   578  1141 D msm8916_platform: Opening /sys/class/thermal/thermal_zone12/type
01-02 01:12:00.397   578  1141 D msm8916_platform: Opening /sys/class/thermal/thermal_zone13/type
01-02 01:12:00.398   578  1141 D msm8916_platform: Opening /sys/class/thermal/thermal_zone14/type
01-02 01:12:00.398   578  1141 D msm8916_platform: Opening /sys/class/thermal/thermal_zone15/type
01-02 01:12:00.398   578  1141 D msm8916_platform: Opening /sys/class/thermal/thermal_zone16/type
01-02 01:12:00.399   578  1141 D msm8916_platform: Opening /sys/class/thermal/thermal_zone17/type
01-02 01:12:00.399   578  1141 D msm8916_platform: Opening /sys/class/thermal/thermal_zone18/type
01-02 01:12:00.399   578  1141 D msm8916_platform: Opening /sys/class/thermal/thermal_zone19/type
01-02 01:12:00.400   578  1141 D msm8916_platform: Opening /sys/class/thermal/thermal_zone20/type
01-02 01:12:00.400   578  1141 D msm8916_platform: Opening /sys/class/thermal/thermal_zone21/type
01-02 01:12:00.400   578  1141 D msm8916_platform: Opening /sys/class/thermal/thermal_zone22/type
01-02 01:12:00.401   578  1141 D msm8916_platform: Opening /sys/class/thermal/thermal_zone23/type
01-02 01:12:00.401   578  1141 D msm8916_platform: Opening /sys/class/thermal/thermal_zone24/type
01-02 01:12:00.401   578  1141 D audio_hw_extn: audio_extn_can_use_vbat: vbat.enabled property is set to 0
01-02 01:12:00.401   578  1141 D msm8916_platform: Alac software decoder is available...removing alac from DSP decoder list
01-02 01:12:00.402   578  1141 D msm8916_platform: APE software decoder is available...removing ape from DSP decoder list
01-02 01:12:00.402   578  1141 D msm8916_platform: platform_set_audio_device_interface: Enter, device name:AUDIO_DEVICE_IN_BUILTIN_MIC, intf name:SLIMBUS_0, codec_type:external
01-02 01:12:00.402   578  1141 E msm8916_platform: Invalid codec_type specified. Ignoring this interface entry.
01-02 01:12:00.402   578  1141 D msm8916_platform: platform_set_audio_device_interface: Enter, device name:AUDIO_DEVICE_IN_BACK_MIC, intf name:SLIMBUS_0, codec_type:external
01-02 01:12:00.402   578  1141 E msm8916_platform: Invalid codec_type specified. Ignoring this interface entry.
01-02 01:12:00.402   578  1141 D msm8916_platform: platform_set_audio_device_interface: Enter, device name:AUDIO_DEVICE_IN_BUILTIN_MIC, intf name:TERT_MI2S, codec_type:internal
01-02 01:12:00.402   578  1141 D msm8916_platform: platform_set_audio_device_interface: Matched device name:AUDIO_DEVICE_IN_BUILTIN_MIC, overwrite intf name with TERT_MI2S
01-02 01:12:00.402   578  1141 D msm8916_platform: platform_set_audio_device_interface: Enter, device name:AUDIO_DEVICE_IN_BACK_MIC, intf name:TERT_MI2S, codec_type:internal
01-02 01:12:00.402   578  1141 D msm8916_platform: platform_set_audio_device_interface: Matched device name:AUDIO_DEVICE_IN_BACK_MIC, overwrite intf name with TERT_MI2S
01-02 01:12:00.402   578  1141 D msm8916_platform: platform_set_snd_device_backend: backend_tag_table[headphones]: old = null new = (null)
01-02 01:12:00.402   578  1141 D msm8916_platform: platform_set_snd_device_backend: hw_interface_table[9] = PRI_MI2S_RX
01-02 01:12:00.402   578  1141 D msm8916_platform: platform_set_snd_device_backend: backend_tag_table[bt-sco-headset-wb]: old = bt-sco-wb new = (null)
01-02 01:12:00.403   578  1141 D msm8916_platform: platform_set_snd_device_backend: hw_interface_table[30] = INTERNAL_BT_SCO_RX
01-02 01:12:00.403   578  1141 D msm8916_platform: platform_set_snd_device_backend: backend_tag_table[bt-sco-headset]: old = bt-sco new = (null)
01-02 01:12:00.403   578  1141 D msm8916_platform: platform_set_snd_device_backend: hw_interface_table[29] = INTERNAL_BT_SCO_RX
01-02 01:12:00.403   578  1141 D msm8916_platform: platform_set_snd_device_backend: backend_tag_table[line]: old = null new = (null)
01-02 01:12:00.403   578  1141 D msm8916_platform: platform_set_snd_device_backend: hw_interface_table[8] = PRI_MI2S_RX
01-02 01:12:00.403   578  1141 D msm8916_platform: platform_set_snd_device_backend: backend_tag_table[anc-headphones]: old = null new = (null)
01-02 01:12:00.403   578  1141 D msm8916_platform: platform_set_snd_device_backend: hw_interface_table[46] = PRI_MI2S_RX
01-02 01:12:00.403   578  1141 D msm8916_platform: platform_set_snd_device_backend: backend_tag_table[speaker-and-headphones]: old = null new = (null)
01-02 01:12:00.403   578  1141 D msm8916_platform: platform_set_snd_device_backend: hw_interface_table[12] = PRI_MI2S_RX
01-02 01:12:00.403   578  1141 D msm8916_platform: platform_set_snd_device_backend: backend_tag_table[speaker-and-line]: old = null new = (null)
01-02 01:12:00.403   578  1141 D msm8916_platform: platform_set_snd_device_backend: hw_interface_table[13] = PRI_MI2S_RX
01-02 01:12:00.403   578  1141 D msm8916_platform: platform_set_snd_device_backend: backend_tag_table[speaker-and-anc-headphones]: old = null new = (null)
01-02 01:12:00.403   578  1141 D msm8916_platform: platform_set_snd_device_backend: hw_interface_table[50] = PRI_MI2S_RX
01-02 01:12:00.403   578  1141 D msm8916_platform: platform_set_snd_device_backend: backend_tag_table[voice-headphones]: old = null new = (null)
01-02 01:12:00.403   578  1141 D msm8916_platform: platform_set_snd_device_backend: hw_interface_table[23] = PRI_MI2S_RX
01-02 01:12:00.403   578  1141 D msm8916_platform: platform_set_snd_device_backend: backend_tag_table[voice-anc-headphones]: old = null new = (null)
01-02 01:12:00.403   578  1141 D msm8916_platform: platform_set_snd_device_backend: hw_interface_table[48] = PRI_MI2S_RX
01-02 01:12:00.403   578  1141 D msm8916_platform: platform_set_snd_device_backend: backend_tag_table[voice-line]: old = null new = (null)
01-02 01:12:00.403   578  1141 D msm8916_platform: platform_set_snd_device_backend: hw_interface_table[24] = PRI_MI2S_RX
01-02 01:12:00.403   578  1141 D msm8916_platform: platform_set_snd_device_backend: backend_tag_table[voice-tty-full-headphones]: old = null new = (null)
01-02 01:12:00.403   578  1141 D msm8916_platform: platform_set_snd_device_backend: hw_interface_table[35] = PRI_MI2S_RX
01-02 01:12:00.403   578  1141 D msm8916_platform: platform_set_snd_device_backend: backend_tag_table[voice-tty-vco-headphones]: old = null new = (null)
01-02 01:12:00.403   578  1141 D msm8916_platform: platform_set_snd_device_backend: hw_interface_table[36] = PRI_MI2S_RX
01-02 01:12:00.403   578  1141 D msm8916_platform: platform_set_snd_device_backend: backend_tag_table[handset]: old = null new = (null)
01-02 01:12:00.404   578  1141 D msm8916_platform: platform_set_snd_device_backend: hw_interface_table[1] = PRI_MI2S_RX
01-02 01:12:00.404   578  1141 D msm8916_platform: platform_set_snd_device_backend: backend_tag_table[speaker]: old = null new = (null)
01-02 01:12:00.404   578  1141 D msm8916_platform: platform_set_snd_device_backend: hw_interface_table[2] = PRI_MI2S_RX
01-02 01:12:00.404   578  1141 D msm8916_platform: platform_set_snd_device_backend: backend_tag_table[speaker-reverse]: old = null new = (null)
01-02 01:12:00.404   578  1141 D msm8916_platform: platform_set_snd_device_backend: hw_interface_table[5] = PRI_MI2S_RX
01-02 01:12:00.404   578  1141 D msm8916_platform: platform_set_snd_device_backend: backend_tag_table[vbat-speaker]: old = null new = (null)
01-02 01:12:00.404   578  1141 D msm8916_platform: platform_set_snd_device_backend: hw_interface_table[7] = PRI_MI2S_RX
01-02 01:12:00.404   578  1141 D msm8916_platform: platform_set_snd_device_backend: backend_tag_table[voice-handset]: old = null new = (null)
01-02 01:12:00.404   578  1141 D msm8916_platform: platform_set_snd_device_backend: hw_interface_table[16] = PRI_MI2S_RX
01-02 01:12:00.404   578  1141 D msm8916_platform: platform_set_snd_device_backend: backend_tag_table[voice-speaker]: old = null new = (null)
01-02 01:12:00.404   578  1141 D msm8916_platform: platform_set_snd_device_backend: hw_interface_table[17] = PRI_MI2S_RX
01-02 01:12:00.404   578  1141 D msm8916_platform: platform_set_snd_device_backend: backend_tag_table[vbat-voice-speaker]: old = vbat-voice-speaker new = (null)
01-02 01:12:00.404   578  1141 D msm8916_platform: platform_set_snd_device_backend: hw_interface_table[19] = PRI_MI2S_RX
01-02 01:12:00.404   578  1141 D msm8916_platform: platform_set_snd_device_backend: backend_tag_table[voice-speaker-2]: old = null new = (null)
01-02 01:12:00.404   578  1141 D msm8916_platform: platform_set_snd_device_backend: hw_interface_table[20] = PRI_MI2S_RX
01-02 01:12:00.404   578  1141 D msm8916_platform: platform_set_snd_device_backend: backend_tag_table[vbat-voice-speaker-2]: old = vbat-voice-speaker-2 new = (null)
01-02 01:12:00.404   578  1141 D msm8916_platform: platform_set_snd_device_backend: hw_interface_table[22] = PRI_MI2S_RX
01-02 01:12:00.404   578  1141 D msm8916_platform: platform_set_snd_device_backend: backend_tag_table[voice-tty-hco-handset]: old = null new = (null)
01-02 01:12:00.404   578  1141 D msm8916_platform: platform_set_snd_device_backend: hw_interface_table[37] = PRI_MI2S_RX
01-02 01:12:00.404   578  1141 D msm8916_platform: platform_set_snd_device_backend: backend_tag_table[anc-fb-headphones]: old = null new = (null)
01-02 01:12:00.404   578  1141 D msm8916_platform: platform_set_snd_device_backend: hw_interface_table[47] = PRI_MI2S_RX
01-02 01:12:00.404   578  1141 D msm8916_platform: platform_set_snd_device_backend: backend_tag_table[voice-anc-fb-headphones]: old = null new = (null)
01-02 01:12:00.404   578  1141 D msm8916_platform: platform_set_snd_device_backend: hw_interface_table[49] = PRI_MI2S_RX
01-02 01:12:00.404   578  1141 D msm8916_platform: platform_set_snd_device_backend: backend_tag_table[anc-handset]: old = null new = (null)
01-02 01:12:00.405   578  1141 D msm8916_platform: platform_set_snd_device_backend: hw_interface_table[51] = PRI_MI2S_RX
01-02 01:12:00.405   578  1141 D msm8916_platform: platform_set_snd_device_backend: backend_tag_table[speaker-protected]: old = null new = (null)
01-02 01:12:00.405   578  1141 D msm8916_platform: platform_set_snd_device_backend: hw_interface_table[52] = PRI_MI2S_RX
01-02 01:12:00.405   578  1141 D msm8916_platform: platform_set_snd_device_backend: backend_tag_table[voice-speaker-protected]: old = null new = (null)
01-02 01:12:00.405   578  1141 D msm8916_platform: platform_set_snd_device_backend: hw_interface_table[53] = PRI_MI2S_RX
01-02 01:12:00.405   578  1141 D msm8916_platform: platform_set_snd_device_backend: backend_tag_table[voice-speaker-2-protected]: old = null new = (null)
01-02 01:12:00.405   578  1141 D msm8916_platform: platform_set_snd_device_backend: hw_interface_table[54] = PRI_MI2S_RX
01-02 01:12:00.405   578  1141 D msm8916_platform: platform_set_snd_device_backend: backend_tag_table[speaker-protected-vbat]: old = null new = (null)
01-02 01:12:00.405   578  1141 D msm8916_platform: platform_set_snd_device_backend: hw_interface_table[55] = PRI_MI2S_RX
01-02 01:12:00.405   578  1141 D msm8916_platform: platform_set_snd_device_backend: backend_tag_table[voice-speaker-protected-vbat]: old = null new = (null)
01-02 01:12:00.405   578  1141 D msm8916_platform: platform_set_snd_device_backend: hw_interface_table[56] = PRI_MI2S_RX
01-02 01:12:00.405   578  1141 D msm8916_platform: platform_set_snd_device_backend: backend_tag_table[voice-speaker-2-protected-vbat]: old = null new = (null)
01-02 01:12:00.405   578  1141 D msm8916_platform: platform_set_snd_device_backend: hw_interface_table[57] = PRI_MI2S_RX
01-02 01:12:00.405   578  1141 D msm8916_platform: platform_set_snd_device_backend: backend_tag_table[wsa-speaker]: old = null new = (null)
01-02 01:12:00.405   578  1141 D msm8916_platform: platform_set_snd_device_backend: hw_interface_table[6] = PRI_MI2S_RX
01-02 01:12:00.405   578  1141 D msm8916_platform: platform_set_snd_device_backend: backend_tag_table[wsa-voice-speaker]: old = null new = (null)
01-02 01:12:00.405   578  1141 D msm8916_platform: platform_set_snd_device_backend: hw_interface_table[18] = PRI_MI2S_RX
01-02 01:12:00.405   578  1141 D msm8916_platform: platform_set_snd_device_backend: backend_tag_table[wsa-voice-speaker-2]: old = null new = (null)
01-02 01:12:00.405   578  1141 D msm8916_platform: platform_set_snd_device_backend: hw_interface_table[21] = PRI_MI2S_RX
01-02 01:12:00.405   578  1141 D msm8916_platform: platform_set_snd_device_backend: backend_tag_table[handset-mic]: old = null new = (null)
01-02 01:12:00.405   578  1141 D msm8916_platform: platform_set_snd_device_backend: hw_interface_table[62] = TERT_MI2S_TX
01-02 01:12:00.405   578  1141 D msm8916_platform: platform_set_snd_device_backend: backend_tag_table[handset-mic-ext]: old = null new = (null)
01-02 01:12:00.405   578  1141 D msm8916_platform: platform_set_snd_device_backend: hw_interface_table[63] = TERT_MI2S_TX
01-02 01:12:00.406   578  1141 D msm8916_platform: platform_set_snd_device_backend: backend_tag_table[handset-mic]: old = null new = (null)
01-02 01:12:00.406   578  1141 D msm8916_platform: platform_set_snd_device_backend: hw_interface_table[64] = TERT_MI2S_TX
01-02 01:12:00.406   578  1141 D msm8916_platform: platform_set_snd_device_backend: backend_tag_table[handset-mic]: old = null new = (null)
01-02 01:12:00.406   578  1141 D msm8916_platform: platform_set_snd_device_backend: hw_interface_table[65] = TERT_MI2S_TX
01-02 01:12:00.406   578  1141 D msm8916_platform: platform_set_snd_device_backend: backend_tag_table[handset-mic]: old = null new = (null)
01-02 01:12:00.406   578  1141 D msm8916_platform: platform_set_snd_device_backend: hw_interface_table[66] = TERT_MI2S_TX
01-02 01:12:00.406   578  1141 D msm8916_platform: platform_set_snd_device_backend: backend_tag_table[dmic-endfire]: old = null new = (null)
01-02 01:12:00.406   578  1141 D msm8916_platform: platform_set_snd_device_backend: hw_interface_table[67] = TERT_MI2S_TX
01-02 01:12:00.406   578  1141 D msm8916_platform: platform_set_snd_device_backend: backend_tag_table[dmic-endfire]: old = null new = (null)
01-02 01:12:00.406   578  1141 D msm8916_platform: platform_set_snd_device_backend: hw_interface_table[68] = TERT_MI2S_TX
01-02 01:12:00.406   578  1141 D msm8916_platform: platform_set_snd_device_backend: backend_tag_table[dmic-endfire]: old = null new = (null)
01-02 01:12:00.406   578  1141 D msm8916_platform: platform_set_snd_device_backend: hw_interface_table[69] = TERT_MI2S_TX
01-02 01:12:00.406   578  1141 D msm8916_platform: platform_set_snd_device_backend: backend_tag_table[dmic-endfire]: old = null new = (null)
01-02 01:12:00.406   578  1141 D msm8916_platform: platform_set_snd_device_backend: hw_interface_table[70] = TERT_MI2S_TX
01-02 01:12:00.406   578  1141 D msm8916_platform: platform_set_snd_device_backend: backend_tag_table[speaker-mic]: old = null new = (null)
01-02 01:12:00.406   578  1141 D msm8916_platform: platform_set_snd_device_backend: hw_interface_table[71] = TERT_MI2S_TX
01-02 01:12:00.406   578  1141 D msm8916_platform: platform_set_snd_device_backend: backend_tag_table[speaker-mic]: old = null new = (null)
01-02 01:12:00.406   578  1141 D msm8916_platform: platform_set_snd_device_backend: hw_interface_table[72] = TERT_MI2S_TX
01-02 01:12:00.406   578  1141 D msm8916_platform: platform_set_snd_device_backend: backend_tag_table[speaker-mic]: old = null new = (null)
01-02 01:12:00.406   578  1141 D msm8916_platform: platform_set_snd_device_backend: hw_interface_table[73] = TERT_MI2S_TX
01-02 01:12:00.406   578  1141 D msm8916_platform: platform_set_snd_device_backend: backend_tag_table[speaker-mic]: old = null new = (null)
01-02 01:12:00.406   578  1141 D msm8916_platform: platform_set_snd_device_backend: hw_interface_table[74] = TERT_MI2S_TX
01-02 01:12:00.406   578  1141 D msm8916_platform: platform_set_snd_device_backend: backend_tag_table[speaker-dmic-endfire]: old = null new = (null)
01-02 01:12:00.407   578  1141 D msm8916_platform: platform_set_snd_device_backend: hw_interface_table[75] = TERT_MI2S_TX
01-02 01:12:00.407   578  1141 D msm8916_platform: platform_set_snd_device_backend: backend_tag_table[speaker-dmic-endfire]: old = null new = (null)
01-02 01:12:00.407   578  1141 D msm8916_platform: platform_set_snd_device_backend: hw_interface_table[76] = TERT_MI2S_TX
01-02 01:12:00.407   578  1141 D msm8916_platform: platform_set_snd_device_backend: backend_tag_table[speaker-dmic-endfire]: old = null new = (null)
01-02 01:12:00.407   578  1141 D msm8916_platform: platform_set_snd_device_backend: hw_interface_table[77] = TERT_MI2S_TX
01-02 01:12:00.407   578  1141 D msm8916_platform: platform_set_snd_device_backend: backend_tag_table[speaker-dmic-endfire]: old = null new = (null)
01-02 01:12:00.407   578  1141 D msm8916_platform: platform_set_snd_device_backend: hw_interface_table[78] = TERT_MI2S_TX
01-02 01:12:00.407   578  1141 D msm8916_platform: platform_set_snd_device_backend: backend_tag_table[headset-mic]: old = null new = (null)
01-02 01:12:00.407   578  1141 D msm8916_platform: platform_set_snd_device_backend: hw_interface_table[79] = TERT_MI2S_TX
01-02 01:12:00.407   578  1141 D msm8916_platform: platform_set_snd_device_backend: backend_tag_table[headset-mic]: old = null new = (null)
01-02 01:12:00.407   578  1141 D msm8916_platform: platform_set_snd_device_backend: hw_interface_table[80] = TERT_MI2S_TX
01-02 01:12:00.407   578  1141 D msm8916_platform: platform_set_snd_device_backend: backend_tag_table[voice-speaker-mic]: old = null new = (null)
01-02 01:12:00.407   578  1141 D msm8916_platform: platform_set_snd_device_backend: hw_interface_table[81] = TERT_MI2S_TX
01-02 01:12:00.407   578  1141 D msm8916_platform: platform_set_snd_device_backend: backend_tag_table[voice-headset-mic]: old = null new = (null)
01-02 01:12:00.407   578  1141 D msm8916_platform: platform_set_snd_device_backend: hw_interface_table[82] = TERT_MI2S_TX
01-02 01:12:00.407   578  1141 D msm8916_platform: platform_set_snd_device_backend: backend_tag_table[camcorder-mic]: old = null new = (null)
01-02 01:12:00.407   578  1141 D msm8916_platform: platform_set_snd_device_backend: hw_interface_table[88] = TERT_MI2S_TX
01-02 01:12:00.407   578  1141 D msm8916_platform: platform_set_snd_device_backend: backend_tag_table[voice-dmic-ef]: old = null new = (null)
01-02 01:12:00.407   578  1141 D msm8916_platform: platform_set_snd_device_backend: hw_interface_table[89] = TERT_MI2S_TX
01-02 01:12:00.407   578  1141 D msm8916_platform: platform_set_snd_device_backend: backend_tag_table[voice-speaker-dmic-ef]: old = null new = (null)
01-02 01:12:00.407   578  1141 D msm8916_platform: platform_set_snd_device_backend: hw_interface_table[90] = TERT_MI2S_TX
01-02 01:12:00.408   578  1141 D msm8916_platform: platform_set_snd_device_backend: backend_tag_table[voice-speaker-qmic]: old = null new = (null)
01-02 01:12:00.408   578  1141 D msm8916_platform: platform_set_snd_device_backend: hw_interface_table[91] = TERT_MI2S_TX
01-02 01:12:00.408   578  1141 D msm8916_platform: platform_set_snd_device_backend: backend_tag_table[voice-tty-full-headset-mic]: old = null new = (null)
01-02 01:12:00.408   578  1141 D msm8916_platform: platform_set_snd_device_backend: hw_interface_table[92] = TERT_MI2S_TX
01-02 01:12:00.408   578  1141 D msm8916_platform: platform_set_snd_device_backend: backend_tag_table[voice-tty-vco-handset-mic]: old = null new = (null)
01-02 01:12:00.408   578  1141 D msm8916_platform: platform_set_snd_device_backend: hw_interface_table[93] = TERT_MI2S_TX
01-02 01:12:00.408   578  1141 D msm8916_platform: platform_set_snd_device_backend: backend_tag_table[voice-tty-hco-headset-mic]: old = null new = (null)
01-02 01:12:00.408   578  1141 D msm8916_platform: platform_set_snd_device_backend: hw_interface_table[94] = TERT_MI2S_TX
01-02 01:12:00.408   578  1141 D msm8916_platform: platform_set_snd_device_backend: backend_tag_table[voice-rec-mic]: old = null new = (null)
01-02 01:12:00.408   578  1141 D msm8916_platform: platform_set_snd_device_backend: hw_interface_table[95] = TERT_MI2S_TX
01-02 01:12:00.408   578  1141 D msm8916_platform: platform_set_snd_device_backend: backend_tag_table[voice-rec-mic]: old = null new = (null)
01-02 01:12:00.408   578  1141 D msm8916_platform: platform_set_snd_device_backend: hw_interface_table[96] = TERT_MI2S_TX
01-02 01:12:00.408   578  1141 D msm8916_platform: platform_set_snd_device_backend: backend_tag_table[voice-rec-dmic-ef]: old = null new = (null)
01-02 01:12:00.408   578  1141 D msm8916_platform: platform_set_snd_device_backend: hw_interface_table[97] = TERT_MI2S_TX
01-02 01:12:00.408   578  1141 D msm8916_platform: platform_set_snd_device_backend: backend_tag_table[voice-rec-dmic-ef-fluence]: old = null new = (null)
01-02 01:12:00.408   578  1141 D msm8916_platform: platform_set_snd_device_backend: hw_interface_table[98] = TERT_MI2S_TX
01-02 01:12:00.408   578  1141 D msm8916_platform: platform_set_snd_device_backend: backend_tag_table[aanc-handset-mic]: old = null new = (null)
01-02 01:12:00.408   578  1141 D msm8916_platform: platform_set_snd_device_backend: hw_interface_table[106] = TERT_MI2S_TX
01-02 01:12:00.408   578  1141 D msm8916_platform: platform_set_snd_device_backend: backend_tag_table[quad-mic]: old = null new = (null)
01-02 01:12:00.408   578  1141 D msm8916_platform: platform_set_snd_device_backend: hw_interface_table[107] = TERT_MI2S_TX
01-02 01:12:00.408   578  1141 D msm8916_platform: platform_set_snd_device_backend: backend_tag_table[handset-stereo-dmic-ef]: old = null new = (null)
01-02 01:12:00.408   578  1141 D msm8916_platform: platform_set_snd_device_backend: hw_interface_table[108] = TERT_MI2S_TX
01-02 01:12:00.409   578  1141 D msm8916_platform: platform_set_snd_device_backend: backend_tag_table[speaker-stereo-dmic-ef]: old = null new = (null)
01-02 01:12:00.409   578  1141 D msm8916_platform: platform_set_snd_device_backend: hw_interface_table[109] = TERT_MI2S_TX
01-02 01:12:00.409   578  1141 D msm8916_platform: platform_set_snd_device_backend: backend_tag_table[vi-feedback]: old = null new = (null)
01-02 01:12:00.409   578  1141 D msm8916_platform: platform_set_snd_device_backend: hw_interface_table[110] = SENARY_MI2S_TX
01-02 01:12:00.409   578  1141 D msm8916_platform: platform_set_snd_device_backend: backend_tag_table[vi-feedback-mono-1]: old = null new = (null)
01-02 01:12:00.409   578  1141 D msm8916_platform: platform_set_snd_device_backend: hw_interface_table[111] = SENARY_MI2S_TX
01-02 01:12:00.409   578  1141 D msm8916_platform: platform_set_snd_device_backend: backend_tag_table[vi-feedback-mono-2]: old = null new = (null)
01-02 01:12:00.409   578  1141 D msm8916_platform: platform_set_snd_device_backend: hw_interface_table[112] = SENARY_MI2S_TX
01-02 01:12:00.409   578  1141 D msm8916_platform: platform_set_snd_device_backend: backend_tag_table[voice-speaker-dmic-broadside]: old = null new = (null)
01-02 01:12:00.409   578  1141 D msm8916_platform: platform_set_snd_device_backend: hw_interface_table[113] = TERT_MI2S_TX
01-02 01:12:00.409   578  1141 D msm8916_platform: platform_set_snd_device_backend: backend_tag_table[speaker-dmic-broadside]: old = null new = (null)
01-02 01:12:00.409   578  1141 D msm8916_platform: platform_set_snd_device_backend: hw_interface_table[114] = TERT_MI2S_TX
01-02 01:12:00.409   578  1141 D msm8916_platform: platform_set_snd_device_backend: backend_tag_table[speaker-dmic-broadside]: old = null new = (null)
01-02 01:12:00.409   578  1141 D msm8916_platform: platform_set_snd_device_backend: hw_interface_table[115] = TERT_MI2S_TX
01-02 01:12:00.409   578  1141 D msm8916_platform: platform_set_snd_device_backend: backend_tag_table[speaker-dmic-broadside]: old = null new = (null)
01-02 01:12:00.409   578  1141 D msm8916_platform: platform_set_snd_device_backend: hw_interface_table[116] = TERT_MI2S_TX
01-02 01:12:00.409   578  1141 D msm8916_platform: platform_set_snd_device_backend: backend_tag_table[speaker-dmic-broadside]: old = null new = (null)
01-02 01:12:00.409   578  1141 D msm8916_platform: platform_set_snd_device_backend: hw_interface_table[117] = TERT_MI2S_TX
01-02 01:12:00.409   578  1141 D msm8916_platform: platform_set_snd_device_backend: backend_tag_table[aanc-fluence-dmic-handset]: old = null new = (null)
01-02 01:12:00.409   578  1141 D msm8916_platform: platform_set_snd_device_backend: hw_interface_table[118] = TERT_MI2S_TX
01-02 01:12:00.409   578  1141 D msm8916_platform: platform_set_snd_device_backend: backend_tag_table[quad-mic]: old = null new = (null)
01-02 01:12:00.409   578  1141 D msm8916_platform: platform_set_snd_device_backend: hw_interface_table[119] = TERT_MI2S_TX
01-02 01:12:00.410   578  1141 D msm8916_platform: platform_set_snd_device_backend: backend_tag_table[quad-mic]: old = null new = (null)
01-02 01:12:00.410   578  1141 D msm8916_platform: platform_set_snd_device_backend: hw_interface_table[120] = TERT_MI2S_TX
01-02 01:12:00.410   578  1141 D msm8916_platform: platform_set_snd_device_backend: backend_tag_table[quad-mic]: old = null new = (null)
01-02 01:12:00.410   578  1141 D msm8916_platform: platform_set_snd_device_backend: hw_interface_table[121] = TERT_MI2S_TX
01-02 01:12:00.410   578  1141 D msm8916_platform: platform_set_snd_device_backend: backend_tag_table[quad-mic]: old = null new = (null)
01-02 01:12:00.410   578  1141 D msm8916_platform: platform_set_snd_device_backend: hw_interface_table[122] = TERT_MI2S_TX
01-02 01:12:00.410   578  1141 D msm8916_platform: platform_set_snd_device_backend: backend_tag_table[three-mic]: old = null new = (null)
